[2025-10-17T12:00:07.414+0000] {local_task_job_runner.py:123} INFO - ::group::Pre task execution logs
[2025-10-17T12:00:07.428+0000] {taskinstance.py:2613} INFO - Dependencies all met for dep_context=non-requeueable deps ti=<TaskInstance: etl_pipeline_JO.load_task scheduled__2025-10-17T11:00:00+00:00 [queued]>
[2025-10-17T12:00:07.436+0000] {taskinstance.py:2613} INFO - Dependencies all met for dep_context=requeueable deps ti=<TaskInstance: etl_pipeline_JO.load_task scheduled__2025-10-17T11:00:00+00:00 [queued]>
[2025-10-17T12:00:07.437+0000] {taskinstance.py:2866} INFO - Starting attempt 1 of 1
[2025-10-17T12:00:07.449+0000] {taskinstance.py:2889} INFO - Executing <Task(PythonOperator): load_task> on 2025-10-17 11:00:00+00:00
[2025-10-17T12:00:07.457+0000] {logging_mixin.py:190} WARNING - /home/***/.local/lib/python3.12/site-packages/***/task/task_runner/standard_task_runner.py:70 DeprecationWarning: This process (pid=3493) is multi-threaded, use of fork() may lead to deadlocks in the child.
[2025-10-17T12:00:07.458+0000] {standard_task_runner.py:72} INFO - Started process 3495 to run task
[2025-10-17T12:00:07.457+0000] {standard_task_runner.py:104} INFO - Running: ['***', 'tasks', 'run', 'etl_pipeline_JO', 'load_task', 'scheduled__2025-10-17T11:00:00+00:00', '--job-id', '429', '--raw', '--subdir', 'DAGS_FOLDER/JO_dag.py', '--cfg-path', '/tmp/tmp_h8cjt1y']
[2025-10-17T12:00:07.459+0000] {standard_task_runner.py:105} INFO - Job 429: Subtask load_task
[2025-10-17T12:00:07.496+0000] {task_command.py:467} INFO - Running <TaskInstance: etl_pipeline_JO.load_task scheduled__2025-10-17T11:00:00+00:00 [running]> on host f51d7bc0ac73
[2025-10-17T12:00:07.573+0000] {taskinstance.py:3132} INFO - Exporting env vars: AIRFLOW_CTX_DAG_OWNER='***' AIRFLOW_CTX_DAG_ID='etl_pipeline_JO' AIRFLOW_CTX_TASK_ID='load_task' AIRFLOW_CTX_EXECUTION_DATE='2025-10-17T11:00:00+00:00' AIRFLOW_CTX_TRY_NUMBER='1' AIRFLOW_CTX_DAG_RUN_ID='scheduled__2025-10-17T11:00:00+00:00'
[2025-10-17T12:00:07.574+0000] {taskinstance.py:731} INFO - ::endgroup::
[2025-10-17T12:00:07.890+0000] {logging_mixin.py:190} WARNING - /opt/***/dags/JO_dag.py:60 FutureWarning: Passing literal json to 'read_json' is deprecated and will be removed in a future version. To read from a literal string, wrap it in a 'StringIO' object.
[2025-10-17T12:00:08.445+0000] {logging_mixin.py:190} INFO - Aucune nouvelle ligne à insérer.
[2025-10-17T12:00:08.460+0000] {python.py:240} INFO - Done. Returned value was: None
[2025-10-17T12:00:08.468+0000] {taskinstance.py:340} INFO - ::group::Post task execution logs
[2025-10-17T12:00:08.468+0000] {taskinstance.py:352} INFO - Marking task as SUCCESS. dag_id=etl_pipeline_JO, task_id=load_task, run_id=scheduled__2025-10-17T11:00:00+00:00, execution_date=20251017T110000, start_date=20251017T120007, end_date=20251017T120008
[2025-10-17T12:00:08.516+0000] {local_task_job_runner.py:266} INFO - Task exited with return code 0
[2025-10-17T12:00:08.531+0000] {taskinstance.py:3895} INFO - 0 downstream tasks scheduled from follow-on schedule check
[2025-10-17T12:00:08.533+0000] {local_task_job_runner.py:245} INFO - ::endgroup::
