[2025-09-15T08:35:08.176+0000] {processor.py:186} INFO - Started process (PID=219) to work on /opt/airflow/dags/JO_dag.py
[2025-09-15T08:35:08.177+0000] {processor.py:914} INFO - Processing file /opt/airflow/dags/JO_dag.py for tasks to queue
[2025-09-15T08:35:08.182+0000] {logging_mixin.py:190} INFO - [2025-09-15T08:35:08.181+0000] {dagbag.py:588} INFO - Filling up the DagBag from /opt/airflow/dags/JO_dag.py
[2025-09-15T08:35:09.233+0000] {processor.py:925} INFO - DAG(s) 'etl_pipeline_JO' retrieved from /opt/airflow/dags/JO_dag.py
[2025-09-15T08:35:09.265+0000] {logging_mixin.py:190} INFO - [2025-09-15T08:35:09.264+0000] {dag.py:3239} INFO - Sync 1 DAGs
[2025-09-15T08:35:09.296+0000] {logging_mixin.py:190} INFO - [2025-09-15T08:35:09.296+0000] {dag.py:4180} INFO - Setting next_dagrun for etl_pipeline_JO to 2025-09-15 08:00:00+00:00, run_after=2025-09-15 09:00:00+00:00
[2025-09-15T08:35:09.320+0000] {processor.py:208} INFO - Processing /opt/airflow/dags/JO_dag.py took 1.155 seconds
[2025-09-15T08:35:39.729+0000] {processor.py:186} INFO - Started process (PID=258) to work on /opt/airflow/dags/JO_dag.py
[2025-09-15T08:35:39.731+0000] {processor.py:914} INFO - Processing file /opt/airflow/dags/JO_dag.py for tasks to queue
[2025-09-15T08:35:39.734+0000] {logging_mixin.py:190} INFO - [2025-09-15T08:35:39.734+0000] {dagbag.py:588} INFO - Filling up the DagBag from /opt/airflow/dags/JO_dag.py
[2025-09-15T08:35:40.298+0000] {processor.py:925} INFO - DAG(s) 'etl_pipeline_JO' retrieved from /opt/airflow/dags/JO_dag.py
[2025-09-15T08:35:40.326+0000] {logging_mixin.py:190} INFO - [2025-09-15T08:35:40.325+0000] {dag.py:3239} INFO - Sync 1 DAGs
[2025-09-15T08:35:40.352+0000] {logging_mixin.py:190} INFO - [2025-09-15T08:35:40.352+0000] {dag.py:4180} INFO - Setting next_dagrun for etl_pipeline_JO to 2025-09-15 08:00:00+00:00, run_after=2025-09-15 09:00:00+00:00
[2025-09-15T08:35:40.371+0000] {processor.py:208} INFO - Processing /opt/airflow/dags/JO_dag.py took 0.648 seconds
[2025-09-15T08:36:10.852+0000] {processor.py:186} INFO - Started process (PID=275) to work on /opt/airflow/dags/JO_dag.py
[2025-09-15T08:36:10.853+0000] {processor.py:914} INFO - Processing file /opt/airflow/dags/JO_dag.py for tasks to queue
[2025-09-15T08:36:10.855+0000] {logging_mixin.py:190} INFO - [2025-09-15T08:36:10.855+0000] {dagbag.py:588} INFO - Filling up the DagBag from /opt/airflow/dags/JO_dag.py
[2025-09-15T08:36:11.313+0000] {processor.py:925} INFO - DAG(s) 'etl_pipeline_JO' retrieved from /opt/airflow/dags/JO_dag.py
[2025-09-15T08:36:11.334+0000] {logging_mixin.py:190} INFO - [2025-09-15T08:36:11.334+0000] {dag.py:3239} INFO - Sync 1 DAGs
[2025-09-15T08:36:11.355+0000] {logging_mixin.py:190} INFO - [2025-09-15T08:36:11.354+0000] {dag.py:4180} INFO - Setting next_dagrun for etl_pipeline_JO to 2025-09-15 08:00:00+00:00, run_after=2025-09-15 09:00:00+00:00
[2025-09-15T08:36:11.418+0000] {processor.py:208} INFO - Processing /opt/airflow/dags/JO_dag.py took 0.572 seconds
[2025-09-15T08:36:41.586+0000] {processor.py:186} INFO - Started process (PID=292) to work on /opt/airflow/dags/JO_dag.py
[2025-09-15T08:36:41.587+0000] {processor.py:914} INFO - Processing file /opt/airflow/dags/JO_dag.py for tasks to queue
[2025-09-15T08:36:41.589+0000] {logging_mixin.py:190} INFO - [2025-09-15T08:36:41.589+0000] {dagbag.py:588} INFO - Filling up the DagBag from /opt/airflow/dags/JO_dag.py
[2025-09-15T08:36:42.142+0000] {processor.py:925} INFO - DAG(s) 'etl_pipeline_JO' retrieved from /opt/airflow/dags/JO_dag.py
[2025-09-15T08:36:42.174+0000] {logging_mixin.py:190} INFO - [2025-09-15T08:36:42.174+0000] {dag.py:3239} INFO - Sync 1 DAGs
[2025-09-15T08:36:42.200+0000] {logging_mixin.py:190} INFO - [2025-09-15T08:36:42.199+0000] {dag.py:4180} INFO - Setting next_dagrun for etl_pipeline_JO to 2025-09-15 08:00:00+00:00, run_after=2025-09-15 09:00:00+00:00
[2025-09-15T08:36:42.218+0000] {processor.py:208} INFO - Processing /opt/airflow/dags/JO_dag.py took 0.639 seconds
[2025-09-15T08:37:12.701+0000] {processor.py:186} INFO - Started process (PID=315) to work on /opt/airflow/dags/JO_dag.py
[2025-09-15T08:37:12.703+0000] {processor.py:914} INFO - Processing file /opt/airflow/dags/JO_dag.py for tasks to queue
[2025-09-15T08:37:12.708+0000] {logging_mixin.py:190} INFO - [2025-09-15T08:37:12.707+0000] {dagbag.py:588} INFO - Filling up the DagBag from /opt/airflow/dags/JO_dag.py
[2025-09-15T08:37:13.272+0000] {processor.py:925} INFO - DAG(s) 'etl_pipeline_JO' retrieved from /opt/airflow/dags/JO_dag.py
[2025-09-15T08:37:13.306+0000] {logging_mixin.py:190} INFO - [2025-09-15T08:37:13.305+0000] {dag.py:3239} INFO - Sync 1 DAGs
[2025-09-15T08:37:13.331+0000] {logging_mixin.py:190} INFO - [2025-09-15T08:37:13.331+0000] {dag.py:4180} INFO - Setting next_dagrun for etl_pipeline_JO to 2025-09-15 08:00:00+00:00, run_after=2025-09-15 09:00:00+00:00
[2025-09-15T08:37:13.357+0000] {processor.py:208} INFO - Processing /opt/airflow/dags/JO_dag.py took 0.668 seconds
[2025-09-15T08:37:43.506+0000] {processor.py:186} INFO - Started process (PID=332) to work on /opt/airflow/dags/JO_dag.py
[2025-09-15T08:37:43.508+0000] {processor.py:914} INFO - Processing file /opt/airflow/dags/JO_dag.py for tasks to queue
[2025-09-15T08:37:43.511+0000] {logging_mixin.py:190} INFO - [2025-09-15T08:37:43.511+0000] {dagbag.py:588} INFO - Filling up the DagBag from /opt/airflow/dags/JO_dag.py
[2025-09-15T08:37:44.021+0000] {processor.py:925} INFO - DAG(s) 'etl_pipeline_JO' retrieved from /opt/airflow/dags/JO_dag.py
[2025-09-15T08:37:44.050+0000] {logging_mixin.py:190} INFO - [2025-09-15T08:37:44.049+0000] {dag.py:3239} INFO - Sync 1 DAGs
[2025-09-15T08:37:44.071+0000] {logging_mixin.py:190} INFO - [2025-09-15T08:37:44.071+0000] {dag.py:4180} INFO - Setting next_dagrun for etl_pipeline_JO to 2025-09-15 08:00:00+00:00, run_after=2025-09-15 09:00:00+00:00
[2025-09-15T08:37:44.127+0000] {processor.py:208} INFO - Processing /opt/airflow/dags/JO_dag.py took 0.626 seconds
[2025-09-15T08:38:14.253+0000] {processor.py:186} INFO - Started process (PID=349) to work on /opt/airflow/dags/JO_dag.py
[2025-09-15T08:38:14.254+0000] {processor.py:914} INFO - Processing file /opt/airflow/dags/JO_dag.py for tasks to queue
[2025-09-15T08:38:14.257+0000] {logging_mixin.py:190} INFO - [2025-09-15T08:38:14.256+0000] {dagbag.py:588} INFO - Filling up the DagBag from /opt/airflow/dags/JO_dag.py
[2025-09-15T08:38:14.771+0000] {processor.py:925} INFO - DAG(s) 'etl_pipeline_JO' retrieved from /opt/airflow/dags/JO_dag.py
[2025-09-15T08:38:14.811+0000] {logging_mixin.py:190} INFO - [2025-09-15T08:38:14.811+0000] {dag.py:3239} INFO - Sync 1 DAGs
[2025-09-15T08:38:14.838+0000] {logging_mixin.py:190} INFO - [2025-09-15T08:38:14.838+0000] {dag.py:4180} INFO - Setting next_dagrun for etl_pipeline_JO to 2025-09-15 08:00:00+00:00, run_after=2025-09-15 09:00:00+00:00
[2025-09-15T08:38:14.901+0000] {processor.py:208} INFO - Processing /opt/airflow/dags/JO_dag.py took 0.653 seconds
[2025-09-15T08:38:45.913+0000] {processor.py:186} INFO - Started process (PID=366) to work on /opt/airflow/dags/JO_dag.py
[2025-09-15T08:38:45.916+0000] {processor.py:914} INFO - Processing file /opt/airflow/dags/JO_dag.py for tasks to queue
[2025-09-15T08:38:45.921+0000] {logging_mixin.py:190} INFO - [2025-09-15T08:38:45.920+0000] {dagbag.py:588} INFO - Filling up the DagBag from /opt/airflow/dags/JO_dag.py
[2025-09-15T08:38:46.683+0000] {processor.py:925} INFO - DAG(s) 'etl_pipeline_JO' retrieved from /opt/airflow/dags/JO_dag.py
[2025-09-15T08:38:46.719+0000] {logging_mixin.py:190} INFO - [2025-09-15T08:38:46.717+0000] {dag.py:3239} INFO - Sync 1 DAGs
[2025-09-15T08:38:46.757+0000] {logging_mixin.py:190} INFO - [2025-09-15T08:38:46.757+0000] {dag.py:4180} INFO - Setting next_dagrun for etl_pipeline_JO to 2025-09-15 08:00:00+00:00, run_after=2025-09-15 09:00:00+00:00
[2025-09-15T08:38:46.792+0000] {processor.py:208} INFO - Processing /opt/airflow/dags/JO_dag.py took 0.889 seconds
[2025-09-15T08:39:17.120+0000] {processor.py:186} INFO - Started process (PID=383) to work on /opt/airflow/dags/JO_dag.py
[2025-09-15T08:39:17.122+0000] {processor.py:914} INFO - Processing file /opt/airflow/dags/JO_dag.py for tasks to queue
[2025-09-15T08:39:17.125+0000] {logging_mixin.py:190} INFO - [2025-09-15T08:39:17.124+0000] {dagbag.py:588} INFO - Filling up the DagBag from /opt/airflow/dags/JO_dag.py
[2025-09-15T08:39:17.612+0000] {processor.py:925} INFO - DAG(s) 'etl_pipeline_JO' retrieved from /opt/airflow/dags/JO_dag.py
[2025-09-15T08:39:17.633+0000] {logging_mixin.py:190} INFO - [2025-09-15T08:39:17.632+0000] {dag.py:3239} INFO - Sync 1 DAGs
[2025-09-15T08:39:17.655+0000] {logging_mixin.py:190} INFO - [2025-09-15T08:39:17.654+0000] {dag.py:4180} INFO - Setting next_dagrun for etl_pipeline_JO to 2025-09-15 08:00:00+00:00, run_after=2025-09-15 09:00:00+00:00
[2025-09-15T08:39:17.673+0000] {processor.py:208} INFO - Processing /opt/airflow/dags/JO_dag.py took 0.558 seconds
[2025-09-15T08:39:48.026+0000] {processor.py:186} INFO - Started process (PID=404) to work on /opt/airflow/dags/JO_dag.py
[2025-09-15T08:39:48.028+0000] {processor.py:914} INFO - Processing file /opt/airflow/dags/JO_dag.py for tasks to queue
[2025-09-15T08:39:48.032+0000] {logging_mixin.py:190} INFO - [2025-09-15T08:39:48.032+0000] {dagbag.py:588} INFO - Filling up the DagBag from /opt/airflow/dags/JO_dag.py
[2025-09-15T08:39:48.675+0000] {processor.py:925} INFO - DAG(s) 'etl_pipeline_JO' retrieved from /opt/airflow/dags/JO_dag.py
[2025-09-15T08:39:48.715+0000] {logging_mixin.py:190} INFO - [2025-09-15T08:39:48.713+0000] {dag.py:3239} INFO - Sync 1 DAGs
[2025-09-15T08:39:48.755+0000] {logging_mixin.py:190} INFO - [2025-09-15T08:39:48.755+0000] {dag.py:4180} INFO - Setting next_dagrun for etl_pipeline_JO to 2025-09-15 08:00:00+00:00, run_after=2025-09-15 09:00:00+00:00
[2025-09-15T08:39:48.780+0000] {processor.py:208} INFO - Processing /opt/airflow/dags/JO_dag.py took 0.764 seconds
[2025-09-15T08:40:19.166+0000] {processor.py:186} INFO - Started process (PID=425) to work on /opt/airflow/dags/JO_dag.py
[2025-09-15T08:40:19.167+0000] {processor.py:914} INFO - Processing file /opt/airflow/dags/JO_dag.py for tasks to queue
[2025-09-15T08:40:19.170+0000] {logging_mixin.py:190} INFO - [2025-09-15T08:40:19.169+0000] {dagbag.py:588} INFO - Filling up the DagBag from /opt/airflow/dags/JO_dag.py
[2025-09-15T08:40:19.636+0000] {processor.py:925} INFO - DAG(s) 'etl_pipeline_JO' retrieved from /opt/airflow/dags/JO_dag.py
[2025-09-15T08:40:19.660+0000] {logging_mixin.py:190} INFO - [2025-09-15T08:40:19.659+0000] {dag.py:3239} INFO - Sync 1 DAGs
[2025-09-15T08:40:19.684+0000] {logging_mixin.py:190} INFO - [2025-09-15T08:40:19.683+0000] {dag.py:4180} INFO - Setting next_dagrun for etl_pipeline_JO to 2025-09-15 08:00:00+00:00, run_after=2025-09-15 09:00:00+00:00
[2025-09-15T08:40:19.741+0000] {processor.py:208} INFO - Processing /opt/airflow/dags/JO_dag.py took 0.580 seconds
[2025-09-15T08:40:50.025+0000] {processor.py:186} INFO - Started process (PID=442) to work on /opt/airflow/dags/JO_dag.py
[2025-09-15T08:40:50.028+0000] {processor.py:914} INFO - Processing file /opt/airflow/dags/JO_dag.py for tasks to queue
[2025-09-15T08:40:50.031+0000] {logging_mixin.py:190} INFO - [2025-09-15T08:40:50.031+0000] {dagbag.py:588} INFO - Filling up the DagBag from /opt/airflow/dags/JO_dag.py
[2025-09-15T08:40:50.716+0000] {processor.py:925} INFO - DAG(s) 'etl_pipeline_JO' retrieved from /opt/airflow/dags/JO_dag.py
[2025-09-15T08:40:50.754+0000] {logging_mixin.py:190} INFO - [2025-09-15T08:40:50.754+0000] {dag.py:3239} INFO - Sync 1 DAGs
[2025-09-15T08:40:50.792+0000] {logging_mixin.py:190} INFO - [2025-09-15T08:40:50.791+0000] {dag.py:4180} INFO - Setting next_dagrun for etl_pipeline_JO to 2025-09-15 08:00:00+00:00, run_after=2025-09-15 09:00:00+00:00
[2025-09-15T08:40:50.825+0000] {processor.py:208} INFO - Processing /opt/airflow/dags/JO_dag.py took 0.809 seconds
[2025-09-15T08:41:18.163+0000] {processor.py:186} INFO - Started process (PID=459) to work on /opt/airflow/dags/JO_dag.py
[2025-09-15T08:41:18.166+0000] {processor.py:914} INFO - Processing file /opt/airflow/dags/JO_dag.py for tasks to queue
[2025-09-15T08:41:18.172+0000] {logging_mixin.py:190} INFO - [2025-09-15T08:41:18.171+0000] {dagbag.py:588} INFO - Filling up the DagBag from /opt/airflow/dags/JO_dag.py
[2025-09-15T08:41:18.761+0000] {processor.py:925} INFO - DAG(s) 'etl_pipeline_JO' retrieved from /opt/airflow/dags/JO_dag.py
[2025-09-15T08:41:18.793+0000] {logging_mixin.py:190} INFO - [2025-09-15T08:41:18.792+0000] {dag.py:3239} INFO - Sync 1 DAGs
[2025-09-15T08:41:18.824+0000] {logging_mixin.py:190} INFO - [2025-09-15T08:41:18.823+0000] {dag.py:4180} INFO - Setting next_dagrun for etl_pipeline_JO to 2025-09-15 08:00:00+00:00, run_after=2025-09-15 09:00:00+00:00
[2025-09-15T08:41:18.886+0000] {processor.py:208} INFO - Processing /opt/airflow/dags/JO_dag.py took 0.735 seconds
[2025-09-15T08:41:49.489+0000] {processor.py:186} INFO - Started process (PID=476) to work on /opt/airflow/dags/JO_dag.py
[2025-09-15T08:41:49.491+0000] {processor.py:914} INFO - Processing file /opt/airflow/dags/JO_dag.py for tasks to queue
[2025-09-15T08:41:49.493+0000] {logging_mixin.py:190} INFO - [2025-09-15T08:41:49.493+0000] {dagbag.py:588} INFO - Filling up the DagBag from /opt/airflow/dags/JO_dag.py
[2025-09-15T08:41:50.062+0000] {processor.py:925} INFO - DAG(s) 'etl_pipeline_JO' retrieved from /opt/airflow/dags/JO_dag.py
[2025-09-15T08:41:50.084+0000] {logging_mixin.py:190} INFO - [2025-09-15T08:41:50.083+0000] {dag.py:3239} INFO - Sync 1 DAGs
[2025-09-15T08:41:50.111+0000] {logging_mixin.py:190} INFO - [2025-09-15T08:41:50.111+0000] {dag.py:4180} INFO - Setting next_dagrun for etl_pipeline_JO to 2025-09-15 08:00:00+00:00, run_after=2025-09-15 09:00:00+00:00
[2025-09-15T08:41:50.168+0000] {processor.py:208} INFO - Processing /opt/airflow/dags/JO_dag.py took 0.685 seconds
[2025-09-15T08:42:20.824+0000] {processor.py:186} INFO - Started process (PID=499) to work on /opt/airflow/dags/JO_dag.py
[2025-09-15T08:42:20.826+0000] {processor.py:914} INFO - Processing file /opt/airflow/dags/JO_dag.py for tasks to queue
[2025-09-15T08:42:20.830+0000] {logging_mixin.py:190} INFO - [2025-09-15T08:42:20.830+0000] {dagbag.py:588} INFO - Filling up the DagBag from /opt/airflow/dags/JO_dag.py
[2025-09-15T08:42:21.285+0000] {processor.py:925} INFO - DAG(s) 'etl_pipeline_JO' retrieved from /opt/airflow/dags/JO_dag.py
[2025-09-15T08:42:21.307+0000] {logging_mixin.py:190} INFO - [2025-09-15T08:42:21.307+0000] {dag.py:3239} INFO - Sync 1 DAGs
[2025-09-15T08:42:21.329+0000] {logging_mixin.py:190} INFO - [2025-09-15T08:42:21.328+0000] {dag.py:4180} INFO - Setting next_dagrun for etl_pipeline_JO to 2025-09-15 08:00:00+00:00, run_after=2025-09-15 09:00:00+00:00
[2025-09-15T08:42:21.386+0000] {processor.py:208} INFO - Processing /opt/airflow/dags/JO_dag.py took 0.574 seconds
[2025-09-15T08:42:51.710+0000] {processor.py:186} INFO - Started process (PID=516) to work on /opt/airflow/dags/JO_dag.py
[2025-09-15T08:42:51.711+0000] {processor.py:914} INFO - Processing file /opt/airflow/dags/JO_dag.py for tasks to queue
[2025-09-15T08:42:51.716+0000] {logging_mixin.py:190} INFO - [2025-09-15T08:42:51.716+0000] {dagbag.py:588} INFO - Filling up the DagBag from /opt/airflow/dags/JO_dag.py
[2025-09-15T08:42:52.396+0000] {processor.py:925} INFO - DAG(s) 'etl_pipeline_JO' retrieved from /opt/airflow/dags/JO_dag.py
[2025-09-15T08:42:52.427+0000] {logging_mixin.py:190} INFO - [2025-09-15T08:42:52.427+0000] {dag.py:3239} INFO - Sync 1 DAGs
[2025-09-15T08:42:52.469+0000] {logging_mixin.py:190} INFO - [2025-09-15T08:42:52.468+0000] {dag.py:4180} INFO - Setting next_dagrun for etl_pipeline_JO to 2025-09-15 08:00:00+00:00, run_after=2025-09-15 09:00:00+00:00
[2025-09-15T08:42:52.503+0000] {processor.py:208} INFO - Processing /opt/airflow/dags/JO_dag.py took 0.799 seconds
[2025-09-15T08:43:23.067+0000] {processor.py:186} INFO - Started process (PID=533) to work on /opt/airflow/dags/JO_dag.py
[2025-09-15T08:43:23.069+0000] {processor.py:914} INFO - Processing file /opt/airflow/dags/JO_dag.py for tasks to queue
[2025-09-15T08:43:23.073+0000] {logging_mixin.py:190} INFO - [2025-09-15T08:43:23.073+0000] {dagbag.py:588} INFO - Filling up the DagBag from /opt/airflow/dags/JO_dag.py
[2025-09-15T08:43:23.799+0000] {processor.py:925} INFO - DAG(s) 'etl_pipeline_JO' retrieved from /opt/airflow/dags/JO_dag.py
[2025-09-15T08:43:23.839+0000] {logging_mixin.py:190} INFO - [2025-09-15T08:43:23.838+0000] {dag.py:3239} INFO - Sync 1 DAGs
[2025-09-15T08:43:23.881+0000] {logging_mixin.py:190} INFO - [2025-09-15T08:43:23.881+0000] {dag.py:4180} INFO - Setting next_dagrun for etl_pipeline_JO to 2025-09-15 08:00:00+00:00, run_after=2025-09-15 09:00:00+00:00
[2025-09-15T08:43:23.919+0000] {processor.py:208} INFO - Processing /opt/airflow/dags/JO_dag.py took 0.860 seconds
[2025-09-15T08:43:54.534+0000] {processor.py:186} INFO - Started process (PID=550) to work on /opt/airflow/dags/JO_dag.py
[2025-09-15T08:43:54.536+0000] {processor.py:914} INFO - Processing file /opt/airflow/dags/JO_dag.py for tasks to queue
[2025-09-15T08:43:54.541+0000] {logging_mixin.py:190} INFO - [2025-09-15T08:43:54.540+0000] {dagbag.py:588} INFO - Filling up the DagBag from /opt/airflow/dags/JO_dag.py
[2025-09-15T08:43:55.223+0000] {processor.py:925} INFO - DAG(s) 'etl_pipeline_JO' retrieved from /opt/airflow/dags/JO_dag.py
[2025-09-15T08:43:55.253+0000] {logging_mixin.py:190} INFO - [2025-09-15T08:43:55.252+0000] {dag.py:3239} INFO - Sync 1 DAGs
[2025-09-15T08:43:55.286+0000] {logging_mixin.py:190} INFO - [2025-09-15T08:43:55.286+0000] {dag.py:4180} INFO - Setting next_dagrun for etl_pipeline_JO to 2025-09-15 08:00:00+00:00, run_after=2025-09-15 09:00:00+00:00
[2025-09-15T08:43:55.316+0000] {processor.py:208} INFO - Processing /opt/airflow/dags/JO_dag.py took 0.795 seconds
[2025-09-15T08:44:26.004+0000] {processor.py:186} INFO - Started process (PID=567) to work on /opt/airflow/dags/JO_dag.py
[2025-09-15T08:44:26.006+0000] {processor.py:914} INFO - Processing file /opt/airflow/dags/JO_dag.py for tasks to queue
[2025-09-15T08:44:26.010+0000] {logging_mixin.py:190} INFO - [2025-09-15T08:44:26.010+0000] {dagbag.py:588} INFO - Filling up the DagBag from /opt/airflow/dags/JO_dag.py
[2025-09-15T08:44:26.533+0000] {processor.py:925} INFO - DAG(s) 'etl_pipeline_JO' retrieved from /opt/airflow/dags/JO_dag.py
[2025-09-15T08:44:26.554+0000] {logging_mixin.py:190} INFO - [2025-09-15T08:44:26.554+0000] {dag.py:3239} INFO - Sync 1 DAGs
[2025-09-15T08:44:26.573+0000] {logging_mixin.py:190} INFO - [2025-09-15T08:44:26.573+0000] {dag.py:4180} INFO - Setting next_dagrun for etl_pipeline_JO to 2025-09-15 08:00:00+00:00, run_after=2025-09-15 09:00:00+00:00
[2025-09-15T08:44:26.626+0000] {processor.py:208} INFO - Processing /opt/airflow/dags/JO_dag.py took 0.629 seconds
[2025-09-15T08:44:56.763+0000] {processor.py:186} INFO - Started process (PID=584) to work on /opt/airflow/dags/JO_dag.py
[2025-09-15T08:44:56.765+0000] {processor.py:914} INFO - Processing file /opt/airflow/dags/JO_dag.py for tasks to queue
[2025-09-15T08:44:56.768+0000] {logging_mixin.py:190} INFO - [2025-09-15T08:44:56.768+0000] {dagbag.py:588} INFO - Filling up the DagBag from /opt/airflow/dags/JO_dag.py
[2025-09-15T08:44:57.252+0000] {processor.py:925} INFO - DAG(s) 'etl_pipeline_JO' retrieved from /opt/airflow/dags/JO_dag.py
[2025-09-15T08:44:57.275+0000] {logging_mixin.py:190} INFO - [2025-09-15T08:44:57.275+0000] {dag.py:3239} INFO - Sync 1 DAGs
[2025-09-15T08:44:57.296+0000] {logging_mixin.py:190} INFO - [2025-09-15T08:44:57.296+0000] {dag.py:4180} INFO - Setting next_dagrun for etl_pipeline_JO to 2025-09-15 08:00:00+00:00, run_after=2025-09-15 09:00:00+00:00
[2025-09-15T08:44:57.353+0000] {processor.py:208} INFO - Processing /opt/airflow/dags/JO_dag.py took 0.598 seconds
[2025-09-15T08:45:27.404+0000] {processor.py:186} INFO - Started process (PID=601) to work on /opt/airflow/dags/JO_dag.py
[2025-09-15T08:45:27.405+0000] {processor.py:914} INFO - Processing file /opt/airflow/dags/JO_dag.py for tasks to queue
[2025-09-15T08:45:27.410+0000] {logging_mixin.py:190} INFO - [2025-09-15T08:45:27.410+0000] {dagbag.py:588} INFO - Filling up the DagBag from /opt/airflow/dags/JO_dag.py
[2025-09-15T08:45:27.876+0000] {processor.py:925} INFO - DAG(s) 'etl_pipeline_JO' retrieved from /opt/airflow/dags/JO_dag.py
[2025-09-15T08:45:27.900+0000] {logging_mixin.py:190} INFO - [2025-09-15T08:45:27.900+0000] {dag.py:3239} INFO - Sync 1 DAGs
[2025-09-15T08:45:27.924+0000] {logging_mixin.py:190} INFO - [2025-09-15T08:45:27.923+0000] {dag.py:4180} INFO - Setting next_dagrun for etl_pipeline_JO to 2025-09-15 08:00:00+00:00, run_after=2025-09-15 09:00:00+00:00
[2025-09-15T08:45:27.947+0000] {processor.py:208} INFO - Processing /opt/airflow/dags/JO_dag.py took 0.548 seconds
[2025-09-15T08:45:58.532+0000] {processor.py:186} INFO - Started process (PID=618) to work on /opt/airflow/dags/JO_dag.py
[2025-09-15T08:45:58.534+0000] {processor.py:914} INFO - Processing file /opt/airflow/dags/JO_dag.py for tasks to queue
[2025-09-15T08:45:58.538+0000] {logging_mixin.py:190} INFO - [2025-09-15T08:45:58.537+0000] {dagbag.py:588} INFO - Filling up the DagBag from /opt/airflow/dags/JO_dag.py
[2025-09-15T08:45:59.341+0000] {processor.py:925} INFO - DAG(s) 'etl_pipeline_JO' retrieved from /opt/airflow/dags/JO_dag.py
[2025-09-15T08:45:59.377+0000] {logging_mixin.py:190} INFO - [2025-09-15T08:45:59.376+0000] {dag.py:3239} INFO - Sync 1 DAGs
[2025-09-15T08:45:59.406+0000] {logging_mixin.py:190} INFO - [2025-09-15T08:45:59.406+0000] {dag.py:4180} INFO - Setting next_dagrun for etl_pipeline_JO to 2025-09-15 08:00:00+00:00, run_after=2025-09-15 09:00:00+00:00
[2025-09-15T08:45:59.477+0000] {processor.py:208} INFO - Processing /opt/airflow/dags/JO_dag.py took 0.953 seconds
[2025-09-15T08:46:30.505+0000] {processor.py:186} INFO - Started process (PID=641) to work on /opt/airflow/dags/JO_dag.py
[2025-09-15T08:46:30.507+0000] {processor.py:914} INFO - Processing file /opt/airflow/dags/JO_dag.py for tasks to queue
[2025-09-15T08:46:30.510+0000] {logging_mixin.py:190} INFO - [2025-09-15T08:46:30.509+0000] {dagbag.py:588} INFO - Filling up the DagBag from /opt/airflow/dags/JO_dag.py
[2025-09-15T08:46:30.974+0000] {processor.py:925} INFO - DAG(s) 'etl_pipeline_JO' retrieved from /opt/airflow/dags/JO_dag.py
[2025-09-15T08:46:30.999+0000] {logging_mixin.py:190} INFO - [2025-09-15T08:46:30.999+0000] {dag.py:3239} INFO - Sync 1 DAGs
[2025-09-15T08:46:31.023+0000] {logging_mixin.py:190} INFO - [2025-09-15T08:46:31.023+0000] {dag.py:4180} INFO - Setting next_dagrun for etl_pipeline_JO to 2025-09-15 08:00:00+00:00, run_after=2025-09-15 09:00:00+00:00
[2025-09-15T08:46:31.049+0000] {processor.py:208} INFO - Processing /opt/airflow/dags/JO_dag.py took 0.550 seconds
[2025-09-15T08:47:01.975+0000] {processor.py:186} INFO - Started process (PID=658) to work on /opt/airflow/dags/JO_dag.py
[2025-09-15T08:47:01.977+0000] {processor.py:914} INFO - Processing file /opt/airflow/dags/JO_dag.py for tasks to queue
[2025-09-15T08:47:01.979+0000] {logging_mixin.py:190} INFO - [2025-09-15T08:47:01.979+0000] {dagbag.py:588} INFO - Filling up the DagBag from /opt/airflow/dags/JO_dag.py
[2025-09-15T08:47:02.462+0000] {processor.py:925} INFO - DAG(s) 'etl_pipeline_JO' retrieved from /opt/airflow/dags/JO_dag.py
[2025-09-15T08:47:02.485+0000] {logging_mixin.py:190} INFO - [2025-09-15T08:47:02.484+0000] {dag.py:3239} INFO - Sync 1 DAGs
[2025-09-15T08:47:02.506+0000] {logging_mixin.py:190} INFO - [2025-09-15T08:47:02.506+0000] {dag.py:4180} INFO - Setting next_dagrun for etl_pipeline_JO to 2025-09-15 08:00:00+00:00, run_after=2025-09-15 09:00:00+00:00
[2025-09-15T08:47:02.558+0000] {processor.py:208} INFO - Processing /opt/airflow/dags/JO_dag.py took 0.588 seconds
[2025-09-15T08:47:32.661+0000] {processor.py:186} INFO - Started process (PID=675) to work on /opt/airflow/dags/JO_dag.py
[2025-09-15T08:47:32.662+0000] {processor.py:914} INFO - Processing file /opt/airflow/dags/JO_dag.py for tasks to queue
[2025-09-15T08:47:32.665+0000] {logging_mixin.py:190} INFO - [2025-09-15T08:47:32.665+0000] {dagbag.py:588} INFO - Filling up the DagBag from /opt/airflow/dags/JO_dag.py
[2025-09-15T08:47:33.181+0000] {processor.py:925} INFO - DAG(s) 'etl_pipeline_JO' retrieved from /opt/airflow/dags/JO_dag.py
[2025-09-15T08:47:33.202+0000] {logging_mixin.py:190} INFO - [2025-09-15T08:47:33.201+0000] {dag.py:3239} INFO - Sync 1 DAGs
[2025-09-15T08:47:33.223+0000] {logging_mixin.py:190} INFO - [2025-09-15T08:47:33.223+0000] {dag.py:4180} INFO - Setting next_dagrun for etl_pipeline_JO to 2025-09-15 08:00:00+00:00, run_after=2025-09-15 09:00:00+00:00
[2025-09-15T08:47:33.287+0000] {processor.py:208} INFO - Processing /opt/airflow/dags/JO_dag.py took 0.633 seconds
[2025-09-15T08:48:04.154+0000] {processor.py:186} INFO - Started process (PID=692) to work on /opt/airflow/dags/JO_dag.py
[2025-09-15T08:48:04.155+0000] {processor.py:914} INFO - Processing file /opt/airflow/dags/JO_dag.py for tasks to queue
[2025-09-15T08:48:04.159+0000] {logging_mixin.py:190} INFO - [2025-09-15T08:48:04.159+0000] {dagbag.py:588} INFO - Filling up the DagBag from /opt/airflow/dags/JO_dag.py
[2025-09-15T08:48:04.691+0000] {processor.py:925} INFO - DAG(s) 'etl_pipeline_JO' retrieved from /opt/airflow/dags/JO_dag.py
[2025-09-15T08:48:04.715+0000] {logging_mixin.py:190} INFO - [2025-09-15T08:48:04.715+0000] {dag.py:3239} INFO - Sync 1 DAGs
[2025-09-15T08:48:04.738+0000] {logging_mixin.py:190} INFO - [2025-09-15T08:48:04.738+0000] {dag.py:4180} INFO - Setting next_dagrun for etl_pipeline_JO to 2025-09-15 08:00:00+00:00, run_after=2025-09-15 09:00:00+00:00
[2025-09-15T08:48:04.797+0000] {processor.py:208} INFO - Processing /opt/airflow/dags/JO_dag.py took 0.653 seconds
[2025-09-15T08:48:35.574+0000] {processor.py:186} INFO - Started process (PID=709) to work on /opt/airflow/dags/JO_dag.py
[2025-09-15T08:48:35.576+0000] {processor.py:914} INFO - Processing file /opt/airflow/dags/JO_dag.py for tasks to queue
[2025-09-15T08:48:35.580+0000] {logging_mixin.py:190} INFO - [2025-09-15T08:48:35.579+0000] {dagbag.py:588} INFO - Filling up the DagBag from /opt/airflow/dags/JO_dag.py
[2025-09-15T08:48:36.245+0000] {processor.py:925} INFO - DAG(s) 'etl_pipeline_JO' retrieved from /opt/airflow/dags/JO_dag.py
[2025-09-15T08:48:36.270+0000] {logging_mixin.py:190} INFO - [2025-09-15T08:48:36.269+0000] {dag.py:3239} INFO - Sync 1 DAGs
[2025-09-15T08:48:36.294+0000] {logging_mixin.py:190} INFO - [2025-09-15T08:48:36.294+0000] {dag.py:4180} INFO - Setting next_dagrun for etl_pipeline_JO to 2025-09-15 08:00:00+00:00, run_after=2025-09-15 09:00:00+00:00
[2025-09-15T08:48:36.358+0000] {processor.py:208} INFO - Processing /opt/airflow/dags/JO_dag.py took 0.792 seconds
[2025-09-15T08:49:07.032+0000] {processor.py:186} INFO - Started process (PID=726) to work on /opt/airflow/dags/JO_dag.py
[2025-09-15T08:49:07.034+0000] {processor.py:914} INFO - Processing file /opt/airflow/dags/JO_dag.py for tasks to queue
[2025-09-15T08:49:07.036+0000] {logging_mixin.py:190} INFO - [2025-09-15T08:49:07.036+0000] {dagbag.py:588} INFO - Filling up the DagBag from /opt/airflow/dags/JO_dag.py
[2025-09-15T08:49:07.525+0000] {processor.py:925} INFO - DAG(s) 'etl_pipeline_JO' retrieved from /opt/airflow/dags/JO_dag.py
[2025-09-15T08:49:07.561+0000] {logging_mixin.py:190} INFO - [2025-09-15T08:49:07.560+0000] {dag.py:3239} INFO - Sync 1 DAGs
[2025-09-15T08:49:07.583+0000] {logging_mixin.py:190} INFO - [2025-09-15T08:49:07.582+0000] {dag.py:4180} INFO - Setting next_dagrun for etl_pipeline_JO to 2025-09-15 08:00:00+00:00, run_after=2025-09-15 09:00:00+00:00
[2025-09-15T08:49:07.608+0000] {processor.py:208} INFO - Processing /opt/airflow/dags/JO_dag.py took 0.582 seconds
[2025-09-15T08:49:38.149+0000] {processor.py:186} INFO - Started process (PID=743) to work on /opt/airflow/dags/JO_dag.py
[2025-09-15T08:49:38.151+0000] {processor.py:914} INFO - Processing file /opt/airflow/dags/JO_dag.py for tasks to queue
[2025-09-15T08:49:38.154+0000] {logging_mixin.py:190} INFO - [2025-09-15T08:49:38.154+0000] {dagbag.py:588} INFO - Filling up the DagBag from /opt/airflow/dags/JO_dag.py
[2025-09-15T08:49:38.694+0000] {processor.py:925} INFO - DAG(s) 'etl_pipeline_JO' retrieved from /opt/airflow/dags/JO_dag.py
[2025-09-15T08:49:38.715+0000] {logging_mixin.py:190} INFO - [2025-09-15T08:49:38.714+0000] {dag.py:3239} INFO - Sync 1 DAGs
[2025-09-15T08:49:38.737+0000] {logging_mixin.py:190} INFO - [2025-09-15T08:49:38.737+0000] {dag.py:4180} INFO - Setting next_dagrun for etl_pipeline_JO to 2025-09-15 08:00:00+00:00, run_after=2025-09-15 09:00:00+00:00
[2025-09-15T08:49:38.776+0000] {processor.py:208} INFO - Processing /opt/airflow/dags/JO_dag.py took 0.634 seconds
[2025-09-15T08:50:09.093+0000] {processor.py:186} INFO - Started process (PID=760) to work on /opt/airflow/dags/JO_dag.py
[2025-09-15T08:50:09.094+0000] {processor.py:914} INFO - Processing file /opt/airflow/dags/JO_dag.py for tasks to queue
[2025-09-15T08:50:09.098+0000] {logging_mixin.py:190} INFO - [2025-09-15T08:50:09.097+0000] {dagbag.py:588} INFO - Filling up the DagBag from /opt/airflow/dags/JO_dag.py
[2025-09-15T08:50:09.781+0000] {processor.py:925} INFO - DAG(s) 'etl_pipeline_JO' retrieved from /opt/airflow/dags/JO_dag.py
[2025-09-15T08:50:09.830+0000] {logging_mixin.py:190} INFO - [2025-09-15T08:50:09.829+0000] {dag.py:3239} INFO - Sync 1 DAGs
[2025-09-15T08:50:09.885+0000] {logging_mixin.py:190} INFO - [2025-09-15T08:50:09.884+0000] {dag.py:4180} INFO - Setting next_dagrun for etl_pipeline_JO to 2025-09-15 08:00:00+00:00, run_after=2025-09-15 09:00:00+00:00
[2025-09-15T08:50:09.960+0000] {processor.py:208} INFO - Processing /opt/airflow/dags/JO_dag.py took 0.875 seconds
[2025-09-15T08:50:40.655+0000] {processor.py:186} INFO - Started process (PID=783) to work on /opt/airflow/dags/JO_dag.py
[2025-09-15T08:50:40.656+0000] {processor.py:914} INFO - Processing file /opt/airflow/dags/JO_dag.py for tasks to queue
[2025-09-15T08:50:40.658+0000] {logging_mixin.py:190} INFO - [2025-09-15T08:50:40.657+0000] {dagbag.py:588} INFO - Filling up the DagBag from /opt/airflow/dags/JO_dag.py
[2025-09-15T08:50:41.082+0000] {processor.py:925} INFO - DAG(s) 'etl_pipeline_JO' retrieved from /opt/airflow/dags/JO_dag.py
[2025-09-15T08:50:41.099+0000] {logging_mixin.py:190} INFO - [2025-09-15T08:50:41.098+0000] {dag.py:3239} INFO - Sync 1 DAGs
[2025-09-15T08:50:41.115+0000] {logging_mixin.py:190} INFO - [2025-09-15T08:50:41.115+0000] {dag.py:4180} INFO - Setting next_dagrun for etl_pipeline_JO to 2025-09-15 08:00:00+00:00, run_after=2025-09-15 09:00:00+00:00
[2025-09-15T08:50:41.134+0000] {processor.py:208} INFO - Processing /opt/airflow/dags/JO_dag.py took 0.485 seconds
[2025-09-15T08:51:12.063+0000] {processor.py:186} INFO - Started process (PID=800) to work on /opt/airflow/dags/JO_dag.py
[2025-09-15T08:51:12.064+0000] {processor.py:914} INFO - Processing file /opt/airflow/dags/JO_dag.py for tasks to queue
[2025-09-15T08:51:12.065+0000] {logging_mixin.py:190} INFO - [2025-09-15T08:51:12.065+0000] {dagbag.py:588} INFO - Filling up the DagBag from /opt/airflow/dags/JO_dag.py
[2025-09-15T08:51:12.445+0000] {processor.py:925} INFO - DAG(s) 'etl_pipeline_JO' retrieved from /opt/airflow/dags/JO_dag.py
[2025-09-15T08:51:12.461+0000] {logging_mixin.py:190} INFO - [2025-09-15T08:51:12.461+0000] {dag.py:3239} INFO - Sync 1 DAGs
[2025-09-15T08:51:12.478+0000] {logging_mixin.py:190} INFO - [2025-09-15T08:51:12.477+0000] {dag.py:4180} INFO - Setting next_dagrun for etl_pipeline_JO to 2025-09-15 08:00:00+00:00, run_after=2025-09-15 09:00:00+00:00
[2025-09-15T08:51:12.490+0000] {processor.py:208} INFO - Processing /opt/airflow/dags/JO_dag.py took 0.432 seconds
[2025-09-15T08:51:42.900+0000] {processor.py:186} INFO - Started process (PID=817) to work on /opt/airflow/dags/JO_dag.py
[2025-09-15T08:51:42.900+0000] {processor.py:914} INFO - Processing file /opt/airflow/dags/JO_dag.py for tasks to queue
[2025-09-15T08:51:42.902+0000] {logging_mixin.py:190} INFO - [2025-09-15T08:51:42.902+0000] {dagbag.py:588} INFO - Filling up the DagBag from /opt/airflow/dags/JO_dag.py
[2025-09-15T08:51:43.306+0000] {processor.py:925} INFO - DAG(s) 'etl_pipeline_JO' retrieved from /opt/airflow/dags/JO_dag.py
[2025-09-15T08:51:43.323+0000] {logging_mixin.py:190} INFO - [2025-09-15T08:51:43.323+0000] {dag.py:3239} INFO - Sync 1 DAGs
[2025-09-15T08:51:43.343+0000] {logging_mixin.py:190} INFO - [2025-09-15T08:51:43.342+0000] {dag.py:4180} INFO - Setting next_dagrun for etl_pipeline_JO to 2025-09-15 08:00:00+00:00, run_after=2025-09-15 09:00:00+00:00
[2025-09-15T08:51:43.358+0000] {processor.py:208} INFO - Processing /opt/airflow/dags/JO_dag.py took 0.463 seconds
[2025-09-15T08:52:13.879+0000] {processor.py:186} INFO - Started process (PID=834) to work on /opt/airflow/dags/JO_dag.py
[2025-09-15T08:52:13.880+0000] {processor.py:914} INFO - Processing file /opt/airflow/dags/JO_dag.py for tasks to queue
[2025-09-15T08:52:13.882+0000] {logging_mixin.py:190} INFO - [2025-09-15T08:52:13.882+0000] {dagbag.py:588} INFO - Filling up the DagBag from /opt/airflow/dags/JO_dag.py
[2025-09-15T08:52:14.264+0000] {processor.py:925} INFO - DAG(s) 'etl_pipeline_JO' retrieved from /opt/airflow/dags/JO_dag.py
[2025-09-15T08:52:14.284+0000] {logging_mixin.py:190} INFO - [2025-09-15T08:52:14.283+0000] {dag.py:3239} INFO - Sync 1 DAGs
[2025-09-15T08:52:14.302+0000] {logging_mixin.py:190} INFO - [2025-09-15T08:52:14.302+0000] {dag.py:4180} INFO - Setting next_dagrun for etl_pipeline_JO to 2025-09-15 08:00:00+00:00, run_after=2025-09-15 09:00:00+00:00
[2025-09-15T08:52:14.314+0000] {processor.py:208} INFO - Processing /opt/airflow/dags/JO_dag.py took 0.439 seconds
[2025-09-15T08:52:45.311+0000] {processor.py:186} INFO - Started process (PID=851) to work on /opt/airflow/dags/JO_dag.py
[2025-09-15T08:52:45.312+0000] {processor.py:914} INFO - Processing file /opt/airflow/dags/JO_dag.py for tasks to queue
[2025-09-15T08:52:45.313+0000] {logging_mixin.py:190} INFO - [2025-09-15T08:52:45.313+0000] {dagbag.py:588} INFO - Filling up the DagBag from /opt/airflow/dags/JO_dag.py
[2025-09-15T08:52:45.723+0000] {processor.py:925} INFO - DAG(s) 'etl_pipeline_JO' retrieved from /opt/airflow/dags/JO_dag.py
[2025-09-15T08:52:45.740+0000] {logging_mixin.py:190} INFO - [2025-09-15T08:52:45.739+0000] {dag.py:3239} INFO - Sync 1 DAGs
[2025-09-15T08:52:45.756+0000] {logging_mixin.py:190} INFO - [2025-09-15T08:52:45.755+0000] {dag.py:4180} INFO - Setting next_dagrun for etl_pipeline_JO to 2025-09-15 08:00:00+00:00, run_after=2025-09-15 09:00:00+00:00
[2025-09-15T08:52:45.772+0000] {processor.py:208} INFO - Processing /opt/airflow/dags/JO_dag.py took 0.466 seconds
[2025-09-15T08:53:16.016+0000] {processor.py:186} INFO - Started process (PID=868) to work on /opt/airflow/dags/JO_dag.py
[2025-09-15T08:53:16.016+0000] {processor.py:914} INFO - Processing file /opt/airflow/dags/JO_dag.py for tasks to queue
[2025-09-15T08:53:16.018+0000] {logging_mixin.py:190} INFO - [2025-09-15T08:53:16.018+0000] {dagbag.py:588} INFO - Filling up the DagBag from /opt/airflow/dags/JO_dag.py
[2025-09-15T08:53:16.429+0000] {processor.py:925} INFO - DAG(s) 'etl_pipeline_JO' retrieved from /opt/airflow/dags/JO_dag.py
[2025-09-15T08:53:16.446+0000] {logging_mixin.py:190} INFO - [2025-09-15T08:53:16.446+0000] {dag.py:3239} INFO - Sync 1 DAGs
[2025-09-15T08:53:16.463+0000] {logging_mixin.py:190} INFO - [2025-09-15T08:53:16.462+0000] {dag.py:4180} INFO - Setting next_dagrun for etl_pipeline_JO to 2025-09-15 08:00:00+00:00, run_after=2025-09-15 09:00:00+00:00
[2025-09-15T08:53:16.477+0000] {processor.py:208} INFO - Processing /opt/airflow/dags/JO_dag.py took 0.466 seconds
[2025-09-15T08:53:47.384+0000] {processor.py:186} INFO - Started process (PID=885) to work on /opt/airflow/dags/JO_dag.py
[2025-09-15T08:53:47.385+0000] {processor.py:914} INFO - Processing file /opt/airflow/dags/JO_dag.py for tasks to queue
[2025-09-15T08:53:47.387+0000] {logging_mixin.py:190} INFO - [2025-09-15T08:53:47.387+0000] {dagbag.py:588} INFO - Filling up the DagBag from /opt/airflow/dags/JO_dag.py
[2025-09-15T08:53:47.761+0000] {processor.py:925} INFO - DAG(s) 'etl_pipeline_JO' retrieved from /opt/airflow/dags/JO_dag.py
[2025-09-15T08:53:47.777+0000] {logging_mixin.py:190} INFO - [2025-09-15T08:53:47.777+0000] {dag.py:3239} INFO - Sync 1 DAGs
[2025-09-15T08:53:47.793+0000] {logging_mixin.py:190} INFO - [2025-09-15T08:53:47.793+0000] {dag.py:4180} INFO - Setting next_dagrun for etl_pipeline_JO to 2025-09-15 08:00:00+00:00, run_after=2025-09-15 09:00:00+00:00
[2025-09-15T08:53:47.813+0000] {processor.py:208} INFO - Processing /opt/airflow/dags/JO_dag.py took 0.434 seconds
[2025-09-15T08:54:18.234+0000] {processor.py:186} INFO - Started process (PID=902) to work on /opt/airflow/dags/JO_dag.py
[2025-09-15T08:54:18.235+0000] {processor.py:914} INFO - Processing file /opt/airflow/dags/JO_dag.py for tasks to queue
[2025-09-15T08:54:18.237+0000] {logging_mixin.py:190} INFO - [2025-09-15T08:54:18.237+0000] {dagbag.py:588} INFO - Filling up the DagBag from /opt/airflow/dags/JO_dag.py
[2025-09-15T08:54:18.674+0000] {processor.py:925} INFO - DAG(s) 'etl_pipeline_JO' retrieved from /opt/airflow/dags/JO_dag.py
[2025-09-15T08:54:18.693+0000] {logging_mixin.py:190} INFO - [2025-09-15T08:54:18.693+0000] {dag.py:3239} INFO - Sync 1 DAGs
[2025-09-15T08:54:18.716+0000] {logging_mixin.py:190} INFO - [2025-09-15T08:54:18.715+0000] {dag.py:4180} INFO - Setting next_dagrun for etl_pipeline_JO to 2025-09-15 08:00:00+00:00, run_after=2025-09-15 09:00:00+00:00
[2025-09-15T08:54:18.737+0000] {processor.py:208} INFO - Processing /opt/airflow/dags/JO_dag.py took 0.508 seconds
[2025-09-15T08:54:49.155+0000] {processor.py:186} INFO - Started process (PID=919) to work on /opt/airflow/dags/JO_dag.py
[2025-09-15T08:54:49.155+0000] {processor.py:914} INFO - Processing file /opt/airflow/dags/JO_dag.py for tasks to queue
[2025-09-15T08:54:49.158+0000] {logging_mixin.py:190} INFO - [2025-09-15T08:54:49.157+0000] {dagbag.py:588} INFO - Filling up the DagBag from /opt/airflow/dags/JO_dag.py
[2025-09-15T08:54:49.640+0000] {processor.py:925} INFO - DAG(s) 'etl_pipeline_JO' retrieved from /opt/airflow/dags/JO_dag.py
[2025-09-15T08:54:49.656+0000] {logging_mixin.py:190} INFO - [2025-09-15T08:54:49.656+0000] {dag.py:3239} INFO - Sync 1 DAGs
[2025-09-15T08:54:49.673+0000] {logging_mixin.py:190} INFO - [2025-09-15T08:54:49.673+0000] {dag.py:4180} INFO - Setting next_dagrun for etl_pipeline_JO to 2025-09-15 08:00:00+00:00, run_after=2025-09-15 09:00:00+00:00
[2025-09-15T08:54:49.695+0000] {processor.py:208} INFO - Processing /opt/airflow/dags/JO_dag.py took 0.545 seconds
[2025-09-15T08:55:20.498+0000] {processor.py:186} INFO - Started process (PID=942) to work on /opt/airflow/dags/JO_dag.py
[2025-09-15T08:55:20.500+0000] {processor.py:914} INFO - Processing file /opt/airflow/dags/JO_dag.py for tasks to queue
[2025-09-15T08:55:20.503+0000] {logging_mixin.py:190} INFO - [2025-09-15T08:55:20.502+0000] {dagbag.py:588} INFO - Filling up the DagBag from /opt/airflow/dags/JO_dag.py
[2025-09-15T08:55:20.957+0000] {processor.py:925} INFO - DAG(s) 'etl_pipeline_JO' retrieved from /opt/airflow/dags/JO_dag.py
[2025-09-15T08:55:20.977+0000] {logging_mixin.py:190} INFO - [2025-09-15T08:55:20.976+0000] {dag.py:3239} INFO - Sync 1 DAGs
[2025-09-15T08:55:20.998+0000] {logging_mixin.py:190} INFO - [2025-09-15T08:55:20.998+0000] {dag.py:4180} INFO - Setting next_dagrun for etl_pipeline_JO to 2025-09-15 08:00:00+00:00, run_after=2025-09-15 09:00:00+00:00
[2025-09-15T08:55:21.016+0000] {processor.py:208} INFO - Processing /opt/airflow/dags/JO_dag.py took 0.523 seconds
[2025-09-15T08:55:51.686+0000] {processor.py:186} INFO - Started process (PID=959) to work on /opt/airflow/dags/JO_dag.py
[2025-09-15T08:55:51.687+0000] {processor.py:914} INFO - Processing file /opt/airflow/dags/JO_dag.py for tasks to queue
[2025-09-15T08:55:51.690+0000] {logging_mixin.py:190} INFO - [2025-09-15T08:55:51.689+0000] {dagbag.py:588} INFO - Filling up the DagBag from /opt/airflow/dags/JO_dag.py
[2025-09-15T08:55:52.110+0000] {processor.py:925} INFO - DAG(s) 'etl_pipeline_JO' retrieved from /opt/airflow/dags/JO_dag.py
[2025-09-15T08:55:52.131+0000] {logging_mixin.py:190} INFO - [2025-09-15T08:55:52.131+0000] {dag.py:3239} INFO - Sync 1 DAGs
[2025-09-15T08:55:52.155+0000] {logging_mixin.py:190} INFO - [2025-09-15T08:55:52.154+0000] {dag.py:4180} INFO - Setting next_dagrun for etl_pipeline_JO to 2025-09-15 08:00:00+00:00, run_after=2025-09-15 09:00:00+00:00
[2025-09-15T08:55:52.175+0000] {processor.py:208} INFO - Processing /opt/airflow/dags/JO_dag.py took 0.494 seconds
[2025-09-15T08:56:23.027+0000] {processor.py:186} INFO - Started process (PID=976) to work on /opt/airflow/dags/JO_dag.py
[2025-09-15T08:56:23.028+0000] {processor.py:914} INFO - Processing file /opt/airflow/dags/JO_dag.py for tasks to queue
[2025-09-15T08:56:23.029+0000] {logging_mixin.py:190} INFO - [2025-09-15T08:56:23.029+0000] {dagbag.py:588} INFO - Filling up the DagBag from /opt/airflow/dags/JO_dag.py
[2025-09-15T08:56:23.399+0000] {processor.py:925} INFO - DAG(s) 'etl_pipeline_JO' retrieved from /opt/airflow/dags/JO_dag.py
[2025-09-15T08:56:23.416+0000] {logging_mixin.py:190} INFO - [2025-09-15T08:56:23.415+0000] {dag.py:3239} INFO - Sync 1 DAGs
[2025-09-15T08:56:23.432+0000] {logging_mixin.py:190} INFO - [2025-09-15T08:56:23.432+0000] {dag.py:4180} INFO - Setting next_dagrun for etl_pipeline_JO to 2025-09-15 08:00:00+00:00, run_after=2025-09-15 09:00:00+00:00
[2025-09-15T08:56:23.452+0000] {processor.py:208} INFO - Processing /opt/airflow/dags/JO_dag.py took 0.430 seconds
[2025-09-15T08:56:54.361+0000] {processor.py:186} INFO - Started process (PID=993) to work on /opt/airflow/dags/JO_dag.py
[2025-09-15T08:56:54.363+0000] {processor.py:914} INFO - Processing file /opt/airflow/dags/JO_dag.py for tasks to queue
[2025-09-15T08:56:54.365+0000] {logging_mixin.py:190} INFO - [2025-09-15T08:56:54.364+0000] {dagbag.py:588} INFO - Filling up the DagBag from /opt/airflow/dags/JO_dag.py
[2025-09-15T08:56:54.771+0000] {processor.py:925} INFO - DAG(s) 'etl_pipeline_JO' retrieved from /opt/airflow/dags/JO_dag.py
[2025-09-15T08:56:54.789+0000] {logging_mixin.py:190} INFO - [2025-09-15T08:56:54.789+0000] {dag.py:3239} INFO - Sync 1 DAGs
[2025-09-15T08:56:54.809+0000] {logging_mixin.py:190} INFO - [2025-09-15T08:56:54.809+0000] {dag.py:4180} INFO - Setting next_dagrun for etl_pipeline_JO to 2025-09-15 08:00:00+00:00, run_after=2025-09-15 09:00:00+00:00
[2025-09-15T08:56:54.827+0000] {processor.py:208} INFO - Processing /opt/airflow/dags/JO_dag.py took 0.470 seconds
[2025-09-15T08:57:25.878+0000] {processor.py:186} INFO - Started process (PID=1010) to work on /opt/airflow/dags/JO_dag.py
[2025-09-15T08:57:25.879+0000] {processor.py:914} INFO - Processing file /opt/airflow/dags/JO_dag.py for tasks to queue
[2025-09-15T08:57:25.881+0000] {logging_mixin.py:190} INFO - [2025-09-15T08:57:25.881+0000] {dagbag.py:588} INFO - Filling up the DagBag from /opt/airflow/dags/JO_dag.py
[2025-09-15T08:57:26.271+0000] {processor.py:925} INFO - DAG(s) 'etl_pipeline_JO' retrieved from /opt/airflow/dags/JO_dag.py
[2025-09-15T08:57:26.287+0000] {logging_mixin.py:190} INFO - [2025-09-15T08:57:26.287+0000] {dag.py:3239} INFO - Sync 1 DAGs
[2025-09-15T08:57:26.307+0000] {logging_mixin.py:190} INFO - [2025-09-15T08:57:26.307+0000] {dag.py:4180} INFO - Setting next_dagrun for etl_pipeline_JO to 2025-09-15 08:00:00+00:00, run_after=2025-09-15 09:00:00+00:00
[2025-09-15T08:57:26.325+0000] {processor.py:208} INFO - Processing /opt/airflow/dags/JO_dag.py took 0.451 seconds
[2025-09-15T08:57:57.007+0000] {processor.py:186} INFO - Started process (PID=1027) to work on /opt/airflow/dags/JO_dag.py
[2025-09-15T08:57:57.008+0000] {processor.py:914} INFO - Processing file /opt/airflow/dags/JO_dag.py for tasks to queue
[2025-09-15T08:57:57.010+0000] {logging_mixin.py:190} INFO - [2025-09-15T08:57:57.009+0000] {dagbag.py:588} INFO - Filling up the DagBag from /opt/airflow/dags/JO_dag.py
[2025-09-15T08:57:57.402+0000] {processor.py:925} INFO - DAG(s) 'etl_pipeline_JO' retrieved from /opt/airflow/dags/JO_dag.py
[2025-09-15T08:57:57.421+0000] {logging_mixin.py:190} INFO - [2025-09-15T08:57:57.421+0000] {dag.py:3239} INFO - Sync 1 DAGs
[2025-09-15T08:57:57.440+0000] {logging_mixin.py:190} INFO - [2025-09-15T08:57:57.440+0000] {dag.py:4180} INFO - Setting next_dagrun for etl_pipeline_JO to 2025-09-15 08:00:00+00:00, run_after=2025-09-15 09:00:00+00:00
[2025-09-15T08:57:57.460+0000] {processor.py:208} INFO - Processing /opt/airflow/dags/JO_dag.py took 0.458 seconds
[2025-09-15T08:58:28.485+0000] {processor.py:186} INFO - Started process (PID=1044) to work on /opt/airflow/dags/JO_dag.py
[2025-09-15T08:58:28.486+0000] {processor.py:914} INFO - Processing file /opt/airflow/dags/JO_dag.py for tasks to queue
[2025-09-15T08:58:28.488+0000] {logging_mixin.py:190} INFO - [2025-09-15T08:58:28.487+0000] {dagbag.py:588} INFO - Filling up the DagBag from /opt/airflow/dags/JO_dag.py
[2025-09-15T08:58:28.850+0000] {processor.py:925} INFO - DAG(s) 'etl_pipeline_JO' retrieved from /opt/airflow/dags/JO_dag.py
[2025-09-15T08:58:28.866+0000] {logging_mixin.py:190} INFO - [2025-09-15T08:58:28.865+0000] {dag.py:3239} INFO - Sync 1 DAGs
[2025-09-15T08:58:28.882+0000] {logging_mixin.py:190} INFO - [2025-09-15T08:58:28.882+0000] {dag.py:4180} INFO - Setting next_dagrun for etl_pipeline_JO to 2025-09-15 08:00:00+00:00, run_after=2025-09-15 09:00:00+00:00
[2025-09-15T08:58:28.896+0000] {processor.py:208} INFO - Processing /opt/airflow/dags/JO_dag.py took 0.416 seconds
[2025-09-15T08:58:59.821+0000] {processor.py:186} INFO - Started process (PID=1072) to work on /opt/airflow/dags/JO_dag.py
[2025-09-15T08:58:59.822+0000] {processor.py:914} INFO - Processing file /opt/airflow/dags/JO_dag.py for tasks to queue
[2025-09-15T08:58:59.824+0000] {logging_mixin.py:190} INFO - [2025-09-15T08:58:59.824+0000] {dagbag.py:588} INFO - Filling up the DagBag from /opt/airflow/dags/JO_dag.py
[2025-09-15T08:59:00.345+0000] {processor.py:925} INFO - DAG(s) 'etl_pipeline_JO' retrieved from /opt/airflow/dags/JO_dag.py
[2025-09-15T08:59:00.379+0000] {logging_mixin.py:190} INFO - [2025-09-15T08:59:00.378+0000] {dag.py:3239} INFO - Sync 1 DAGs
[2025-09-15T08:59:00.413+0000] {logging_mixin.py:190} INFO - [2025-09-15T08:59:00.413+0000] {dag.py:4180} INFO - Setting next_dagrun for etl_pipeline_JO to 2025-09-15 08:00:00+00:00, run_after=2025-09-15 09:00:00+00:00
[2025-09-15T08:59:00.443+0000] {processor.py:208} INFO - Processing /opt/airflow/dags/JO_dag.py took 0.626 seconds
[2025-09-15T08:59:30.994+0000] {processor.py:186} INFO - Started process (PID=1089) to work on /opt/airflow/dags/JO_dag.py
[2025-09-15T08:59:30.995+0000] {processor.py:914} INFO - Processing file /opt/airflow/dags/JO_dag.py for tasks to queue
[2025-09-15T08:59:30.997+0000] {logging_mixin.py:190} INFO - [2025-09-15T08:59:30.997+0000] {dagbag.py:588} INFO - Filling up the DagBag from /opt/airflow/dags/JO_dag.py
[2025-09-15T08:59:31.369+0000] {processor.py:925} INFO - DAG(s) 'etl_pipeline_JO' retrieved from /opt/airflow/dags/JO_dag.py
[2025-09-15T08:59:31.386+0000] {logging_mixin.py:190} INFO - [2025-09-15T08:59:31.386+0000] {dag.py:3239} INFO - Sync 1 DAGs
[2025-09-15T08:59:31.404+0000] {logging_mixin.py:190} INFO - [2025-09-15T08:59:31.404+0000] {dag.py:4180} INFO - Setting next_dagrun for etl_pipeline_JO to 2025-09-15 08:00:00+00:00, run_after=2025-09-15 09:00:00+00:00
[2025-09-15T08:59:31.423+0000] {processor.py:208} INFO - Processing /opt/airflow/dags/JO_dag.py took 0.433 seconds
[2025-09-15T09:00:01.459+0000] {processor.py:186} INFO - Started process (PID=1110) to work on /opt/airflow/dags/JO_dag.py
[2025-09-15T09:00:01.460+0000] {processor.py:914} INFO - Processing file /opt/airflow/dags/JO_dag.py for tasks to queue
[2025-09-15T09:00:01.462+0000] {logging_mixin.py:190} INFO - [2025-09-15T09:00:01.462+0000] {dagbag.py:588} INFO - Filling up the DagBag from /opt/airflow/dags/JO_dag.py
[2025-09-15T09:00:01.862+0000] {processor.py:925} INFO - DAG(s) 'etl_pipeline_JO' retrieved from /opt/airflow/dags/JO_dag.py
[2025-09-15T09:00:01.881+0000] {logging_mixin.py:190} INFO - [2025-09-15T09:00:01.880+0000] {dag.py:3239} INFO - Sync 1 DAGs
[2025-09-15T09:00:01.917+0000] {logging_mixin.py:190} INFO - [2025-09-15T09:00:01.917+0000] {dag.py:4180} INFO - Setting next_dagrun for etl_pipeline_JO to 2025-09-15 09:00:00+00:00, run_after=2025-09-15 10:00:00+00:00
[2025-09-15T09:00:01.934+0000] {processor.py:208} INFO - Processing /opt/airflow/dags/JO_dag.py took 0.481 seconds
[2025-09-15T09:00:32.902+0000] {processor.py:186} INFO - Started process (PID=1131) to work on /opt/airflow/dags/JO_dag.py
[2025-09-15T09:00:32.903+0000] {processor.py:914} INFO - Processing file /opt/airflow/dags/JO_dag.py for tasks to queue
[2025-09-15T09:00:32.904+0000] {logging_mixin.py:190} INFO - [2025-09-15T09:00:32.904+0000] {dagbag.py:588} INFO - Filling up the DagBag from /opt/airflow/dags/JO_dag.py
[2025-09-15T09:00:33.283+0000] {processor.py:925} INFO - DAG(s) 'etl_pipeline_JO' retrieved from /opt/airflow/dags/JO_dag.py
[2025-09-15T09:00:33.300+0000] {logging_mixin.py:190} INFO - [2025-09-15T09:00:33.300+0000] {dag.py:3239} INFO - Sync 1 DAGs
[2025-09-15T09:00:33.317+0000] {logging_mixin.py:190} INFO - [2025-09-15T09:00:33.316+0000] {dag.py:4180} INFO - Setting next_dagrun for etl_pipeline_JO to 2025-09-15 09:00:00+00:00, run_after=2025-09-15 10:00:00+00:00
[2025-09-15T09:00:33.337+0000] {processor.py:208} INFO - Processing /opt/airflow/dags/JO_dag.py took 0.440 seconds
[2025-09-15T09:01:03.435+0000] {processor.py:186} INFO - Started process (PID=1148) to work on /opt/airflow/dags/JO_dag.py
[2025-09-15T09:01:03.435+0000] {processor.py:914} INFO - Processing file /opt/airflow/dags/JO_dag.py for tasks to queue
[2025-09-15T09:01:03.437+0000] {logging_mixin.py:190} INFO - [2025-09-15T09:01:03.437+0000] {dagbag.py:588} INFO - Filling up the DagBag from /opt/airflow/dags/JO_dag.py
[2025-09-15T09:01:03.816+0000] {processor.py:925} INFO - DAG(s) 'etl_pipeline_JO' retrieved from /opt/airflow/dags/JO_dag.py
[2025-09-15T09:01:03.833+0000] {logging_mixin.py:190} INFO - [2025-09-15T09:01:03.833+0000] {dag.py:3239} INFO - Sync 1 DAGs
[2025-09-15T09:01:03.850+0000] {logging_mixin.py:190} INFO - [2025-09-15T09:01:03.850+0000] {dag.py:4180} INFO - Setting next_dagrun for etl_pipeline_JO to 2025-09-15 09:00:00+00:00, run_after=2025-09-15 10:00:00+00:00
[2025-09-15T09:01:03.865+0000] {processor.py:208} INFO - Processing /opt/airflow/dags/JO_dag.py took 0.435 seconds
[2025-09-15T09:01:34.763+0000] {processor.py:186} INFO - Started process (PID=1165) to work on /opt/airflow/dags/JO_dag.py
[2025-09-15T09:01:34.764+0000] {processor.py:914} INFO - Processing file /opt/airflow/dags/JO_dag.py for tasks to queue
[2025-09-15T09:01:34.766+0000] {logging_mixin.py:190} INFO - [2025-09-15T09:01:34.765+0000] {dagbag.py:588} INFO - Filling up the DagBag from /opt/airflow/dags/JO_dag.py
[2025-09-15T09:01:35.163+0000] {processor.py:925} INFO - DAG(s) 'etl_pipeline_JO' retrieved from /opt/airflow/dags/JO_dag.py
[2025-09-15T09:01:35.180+0000] {logging_mixin.py:190} INFO - [2025-09-15T09:01:35.180+0000] {dag.py:3239} INFO - Sync 1 DAGs
[2025-09-15T09:01:35.198+0000] {logging_mixin.py:190} INFO - [2025-09-15T09:01:35.197+0000] {dag.py:4180} INFO - Setting next_dagrun for etl_pipeline_JO to 2025-09-15 09:00:00+00:00, run_after=2025-09-15 10:00:00+00:00
[2025-09-15T09:01:35.216+0000] {processor.py:208} INFO - Processing /opt/airflow/dags/JO_dag.py took 0.458 seconds
