[2025-09-15T08:35:08.196+0000] {processor.py:186} INFO - Started process (PID=222) to work on /opt/airflow/dags/premier_dag.py
[2025-09-15T08:35:08.199+0000] {processor.py:914} INFO - Processing file /opt/airflow/dags/premier_dag.py for tasks to queue
[2025-09-15T08:35:08.203+0000] {logging_mixin.py:190} INFO - [2025-09-15T08:35:08.202+0000] {dagbag.py:588} INFO - Filling up the DagBag from /opt/airflow/dags/premier_dag.py
[2025-09-15T08:35:08.242+0000] {processor.py:925} INFO - DAG(s) 'premier_dag_test' retrieved from /opt/airflow/dags/premier_dag.py
[2025-09-15T08:35:08.288+0000] {logging_mixin.py:190} INFO - [2025-09-15T08:35:08.288+0000] {dag.py:3239} INFO - Sync 1 DAGs
[2025-09-15T08:35:08.336+0000] {logging_mixin.py:190} INFO - [2025-09-15T08:35:08.335+0000] {dag.py:4180} INFO - Setting next_dagrun for premier_dag_test to 2025-06-02 09:00:00+00:00, run_after=2025-06-02 10:00:00+00:00
[2025-09-15T08:35:08.365+0000] {processor.py:208} INFO - Processing /opt/airflow/dags/premier_dag.py took 0.179 seconds
[2025-09-15T08:35:38.589+0000] {processor.py:186} INFO - Started process (PID=253) to work on /opt/airflow/dags/premier_dag.py
[2025-09-15T08:35:38.590+0000] {processor.py:914} INFO - Processing file /opt/airflow/dags/premier_dag.py for tasks to queue
[2025-09-15T08:35:38.594+0000] {logging_mixin.py:190} INFO - [2025-09-15T08:35:38.593+0000] {dagbag.py:588} INFO - Filling up the DagBag from /opt/airflow/dags/premier_dag.py
[2025-09-15T08:35:38.644+0000] {processor.py:925} INFO - DAG(s) 'premier_dag_test' retrieved from /opt/airflow/dags/premier_dag.py
[2025-09-15T08:35:38.684+0000] {logging_mixin.py:190} INFO - [2025-09-15T08:35:38.684+0000] {dag.py:3239} INFO - Sync 1 DAGs
[2025-09-15T08:35:38.720+0000] {logging_mixin.py:190} INFO - [2025-09-15T08:35:38.719+0000] {dag.py:4180} INFO - Setting next_dagrun for premier_dag_test to 2025-06-02 09:00:00+00:00, run_after=2025-06-02 10:00:00+00:00
[2025-09-15T08:35:38.753+0000] {processor.py:208} INFO - Processing /opt/airflow/dags/premier_dag.py took 0.172 seconds
[2025-09-15T08:36:08.821+0000] {processor.py:186} INFO - Started process (PID=270) to work on /opt/airflow/dags/premier_dag.py
[2025-09-15T08:36:08.823+0000] {processor.py:914} INFO - Processing file /opt/airflow/dags/premier_dag.py for tasks to queue
[2025-09-15T08:36:08.827+0000] {logging_mixin.py:190} INFO - [2025-09-15T08:36:08.827+0000] {dagbag.py:588} INFO - Filling up the DagBag from /opt/airflow/dags/premier_dag.py
[2025-09-15T08:36:08.856+0000] {processor.py:925} INFO - DAG(s) 'premier_dag_test' retrieved from /opt/airflow/dags/premier_dag.py
[2025-09-15T08:36:08.883+0000] {logging_mixin.py:190} INFO - [2025-09-15T08:36:08.883+0000] {dag.py:3239} INFO - Sync 1 DAGs
[2025-09-15T08:36:08.909+0000] {logging_mixin.py:190} INFO - [2025-09-15T08:36:08.909+0000] {dag.py:4180} INFO - Setting next_dagrun for premier_dag_test to 2025-06-02 09:00:00+00:00, run_after=2025-06-02 10:00:00+00:00
[2025-09-15T08:36:08.961+0000] {processor.py:208} INFO - Processing /opt/airflow/dags/premier_dag.py took 0.145 seconds
[2025-09-15T08:36:39.416+0000] {processor.py:186} INFO - Started process (PID=287) to work on /opt/airflow/dags/premier_dag.py
[2025-09-15T08:36:39.417+0000] {processor.py:914} INFO - Processing file /opt/airflow/dags/premier_dag.py for tasks to queue
[2025-09-15T08:36:39.420+0000] {logging_mixin.py:190} INFO - [2025-09-15T08:36:39.420+0000] {dagbag.py:588} INFO - Filling up the DagBag from /opt/airflow/dags/premier_dag.py
[2025-09-15T08:36:39.453+0000] {processor.py:925} INFO - DAG(s) 'premier_dag_test' retrieved from /opt/airflow/dags/premier_dag.py
[2025-09-15T08:36:39.479+0000] {logging_mixin.py:190} INFO - [2025-09-15T08:36:39.479+0000] {dag.py:3239} INFO - Sync 1 DAGs
[2025-09-15T08:36:39.501+0000] {logging_mixin.py:190} INFO - [2025-09-15T08:36:39.501+0000] {dag.py:4180} INFO - Setting next_dagrun for premier_dag_test to 2025-06-02 09:00:00+00:00, run_after=2025-06-02 10:00:00+00:00
[2025-09-15T08:36:39.522+0000] {processor.py:208} INFO - Processing /opt/airflow/dags/premier_dag.py took 0.111 seconds
[2025-09-15T08:37:09.633+0000] {processor.py:186} INFO - Started process (PID=304) to work on /opt/airflow/dags/premier_dag.py
[2025-09-15T08:37:09.636+0000] {processor.py:914} INFO - Processing file /opt/airflow/dags/premier_dag.py for tasks to queue
[2025-09-15T08:37:09.642+0000] {logging_mixin.py:190} INFO - [2025-09-15T08:37:09.641+0000] {dagbag.py:588} INFO - Filling up the DagBag from /opt/airflow/dags/premier_dag.py
[2025-09-15T08:37:09.678+0000] {processor.py:925} INFO - DAG(s) 'premier_dag_test' retrieved from /opt/airflow/dags/premier_dag.py
[2025-09-15T08:37:09.723+0000] {logging_mixin.py:190} INFO - [2025-09-15T08:37:09.722+0000] {dag.py:3239} INFO - Sync 1 DAGs
[2025-09-15T08:37:09.766+0000] {logging_mixin.py:190} INFO - [2025-09-15T08:37:09.766+0000] {dag.py:4180} INFO - Setting next_dagrun for premier_dag_test to 2025-06-02 09:00:00+00:00, run_after=2025-06-02 10:00:00+00:00
[2025-09-15T08:37:09.798+0000] {processor.py:208} INFO - Processing /opt/airflow/dags/premier_dag.py took 0.175 seconds
[2025-09-15T08:37:40.395+0000] {processor.py:186} INFO - Started process (PID=321) to work on /opt/airflow/dags/premier_dag.py
[2025-09-15T08:37:40.396+0000] {processor.py:914} INFO - Processing file /opt/airflow/dags/premier_dag.py for tasks to queue
[2025-09-15T08:37:40.399+0000] {logging_mixin.py:190} INFO - [2025-09-15T08:37:40.399+0000] {dagbag.py:588} INFO - Filling up the DagBag from /opt/airflow/dags/premier_dag.py
[2025-09-15T08:37:40.431+0000] {processor.py:925} INFO - DAG(s) 'premier_dag_test' retrieved from /opt/airflow/dags/premier_dag.py
[2025-09-15T08:37:40.458+0000] {logging_mixin.py:190} INFO - [2025-09-15T08:37:40.458+0000] {dag.py:3239} INFO - Sync 1 DAGs
[2025-09-15T08:37:40.485+0000] {logging_mixin.py:190} INFO - [2025-09-15T08:37:40.484+0000] {dag.py:4180} INFO - Setting next_dagrun for premier_dag_test to 2025-06-02 09:00:00+00:00, run_after=2025-06-02 10:00:00+00:00
[2025-09-15T08:37:40.507+0000] {processor.py:208} INFO - Processing /opt/airflow/dags/premier_dag.py took 0.119 seconds
[2025-09-15T08:38:10.962+0000] {processor.py:186} INFO - Started process (PID=344) to work on /opt/airflow/dags/premier_dag.py
[2025-09-15T08:38:10.964+0000] {processor.py:914} INFO - Processing file /opt/airflow/dags/premier_dag.py for tasks to queue
[2025-09-15T08:38:10.967+0000] {logging_mixin.py:190} INFO - [2025-09-15T08:38:10.967+0000] {dagbag.py:588} INFO - Filling up the DagBag from /opt/airflow/dags/premier_dag.py
[2025-09-15T08:38:11.004+0000] {processor.py:925} INFO - DAG(s) 'premier_dag_test' retrieved from /opt/airflow/dags/premier_dag.py
[2025-09-15T08:38:11.031+0000] {logging_mixin.py:190} INFO - [2025-09-15T08:38:11.030+0000] {dag.py:3239} INFO - Sync 1 DAGs
[2025-09-15T08:38:11.056+0000] {logging_mixin.py:190} INFO - [2025-09-15T08:38:11.056+0000] {dag.py:4180} INFO - Setting next_dagrun for premier_dag_test to 2025-06-02 09:00:00+00:00, run_after=2025-06-02 10:00:00+00:00
[2025-09-15T08:38:11.117+0000] {processor.py:208} INFO - Processing /opt/airflow/dags/premier_dag.py took 0.162 seconds
[2025-09-15T08:38:41.555+0000] {processor.py:186} INFO - Started process (PID=361) to work on /opt/airflow/dags/premier_dag.py
[2025-09-15T08:38:41.556+0000] {processor.py:914} INFO - Processing file /opt/airflow/dags/premier_dag.py for tasks to queue
[2025-09-15T08:38:41.559+0000] {logging_mixin.py:190} INFO - [2025-09-15T08:38:41.559+0000] {dagbag.py:588} INFO - Filling up the DagBag from /opt/airflow/dags/premier_dag.py
[2025-09-15T08:38:41.603+0000] {processor.py:925} INFO - DAG(s) 'premier_dag_test' retrieved from /opt/airflow/dags/premier_dag.py
[2025-09-15T08:38:41.636+0000] {logging_mixin.py:190} INFO - [2025-09-15T08:38:41.635+0000] {dag.py:3239} INFO - Sync 1 DAGs
[2025-09-15T08:38:41.662+0000] {logging_mixin.py:190} INFO - [2025-09-15T08:38:41.661+0000] {dag.py:4180} INFO - Setting next_dagrun for premier_dag_test to 2025-06-02 09:00:00+00:00, run_after=2025-06-02 10:00:00+00:00
[2025-09-15T08:38:41.722+0000] {processor.py:208} INFO - Processing /opt/airflow/dags/premier_dag.py took 0.171 seconds
[2025-09-15T08:39:11.963+0000] {processor.py:186} INFO - Started process (PID=378) to work on /opt/airflow/dags/premier_dag.py
[2025-09-15T08:39:11.966+0000] {processor.py:914} INFO - Processing file /opt/airflow/dags/premier_dag.py for tasks to queue
[2025-09-15T08:39:11.974+0000] {logging_mixin.py:190} INFO - [2025-09-15T08:39:11.973+0000] {dagbag.py:588} INFO - Filling up the DagBag from /opt/airflow/dags/premier_dag.py
[2025-09-15T08:39:12.031+0000] {processor.py:925} INFO - DAG(s) 'premier_dag_test' retrieved from /opt/airflow/dags/premier_dag.py
[2025-09-15T08:39:12.074+0000] {logging_mixin.py:190} INFO - [2025-09-15T08:39:12.074+0000] {dag.py:3239} INFO - Sync 1 DAGs
[2025-09-15T08:39:12.114+0000] {logging_mixin.py:190} INFO - [2025-09-15T08:39:12.114+0000] {dag.py:4180} INFO - Setting next_dagrun for premier_dag_test to 2025-06-02 09:00:00+00:00, run_after=2025-06-02 10:00:00+00:00
[2025-09-15T08:39:12.185+0000] {processor.py:208} INFO - Processing /opt/airflow/dags/premier_dag.py took 0.232 seconds
[2025-09-15T08:39:42.745+0000] {processor.py:186} INFO - Started process (PID=395) to work on /opt/airflow/dags/premier_dag.py
[2025-09-15T08:39:42.747+0000] {processor.py:914} INFO - Processing file /opt/airflow/dags/premier_dag.py for tasks to queue
[2025-09-15T08:39:42.750+0000] {logging_mixin.py:190} INFO - [2025-09-15T08:39:42.750+0000] {dagbag.py:588} INFO - Filling up the DagBag from /opt/airflow/dags/premier_dag.py
[2025-09-15T08:39:42.790+0000] {processor.py:925} INFO - DAG(s) 'premier_dag_test' retrieved from /opt/airflow/dags/premier_dag.py
[2025-09-15T08:39:42.821+0000] {logging_mixin.py:190} INFO - [2025-09-15T08:39:42.821+0000] {dag.py:3239} INFO - Sync 1 DAGs
[2025-09-15T08:39:42.852+0000] {logging_mixin.py:190} INFO - [2025-09-15T08:39:42.851+0000] {dag.py:4180} INFO - Setting next_dagrun for premier_dag_test to 2025-06-02 09:00:00+00:00, run_after=2025-06-02 10:00:00+00:00
[2025-09-15T08:39:42.911+0000] {processor.py:208} INFO - Processing /opt/airflow/dags/premier_dag.py took 0.172 seconds
[2025-09-15T08:40:13.055+0000] {processor.py:186} INFO - Started process (PID=420) to work on /opt/airflow/dags/premier_dag.py
[2025-09-15T08:40:13.056+0000] {processor.py:914} INFO - Processing file /opt/airflow/dags/premier_dag.py for tasks to queue
[2025-09-15T08:40:13.058+0000] {logging_mixin.py:190} INFO - [2025-09-15T08:40:13.058+0000] {dagbag.py:588} INFO - Filling up the DagBag from /opt/airflow/dags/premier_dag.py
[2025-09-15T08:40:13.093+0000] {processor.py:925} INFO - DAG(s) 'premier_dag_test' retrieved from /opt/airflow/dags/premier_dag.py
[2025-09-15T08:40:13.123+0000] {logging_mixin.py:190} INFO - [2025-09-15T08:40:13.122+0000] {dag.py:3239} INFO - Sync 1 DAGs
[2025-09-15T08:40:13.152+0000] {logging_mixin.py:190} INFO - [2025-09-15T08:40:13.152+0000] {dag.py:4180} INFO - Setting next_dagrun for premier_dag_test to 2025-06-02 09:00:00+00:00, run_after=2025-06-02 10:00:00+00:00
[2025-09-15T08:40:13.212+0000] {processor.py:208} INFO - Processing /opt/airflow/dags/premier_dag.py took 0.164 seconds
[2025-09-15T08:40:43.680+0000] {processor.py:186} INFO - Started process (PID=437) to work on /opt/airflow/dags/premier_dag.py
[2025-09-15T08:40:43.681+0000] {processor.py:914} INFO - Processing file /opt/airflow/dags/premier_dag.py for tasks to queue
[2025-09-15T08:40:43.688+0000] {logging_mixin.py:190} INFO - [2025-09-15T08:40:43.687+0000] {dagbag.py:588} INFO - Filling up the DagBag from /opt/airflow/dags/premier_dag.py
[2025-09-15T08:40:43.733+0000] {processor.py:925} INFO - DAG(s) 'premier_dag_test' retrieved from /opt/airflow/dags/premier_dag.py
[2025-09-15T08:40:43.772+0000] {logging_mixin.py:190} INFO - [2025-09-15T08:40:43.772+0000] {dag.py:3239} INFO - Sync 1 DAGs
[2025-09-15T08:40:43.801+0000] {logging_mixin.py:190} INFO - [2025-09-15T08:40:43.801+0000] {dag.py:4180} INFO - Setting next_dagrun for premier_dag_test to 2025-06-02 09:00:00+00:00, run_after=2025-06-02 10:00:00+00:00
[2025-09-15T08:40:43.830+0000] {processor.py:208} INFO - Processing /opt/airflow/dags/premier_dag.py took 0.160 seconds
[2025-09-15T08:41:14.118+0000] {processor.py:186} INFO - Started process (PID=454) to work on /opt/airflow/dags/premier_dag.py
[2025-09-15T08:41:14.120+0000] {processor.py:914} INFO - Processing file /opt/airflow/dags/premier_dag.py for tasks to queue
[2025-09-15T08:41:14.123+0000] {logging_mixin.py:190} INFO - [2025-09-15T08:41:14.122+0000] {dagbag.py:588} INFO - Filling up the DagBag from /opt/airflow/dags/premier_dag.py
[2025-09-15T08:41:14.156+0000] {processor.py:925} INFO - DAG(s) 'premier_dag_test' retrieved from /opt/airflow/dags/premier_dag.py
[2025-09-15T08:41:14.188+0000] {logging_mixin.py:190} INFO - [2025-09-15T08:41:14.188+0000] {dag.py:3239} INFO - Sync 1 DAGs
[2025-09-15T08:41:14.222+0000] {logging_mixin.py:190} INFO - [2025-09-15T08:41:14.221+0000] {dag.py:4180} INFO - Setting next_dagrun for premier_dag_test to 2025-06-02 09:00:00+00:00, run_after=2025-06-02 10:00:00+00:00
[2025-09-15T08:41:14.286+0000] {processor.py:208} INFO - Processing /opt/airflow/dags/premier_dag.py took 0.173 seconds
[2025-09-15T08:41:44.450+0000] {processor.py:186} INFO - Started process (PID=471) to work on /opt/airflow/dags/premier_dag.py
[2025-09-15T08:41:44.451+0000] {processor.py:914} INFO - Processing file /opt/airflow/dags/premier_dag.py for tasks to queue
[2025-09-15T08:41:44.454+0000] {logging_mixin.py:190} INFO - [2025-09-15T08:41:44.453+0000] {dagbag.py:588} INFO - Filling up the DagBag from /opt/airflow/dags/premier_dag.py
[2025-09-15T08:41:44.496+0000] {processor.py:925} INFO - DAG(s) 'premier_dag_test' retrieved from /opt/airflow/dags/premier_dag.py
[2025-09-15T08:41:44.526+0000] {logging_mixin.py:190} INFO - [2025-09-15T08:41:44.525+0000] {dag.py:3239} INFO - Sync 1 DAGs
[2025-09-15T08:41:44.554+0000] {logging_mixin.py:190} INFO - [2025-09-15T08:41:44.554+0000] {dag.py:4180} INFO - Setting next_dagrun for premier_dag_test to 2025-06-02 09:00:00+00:00, run_after=2025-06-02 10:00:00+00:00
[2025-09-15T08:41:44.593+0000] {processor.py:208} INFO - Processing /opt/airflow/dags/premier_dag.py took 0.148 seconds
[2025-09-15T08:42:14.893+0000] {processor.py:186} INFO - Started process (PID=488) to work on /opt/airflow/dags/premier_dag.py
[2025-09-15T08:42:14.894+0000] {processor.py:914} INFO - Processing file /opt/airflow/dags/premier_dag.py for tasks to queue
[2025-09-15T08:42:14.896+0000] {logging_mixin.py:190} INFO - [2025-09-15T08:42:14.896+0000] {dagbag.py:588} INFO - Filling up the DagBag from /opt/airflow/dags/premier_dag.py
[2025-09-15T08:42:14.930+0000] {processor.py:925} INFO - DAG(s) 'premier_dag_test' retrieved from /opt/airflow/dags/premier_dag.py
[2025-09-15T08:42:14.957+0000] {logging_mixin.py:190} INFO - [2025-09-15T08:42:14.957+0000] {dag.py:3239} INFO - Sync 1 DAGs
[2025-09-15T08:42:14.983+0000] {logging_mixin.py:190} INFO - [2025-09-15T08:42:14.982+0000] {dag.py:4180} INFO - Setting next_dagrun for premier_dag_test to 2025-06-02 09:00:00+00:00, run_after=2025-06-02 10:00:00+00:00
[2025-09-15T08:42:15.043+0000] {processor.py:208} INFO - Processing /opt/airflow/dags/premier_dag.py took 0.155 seconds
[2025-09-15T08:42:45.297+0000] {processor.py:186} INFO - Started process (PID=505) to work on /opt/airflow/dags/premier_dag.py
[2025-09-15T08:42:45.299+0000] {processor.py:914} INFO - Processing file /opt/airflow/dags/premier_dag.py for tasks to queue
[2025-09-15T08:42:45.305+0000] {logging_mixin.py:190} INFO - [2025-09-15T08:42:45.305+0000] {dagbag.py:588} INFO - Filling up the DagBag from /opt/airflow/dags/premier_dag.py
[2025-09-15T08:42:45.354+0000] {processor.py:925} INFO - DAG(s) 'premier_dag_test' retrieved from /opt/airflow/dags/premier_dag.py
[2025-09-15T08:42:45.403+0000] {logging_mixin.py:190} INFO - [2025-09-15T08:42:45.403+0000] {dag.py:3239} INFO - Sync 1 DAGs
[2025-09-15T08:42:45.447+0000] {logging_mixin.py:190} INFO - [2025-09-15T08:42:45.446+0000] {dag.py:4180} INFO - Setting next_dagrun for premier_dag_test to 2025-06-02 09:00:00+00:00, run_after=2025-06-02 10:00:00+00:00
[2025-09-15T08:42:45.516+0000] {processor.py:208} INFO - Processing /opt/airflow/dags/premier_dag.py took 0.231 seconds
[2025-09-15T08:43:15.867+0000] {processor.py:186} INFO - Started process (PID=528) to work on /opt/airflow/dags/premier_dag.py
[2025-09-15T08:43:15.869+0000] {processor.py:914} INFO - Processing file /opt/airflow/dags/premier_dag.py for tasks to queue
[2025-09-15T08:43:15.873+0000] {logging_mixin.py:190} INFO - [2025-09-15T08:43:15.873+0000] {dagbag.py:588} INFO - Filling up the DagBag from /opt/airflow/dags/premier_dag.py
[2025-09-15T08:43:15.912+0000] {processor.py:925} INFO - DAG(s) 'premier_dag_test' retrieved from /opt/airflow/dags/premier_dag.py
[2025-09-15T08:43:15.956+0000] {logging_mixin.py:190} INFO - [2025-09-15T08:43:15.956+0000] {dag.py:3239} INFO - Sync 1 DAGs
[2025-09-15T08:43:15.995+0000] {logging_mixin.py:190} INFO - [2025-09-15T08:43:15.994+0000] {dag.py:4180} INFO - Setting next_dagrun for premier_dag_test to 2025-06-02 09:00:00+00:00, run_after=2025-06-02 10:00:00+00:00
[2025-09-15T08:43:16.027+0000] {processor.py:208} INFO - Processing /opt/airflow/dags/premier_dag.py took 0.172 seconds
[2025-09-15T08:43:46.253+0000] {processor.py:186} INFO - Started process (PID=545) to work on /opt/airflow/dags/premier_dag.py
[2025-09-15T08:43:46.254+0000] {processor.py:914} INFO - Processing file /opt/airflow/dags/premier_dag.py for tasks to queue
[2025-09-15T08:43:46.258+0000] {logging_mixin.py:190} INFO - [2025-09-15T08:43:46.258+0000] {dagbag.py:588} INFO - Filling up the DagBag from /opt/airflow/dags/premier_dag.py
[2025-09-15T08:43:46.317+0000] {processor.py:925} INFO - DAG(s) 'premier_dag_test' retrieved from /opt/airflow/dags/premier_dag.py
[2025-09-15T08:43:46.363+0000] {logging_mixin.py:190} INFO - [2025-09-15T08:43:46.362+0000] {dag.py:3239} INFO - Sync 1 DAGs
[2025-09-15T08:43:46.410+0000] {logging_mixin.py:190} INFO - [2025-09-15T08:43:46.409+0000] {dag.py:4180} INFO - Setting next_dagrun for premier_dag_test to 2025-06-02 09:00:00+00:00, run_after=2025-06-02 10:00:00+00:00
[2025-09-15T08:43:46.482+0000] {processor.py:208} INFO - Processing /opt/airflow/dags/premier_dag.py took 0.238 seconds
[2025-09-15T08:44:16.821+0000] {processor.py:186} INFO - Started process (PID=562) to work on /opt/airflow/dags/premier_dag.py
[2025-09-15T08:44:16.823+0000] {processor.py:914} INFO - Processing file /opt/airflow/dags/premier_dag.py for tasks to queue
[2025-09-15T08:44:16.826+0000] {logging_mixin.py:190} INFO - [2025-09-15T08:44:16.826+0000] {dagbag.py:588} INFO - Filling up the DagBag from /opt/airflow/dags/premier_dag.py
[2025-09-15T08:44:16.871+0000] {processor.py:925} INFO - DAG(s) 'premier_dag_test' retrieved from /opt/airflow/dags/premier_dag.py
[2025-09-15T08:44:16.905+0000] {logging_mixin.py:190} INFO - [2025-09-15T08:44:16.905+0000] {dag.py:3239} INFO - Sync 1 DAGs
[2025-09-15T08:44:16.938+0000] {logging_mixin.py:190} INFO - [2025-09-15T08:44:16.937+0000] {dag.py:4180} INFO - Setting next_dagrun for premier_dag_test to 2025-06-02 09:00:00+00:00, run_after=2025-06-02 10:00:00+00:00
[2025-09-15T08:44:17.004+0000] {processor.py:208} INFO - Processing /opt/airflow/dags/premier_dag.py took 0.189 seconds
[2025-09-15T08:44:47.411+0000] {processor.py:186} INFO - Started process (PID=579) to work on /opt/airflow/dags/premier_dag.py
[2025-09-15T08:44:47.412+0000] {processor.py:914} INFO - Processing file /opt/airflow/dags/premier_dag.py for tasks to queue
[2025-09-15T08:44:47.416+0000] {logging_mixin.py:190} INFO - [2025-09-15T08:44:47.415+0000] {dagbag.py:588} INFO - Filling up the DagBag from /opt/airflow/dags/premier_dag.py
[2025-09-15T08:44:47.458+0000] {processor.py:925} INFO - DAG(s) 'premier_dag_test' retrieved from /opt/airflow/dags/premier_dag.py
[2025-09-15T08:44:47.495+0000] {logging_mixin.py:190} INFO - [2025-09-15T08:44:47.494+0000] {dag.py:3239} INFO - Sync 1 DAGs
[2025-09-15T08:44:47.525+0000] {logging_mixin.py:190} INFO - [2025-09-15T08:44:47.525+0000] {dag.py:4180} INFO - Setting next_dagrun for premier_dag_test to 2025-06-02 09:00:00+00:00, run_after=2025-06-02 10:00:00+00:00
[2025-09-15T08:44:47.555+0000] {processor.py:208} INFO - Processing /opt/airflow/dags/premier_dag.py took 0.150 seconds
[2025-09-15T08:45:18.001+0000] {processor.py:186} INFO - Started process (PID=596) to work on /opt/airflow/dags/premier_dag.py
[2025-09-15T08:45:18.002+0000] {processor.py:914} INFO - Processing file /opt/airflow/dags/premier_dag.py for tasks to queue
[2025-09-15T08:45:18.007+0000] {logging_mixin.py:190} INFO - [2025-09-15T08:45:18.006+0000] {dagbag.py:588} INFO - Filling up the DagBag from /opt/airflow/dags/premier_dag.py
[2025-09-15T08:45:18.056+0000] {processor.py:925} INFO - DAG(s) 'premier_dag_test' retrieved from /opt/airflow/dags/premier_dag.py
[2025-09-15T08:45:18.104+0000] {logging_mixin.py:190} INFO - [2025-09-15T08:45:18.103+0000] {dag.py:3239} INFO - Sync 1 DAGs
[2025-09-15T08:45:18.146+0000] {logging_mixin.py:190} INFO - [2025-09-15T08:45:18.146+0000] {dag.py:4180} INFO - Setting next_dagrun for premier_dag_test to 2025-06-02 09:00:00+00:00, run_after=2025-06-02 10:00:00+00:00
[2025-09-15T08:45:18.185+0000] {processor.py:208} INFO - Processing /opt/airflow/dags/premier_dag.py took 0.190 seconds
[2025-09-15T08:45:48.327+0000] {processor.py:186} INFO - Started process (PID=613) to work on /opt/airflow/dags/premier_dag.py
[2025-09-15T08:45:48.330+0000] {processor.py:914} INFO - Processing file /opt/airflow/dags/premier_dag.py for tasks to queue
[2025-09-15T08:45:48.335+0000] {logging_mixin.py:190} INFO - [2025-09-15T08:45:48.335+0000] {dagbag.py:588} INFO - Filling up the DagBag from /opt/airflow/dags/premier_dag.py
[2025-09-15T08:45:48.369+0000] {processor.py:925} INFO - DAG(s) 'premier_dag_test' retrieved from /opt/airflow/dags/premier_dag.py
[2025-09-15T08:45:48.408+0000] {logging_mixin.py:190} INFO - [2025-09-15T08:45:48.408+0000] {dag.py:3239} INFO - Sync 1 DAGs
[2025-09-15T08:45:48.456+0000] {logging_mixin.py:190} INFO - [2025-09-15T08:45:48.456+0000] {dag.py:4180} INFO - Setting next_dagrun for premier_dag_test to 2025-06-02 09:00:00+00:00, run_after=2025-06-02 10:00:00+00:00
[2025-09-15T08:45:48.481+0000] {processor.py:208} INFO - Processing /opt/airflow/dags/premier_dag.py took 0.165 seconds
[2025-09-15T08:46:19.350+0000] {processor.py:186} INFO - Started process (PID=630) to work on /opt/airflow/dags/premier_dag.py
[2025-09-15T08:46:19.352+0000] {processor.py:914} INFO - Processing file /opt/airflow/dags/premier_dag.py for tasks to queue
[2025-09-15T08:46:19.354+0000] {logging_mixin.py:190} INFO - [2025-09-15T08:46:19.354+0000] {dagbag.py:588} INFO - Filling up the DagBag from /opt/airflow/dags/premier_dag.py
[2025-09-15T08:46:19.387+0000] {processor.py:925} INFO - DAG(s) 'premier_dag_test' retrieved from /opt/airflow/dags/premier_dag.py
[2025-09-15T08:46:19.414+0000] {logging_mixin.py:190} INFO - [2025-09-15T08:46:19.414+0000] {dag.py:3239} INFO - Sync 1 DAGs
[2025-09-15T08:46:19.439+0000] {logging_mixin.py:190} INFO - [2025-09-15T08:46:19.438+0000] {dag.py:4180} INFO - Setting next_dagrun for premier_dag_test to 2025-06-02 09:00:00+00:00, run_after=2025-06-02 10:00:00+00:00
[2025-09-15T08:46:19.503+0000] {processor.py:208} INFO - Processing /opt/airflow/dags/premier_dag.py took 0.160 seconds
[2025-09-15T08:46:49.932+0000] {processor.py:186} INFO - Started process (PID=647) to work on /opt/airflow/dags/premier_dag.py
[2025-09-15T08:46:49.933+0000] {processor.py:914} INFO - Processing file /opt/airflow/dags/premier_dag.py for tasks to queue
[2025-09-15T08:46:49.935+0000] {logging_mixin.py:190} INFO - [2025-09-15T08:46:49.935+0000] {dagbag.py:588} INFO - Filling up the DagBag from /opt/airflow/dags/premier_dag.py
[2025-09-15T08:46:49.969+0000] {processor.py:925} INFO - DAG(s) 'premier_dag_test' retrieved from /opt/airflow/dags/premier_dag.py
[2025-09-15T08:46:50.004+0000] {logging_mixin.py:190} INFO - [2025-09-15T08:46:50.003+0000] {dag.py:3239} INFO - Sync 1 DAGs
[2025-09-15T08:46:50.033+0000] {logging_mixin.py:190} INFO - [2025-09-15T08:46:50.032+0000] {dag.py:4180} INFO - Setting next_dagrun for premier_dag_test to 2025-06-02 09:00:00+00:00, run_after=2025-06-02 10:00:00+00:00
[2025-09-15T08:46:50.094+0000] {processor.py:208} INFO - Processing /opt/airflow/dags/premier_dag.py took 0.168 seconds
[2025-09-15T08:47:20.511+0000] {processor.py:186} INFO - Started process (PID=664) to work on /opt/airflow/dags/premier_dag.py
[2025-09-15T08:47:20.512+0000] {processor.py:914} INFO - Processing file /opt/airflow/dags/premier_dag.py for tasks to queue
[2025-09-15T08:47:20.515+0000] {logging_mixin.py:190} INFO - [2025-09-15T08:47:20.515+0000] {dagbag.py:588} INFO - Filling up the DagBag from /opt/airflow/dags/premier_dag.py
[2025-09-15T08:47:20.551+0000] {processor.py:925} INFO - DAG(s) 'premier_dag_test' retrieved from /opt/airflow/dags/premier_dag.py
[2025-09-15T08:47:18.279+0000] {logging_mixin.py:190} INFO - [2025-09-15T08:47:18.278+0000] {dag.py:3239} INFO - Sync 1 DAGs
[2025-09-15T08:47:18.314+0000] {logging_mixin.py:190} INFO - [2025-09-15T08:47:18.314+0000] {dag.py:4180} INFO - Setting next_dagrun for premier_dag_test to 2025-06-02 09:00:00+00:00, run_after=2025-06-02 10:00:00+00:00
[2025-09-15T08:47:18.345+0000] {processor.py:208} INFO - Processing /opt/airflow/dags/premier_dag.py took 0.148 seconds
[2025-09-15T08:47:48.688+0000] {processor.py:186} INFO - Started process (PID=681) to work on /opt/airflow/dags/premier_dag.py
[2025-09-15T08:47:48.690+0000] {processor.py:914} INFO - Processing file /opt/airflow/dags/premier_dag.py for tasks to queue
[2025-09-15T08:47:48.693+0000] {logging_mixin.py:190} INFO - [2025-09-15T08:47:48.693+0000] {dagbag.py:588} INFO - Filling up the DagBag from /opt/airflow/dags/premier_dag.py
[2025-09-15T08:47:48.736+0000] {processor.py:925} INFO - DAG(s) 'premier_dag_test' retrieved from /opt/airflow/dags/premier_dag.py
[2025-09-15T08:47:48.772+0000] {logging_mixin.py:190} INFO - [2025-09-15T08:47:48.771+0000] {dag.py:3239} INFO - Sync 1 DAGs
[2025-09-15T08:47:48.806+0000] {logging_mixin.py:190} INFO - [2025-09-15T08:47:48.806+0000] {dag.py:4180} INFO - Setting next_dagrun for premier_dag_test to 2025-06-02 09:00:00+00:00, run_after=2025-06-02 10:00:00+00:00
[2025-09-15T08:47:48.841+0000] {processor.py:208} INFO - Processing /opt/airflow/dags/premier_dag.py took 0.159 seconds
[2025-09-15T08:48:18.959+0000] {processor.py:186} INFO - Started process (PID=698) to work on /opt/airflow/dags/premier_dag.py
[2025-09-15T08:48:18.960+0000] {processor.py:914} INFO - Processing file /opt/airflow/dags/premier_dag.py for tasks to queue
[2025-09-15T08:48:18.964+0000] {logging_mixin.py:190} INFO - [2025-09-15T08:48:18.963+0000] {dagbag.py:588} INFO - Filling up the DagBag from /opt/airflow/dags/premier_dag.py
[2025-09-15T08:48:19.007+0000] {processor.py:925} INFO - DAG(s) 'premier_dag_test' retrieved from /opt/airflow/dags/premier_dag.py
[2025-09-15T08:48:19.047+0000] {logging_mixin.py:190} INFO - [2025-09-15T08:48:19.046+0000] {dag.py:3239} INFO - Sync 1 DAGs
[2025-09-15T08:48:19.087+0000] {logging_mixin.py:190} INFO - [2025-09-15T08:48:19.087+0000] {dag.py:4180} INFO - Setting next_dagrun for premier_dag_test to 2025-06-02 09:00:00+00:00, run_after=2025-06-02 10:00:00+00:00
[2025-09-15T08:48:19.115+0000] {processor.py:208} INFO - Processing /opt/airflow/dags/premier_dag.py took 0.169 seconds
[2025-09-15T08:48:49.445+0000] {processor.py:186} INFO - Started process (PID=721) to work on /opt/airflow/dags/premier_dag.py
[2025-09-15T08:48:49.447+0000] {processor.py:914} INFO - Processing file /opt/airflow/dags/premier_dag.py for tasks to queue
[2025-09-15T08:48:49.452+0000] {logging_mixin.py:190} INFO - [2025-09-15T08:48:49.452+0000] {dagbag.py:588} INFO - Filling up the DagBag from /opt/airflow/dags/premier_dag.py
[2025-09-15T08:48:49.484+0000] {processor.py:925} INFO - DAG(s) 'premier_dag_test' retrieved from /opt/airflow/dags/premier_dag.py
[2025-09-15T08:48:49.515+0000] {logging_mixin.py:190} INFO - [2025-09-15T08:48:49.514+0000] {dag.py:3239} INFO - Sync 1 DAGs
[2025-09-15T08:48:49.543+0000] {logging_mixin.py:190} INFO - [2025-09-15T08:48:49.543+0000] {dag.py:4180} INFO - Setting next_dagrun for premier_dag_test to 2025-06-02 09:00:00+00:00, run_after=2025-06-02 10:00:00+00:00
[2025-09-15T08:48:49.607+0000] {processor.py:208} INFO - Processing /opt/airflow/dags/premier_dag.py took 0.172 seconds
[2025-09-15T08:49:19.770+0000] {processor.py:186} INFO - Started process (PID=738) to work on /opt/airflow/dags/premier_dag.py
[2025-09-15T08:49:19.772+0000] {processor.py:914} INFO - Processing file /opt/airflow/dags/premier_dag.py for tasks to queue
[2025-09-15T08:49:19.774+0000] {logging_mixin.py:190} INFO - [2025-09-15T08:49:19.774+0000] {dagbag.py:588} INFO - Filling up the DagBag from /opt/airflow/dags/premier_dag.py
[2025-09-15T08:49:19.812+0000] {processor.py:925} INFO - DAG(s) 'premier_dag_test' retrieved from /opt/airflow/dags/premier_dag.py
[2025-09-15T08:49:19.839+0000] {logging_mixin.py:190} INFO - [2025-09-15T08:49:19.838+0000] {dag.py:3239} INFO - Sync 1 DAGs
[2025-09-15T08:49:19.865+0000] {logging_mixin.py:190} INFO - [2025-09-15T08:49:19.865+0000] {dag.py:4180} INFO - Setting next_dagrun for premier_dag_test to 2025-06-02 09:00:00+00:00, run_after=2025-06-02 10:00:00+00:00
[2025-09-15T08:49:19.924+0000] {processor.py:208} INFO - Processing /opt/airflow/dags/premier_dag.py took 0.159 seconds
[2025-09-15T08:49:50.357+0000] {processor.py:186} INFO - Started process (PID=755) to work on /opt/airflow/dags/premier_dag.py
[2025-09-15T08:49:50.359+0000] {processor.py:914} INFO - Processing file /opt/airflow/dags/premier_dag.py for tasks to queue
[2025-09-15T08:49:50.361+0000] {logging_mixin.py:190} INFO - [2025-09-15T08:49:50.361+0000] {dagbag.py:588} INFO - Filling up the DagBag from /opt/airflow/dags/premier_dag.py
[2025-09-15T08:49:50.404+0000] {processor.py:925} INFO - DAG(s) 'premier_dag_test' retrieved from /opt/airflow/dags/premier_dag.py
[2025-09-15T08:49:50.456+0000] {logging_mixin.py:190} INFO - [2025-09-15T08:49:50.455+0000] {dag.py:3239} INFO - Sync 1 DAGs
[2025-09-15T08:49:50.503+0000] {logging_mixin.py:190} INFO - [2025-09-15T08:49:50.502+0000] {dag.py:4180} INFO - Setting next_dagrun for premier_dag_test to 2025-06-02 09:00:00+00:00, run_after=2025-06-02 10:00:00+00:00
[2025-09-15T08:49:50.532+0000] {processor.py:208} INFO - Processing /opt/airflow/dags/premier_dag.py took 0.179 seconds
[2025-09-15T08:50:21.444+0000] {processor.py:186} INFO - Started process (PID=772) to work on /opt/airflow/dags/premier_dag.py
[2025-09-15T08:50:21.445+0000] {processor.py:914} INFO - Processing file /opt/airflow/dags/premier_dag.py for tasks to queue
[2025-09-15T08:50:21.448+0000] {logging_mixin.py:190} INFO - [2025-09-15T08:50:21.448+0000] {dagbag.py:588} INFO - Filling up the DagBag from /opt/airflow/dags/premier_dag.py
[2025-09-15T08:50:21.465+0000] {processor.py:925} INFO - DAG(s) 'premier_dag_test' retrieved from /opt/airflow/dags/premier_dag.py
[2025-09-15T08:50:21.489+0000] {logging_mixin.py:190} INFO - [2025-09-15T08:50:21.488+0000] {dag.py:3239} INFO - Sync 1 DAGs
[2025-09-15T08:50:21.513+0000] {logging_mixin.py:190} INFO - [2025-09-15T08:50:21.513+0000] {dag.py:4180} INFO - Setting next_dagrun for premier_dag_test to 2025-06-02 09:00:00+00:00, run_after=2025-06-02 10:00:00+00:00
[2025-09-15T08:50:21.532+0000] {processor.py:208} INFO - Processing /opt/airflow/dags/premier_dag.py took 0.093 seconds
[2025-09-15T08:50:51.882+0000] {processor.py:186} INFO - Started process (PID=789) to work on /opt/airflow/dags/premier_dag.py
[2025-09-15T08:50:51.883+0000] {processor.py:914} INFO - Processing file /opt/airflow/dags/premier_dag.py for tasks to queue
[2025-09-15T08:50:51.885+0000] {logging_mixin.py:190} INFO - [2025-09-15T08:50:51.885+0000] {dagbag.py:588} INFO - Filling up the DagBag from /opt/airflow/dags/premier_dag.py
[2025-09-15T08:50:51.902+0000] {processor.py:925} INFO - DAG(s) 'premier_dag_test' retrieved from /opt/airflow/dags/premier_dag.py
[2025-09-15T08:50:51.927+0000] {logging_mixin.py:190} INFO - [2025-09-15T08:50:51.926+0000] {dag.py:3239} INFO - Sync 1 DAGs
[2025-09-15T08:50:51.952+0000] {logging_mixin.py:190} INFO - [2025-09-15T08:50:51.951+0000] {dag.py:4180} INFO - Setting next_dagrun for premier_dag_test to 2025-06-02 09:00:00+00:00, run_after=2025-06-02 10:00:00+00:00
[2025-09-15T08:50:51.977+0000] {processor.py:208} INFO - Processing /opt/airflow/dags/premier_dag.py took 0.100 seconds
[2025-09-15T08:51:22.329+0000] {processor.py:186} INFO - Started process (PID=806) to work on /opt/airflow/dags/premier_dag.py
[2025-09-15T08:51:22.331+0000] {processor.py:914} INFO - Processing file /opt/airflow/dags/premier_dag.py for tasks to queue
[2025-09-15T08:51:22.333+0000] {logging_mixin.py:190} INFO - [2025-09-15T08:51:22.332+0000] {dagbag.py:588} INFO - Filling up the DagBag from /opt/airflow/dags/premier_dag.py
[2025-09-15T08:51:22.349+0000] {processor.py:925} INFO - DAG(s) 'premier_dag_test' retrieved from /opt/airflow/dags/premier_dag.py
[2025-09-15T08:51:22.372+0000] {logging_mixin.py:190} INFO - [2025-09-15T08:51:22.372+0000] {dag.py:3239} INFO - Sync 1 DAGs
[2025-09-15T08:51:22.397+0000] {logging_mixin.py:190} INFO - [2025-09-15T08:51:22.397+0000] {dag.py:4180} INFO - Setting next_dagrun for premier_dag_test to 2025-06-02 09:00:00+00:00, run_after=2025-06-02 10:00:00+00:00
[2025-09-15T08:51:22.421+0000] {processor.py:208} INFO - Processing /opt/airflow/dags/premier_dag.py took 0.097 seconds
[2025-09-15T08:51:52.565+0000] {processor.py:186} INFO - Started process (PID=823) to work on /opt/airflow/dags/premier_dag.py
[2025-09-15T08:51:52.566+0000] {processor.py:914} INFO - Processing file /opt/airflow/dags/premier_dag.py for tasks to queue
[2025-09-15T08:51:52.568+0000] {logging_mixin.py:190} INFO - [2025-09-15T08:51:52.568+0000] {dagbag.py:588} INFO - Filling up the DagBag from /opt/airflow/dags/premier_dag.py
[2025-09-15T08:51:52.584+0000] {processor.py:925} INFO - DAG(s) 'premier_dag_test' retrieved from /opt/airflow/dags/premier_dag.py
[2025-09-15T08:51:52.605+0000] {logging_mixin.py:190} INFO - [2025-09-15T08:51:52.604+0000] {dag.py:3239} INFO - Sync 1 DAGs
[2025-09-15T08:51:52.624+0000] {logging_mixin.py:190} INFO - [2025-09-15T08:51:52.624+0000] {dag.py:4180} INFO - Setting next_dagrun for premier_dag_test to 2025-06-02 09:00:00+00:00, run_after=2025-06-02 10:00:00+00:00
[2025-09-15T08:51:52.644+0000] {processor.py:208} INFO - Processing /opt/airflow/dags/premier_dag.py took 0.084 seconds
[2025-09-15T08:52:23.127+0000] {processor.py:186} INFO - Started process (PID=840) to work on /opt/airflow/dags/premier_dag.py
[2025-09-15T08:52:23.128+0000] {processor.py:914} INFO - Processing file /opt/airflow/dags/premier_dag.py for tasks to queue
[2025-09-15T08:52:23.131+0000] {logging_mixin.py:190} INFO - [2025-09-15T08:52:23.130+0000] {dagbag.py:588} INFO - Filling up the DagBag from /opt/airflow/dags/premier_dag.py
[2025-09-15T08:52:23.147+0000] {processor.py:925} INFO - DAG(s) 'premier_dag_test' retrieved from /opt/airflow/dags/premier_dag.py
[2025-09-15T08:52:23.171+0000] {logging_mixin.py:190} INFO - [2025-09-15T08:52:23.171+0000] {dag.py:3239} INFO - Sync 1 DAGs
[2025-09-15T08:52:23.195+0000] {logging_mixin.py:190} INFO - [2025-09-15T08:52:23.195+0000] {dag.py:4180} INFO - Setting next_dagrun for premier_dag_test to 2025-06-02 09:00:00+00:00, run_after=2025-06-02 10:00:00+00:00
[2025-09-15T08:52:23.220+0000] {processor.py:208} INFO - Processing /opt/airflow/dags/premier_dag.py took 0.099 seconds
[2025-09-15T08:52:53.659+0000] {processor.py:186} INFO - Started process (PID=857) to work on /opt/airflow/dags/premier_dag.py
[2025-09-15T08:52:53.660+0000] {processor.py:914} INFO - Processing file /opt/airflow/dags/premier_dag.py for tasks to queue
[2025-09-15T08:52:53.662+0000] {logging_mixin.py:190} INFO - [2025-09-15T08:52:53.661+0000] {dagbag.py:588} INFO - Filling up the DagBag from /opt/airflow/dags/premier_dag.py
[2025-09-15T08:52:53.677+0000] {processor.py:925} INFO - DAG(s) 'premier_dag_test' retrieved from /opt/airflow/dags/premier_dag.py
[2025-09-15T08:52:53.697+0000] {logging_mixin.py:190} INFO - [2025-09-15T08:52:53.697+0000] {dag.py:3239} INFO - Sync 1 DAGs
[2025-09-15T08:52:53.717+0000] {logging_mixin.py:190} INFO - [2025-09-15T08:52:53.717+0000] {dag.py:4180} INFO - Setting next_dagrun for premier_dag_test to 2025-06-02 09:00:00+00:00, run_after=2025-06-02 10:00:00+00:00
[2025-09-15T08:52:53.732+0000] {processor.py:208} INFO - Processing /opt/airflow/dags/premier_dag.py took 0.078 seconds
[2025-09-15T08:53:23.981+0000] {processor.py:186} INFO - Started process (PID=874) to work on /opt/airflow/dags/premier_dag.py
[2025-09-15T08:53:23.982+0000] {processor.py:914} INFO - Processing file /opt/airflow/dags/premier_dag.py for tasks to queue
[2025-09-15T08:53:23.984+0000] {logging_mixin.py:190} INFO - [2025-09-15T08:53:23.983+0000] {dagbag.py:588} INFO - Filling up the DagBag from /opt/airflow/dags/premier_dag.py
[2025-09-15T08:53:23.998+0000] {processor.py:925} INFO - DAG(s) 'premier_dag_test' retrieved from /opt/airflow/dags/premier_dag.py
[2025-09-15T08:53:24.018+0000] {logging_mixin.py:190} INFO - [2025-09-15T08:53:24.018+0000] {dag.py:3239} INFO - Sync 1 DAGs
[2025-09-15T08:53:24.041+0000] {logging_mixin.py:190} INFO - [2025-09-15T08:53:24.040+0000] {dag.py:4180} INFO - Setting next_dagrun for premier_dag_test to 2025-06-02 09:00:00+00:00, run_after=2025-06-02 10:00:00+00:00
[2025-09-15T08:53:24.058+0000] {processor.py:208} INFO - Processing /opt/airflow/dags/premier_dag.py took 0.082 seconds
[2025-09-15T08:53:54.240+0000] {processor.py:186} INFO - Started process (PID=897) to work on /opt/airflow/dags/premier_dag.py
[2025-09-15T08:53:54.241+0000] {processor.py:914} INFO - Processing file /opt/airflow/dags/premier_dag.py for tasks to queue
[2025-09-15T08:53:54.243+0000] {logging_mixin.py:190} INFO - [2025-09-15T08:53:54.242+0000] {dagbag.py:588} INFO - Filling up the DagBag from /opt/airflow/dags/premier_dag.py
[2025-09-15T08:53:54.260+0000] {processor.py:925} INFO - DAG(s) 'premier_dag_test' retrieved from /opt/airflow/dags/premier_dag.py
[2025-09-15T08:53:54.285+0000] {logging_mixin.py:190} INFO - [2025-09-15T08:53:54.284+0000] {dag.py:3239} INFO - Sync 1 DAGs
[2025-09-15T08:53:54.309+0000] {logging_mixin.py:190} INFO - [2025-09-15T08:53:54.309+0000] {dag.py:4180} INFO - Setting next_dagrun for premier_dag_test to 2025-06-02 09:00:00+00:00, run_after=2025-06-02 10:00:00+00:00
[2025-09-15T08:53:54.329+0000] {processor.py:208} INFO - Processing /opt/airflow/dags/premier_dag.py took 0.095 seconds
[2025-09-15T08:54:24.897+0000] {processor.py:186} INFO - Started process (PID=914) to work on /opt/airflow/dags/premier_dag.py
[2025-09-15T08:54:24.898+0000] {processor.py:914} INFO - Processing file /opt/airflow/dags/premier_dag.py for tasks to queue
[2025-09-15T08:54:24.900+0000] {logging_mixin.py:190} INFO - [2025-09-15T08:54:24.900+0000] {dagbag.py:588} INFO - Filling up the DagBag from /opt/airflow/dags/premier_dag.py
[2025-09-15T08:54:24.919+0000] {processor.py:925} INFO - DAG(s) 'premier_dag_test' retrieved from /opt/airflow/dags/premier_dag.py
[2025-09-15T08:54:24.944+0000] {logging_mixin.py:190} INFO - [2025-09-15T08:54:24.944+0000] {dag.py:3239} INFO - Sync 1 DAGs
[2025-09-15T08:54:24.970+0000] {logging_mixin.py:190} INFO - [2025-09-15T08:54:24.969+0000] {dag.py:4180} INFO - Setting next_dagrun for premier_dag_test to 2025-06-02 09:00:00+00:00, run_after=2025-06-02 10:00:00+00:00
[2025-09-15T08:54:24.989+0000] {processor.py:208} INFO - Processing /opt/airflow/dags/premier_dag.py took 0.098 seconds
[2025-09-15T08:54:55.310+0000] {processor.py:186} INFO - Started process (PID=931) to work on /opt/airflow/dags/premier_dag.py
[2025-09-15T08:54:55.311+0000] {processor.py:914} INFO - Processing file /opt/airflow/dags/premier_dag.py for tasks to queue
[2025-09-15T08:54:55.313+0000] {logging_mixin.py:190} INFO - [2025-09-15T08:54:55.313+0000] {dagbag.py:588} INFO - Filling up the DagBag from /opt/airflow/dags/premier_dag.py
[2025-09-15T08:54:55.328+0000] {processor.py:925} INFO - DAG(s) 'premier_dag_test' retrieved from /opt/airflow/dags/premier_dag.py
[2025-09-15T08:54:55.349+0000] {logging_mixin.py:190} INFO - [2025-09-15T08:54:55.349+0000] {dag.py:3239} INFO - Sync 1 DAGs
[2025-09-15T08:54:55.369+0000] {logging_mixin.py:190} INFO - [2025-09-15T08:54:55.369+0000] {dag.py:4180} INFO - Setting next_dagrun for premier_dag_test to 2025-06-02 09:00:00+00:00, run_after=2025-06-02 10:00:00+00:00
[2025-09-15T08:54:55.389+0000] {processor.py:208} INFO - Processing /opt/airflow/dags/premier_dag.py took 0.084 seconds
[2025-09-15T08:55:25.583+0000] {processor.py:186} INFO - Started process (PID=948) to work on /opt/airflow/dags/premier_dag.py
[2025-09-15T08:55:25.584+0000] {processor.py:914} INFO - Processing file /opt/airflow/dags/premier_dag.py for tasks to queue
[2025-09-15T08:55:25.586+0000] {logging_mixin.py:190} INFO - [2025-09-15T08:55:25.585+0000] {dagbag.py:588} INFO - Filling up the DagBag from /opt/airflow/dags/premier_dag.py
[2025-09-15T08:55:25.603+0000] {processor.py:925} INFO - DAG(s) 'premier_dag_test' retrieved from /opt/airflow/dags/premier_dag.py
[2025-09-15T08:55:25.623+0000] {logging_mixin.py:190} INFO - [2025-09-15T08:55:25.622+0000] {dag.py:3239} INFO - Sync 1 DAGs
[2025-09-15T08:55:25.642+0000] {logging_mixin.py:190} INFO - [2025-09-15T08:55:25.642+0000] {dag.py:4180} INFO - Setting next_dagrun for premier_dag_test to 2025-06-02 09:00:00+00:00, run_after=2025-06-02 10:00:00+00:00
[2025-09-15T08:55:25.663+0000] {processor.py:208} INFO - Processing /opt/airflow/dags/premier_dag.py took 0.084 seconds
[2025-09-15T08:55:55.817+0000] {processor.py:186} INFO - Started process (PID=965) to work on /opt/airflow/dags/premier_dag.py
[2025-09-15T08:55:55.818+0000] {processor.py:914} INFO - Processing file /opt/airflow/dags/premier_dag.py for tasks to queue
[2025-09-15T08:55:55.820+0000] {logging_mixin.py:190} INFO - [2025-09-15T08:55:55.820+0000] {dagbag.py:588} INFO - Filling up the DagBag from /opt/airflow/dags/premier_dag.py
[2025-09-15T08:55:55.840+0000] {processor.py:925} INFO - DAG(s) 'premier_dag_test' retrieved from /opt/airflow/dags/premier_dag.py
[2025-09-15T08:55:55.869+0000] {logging_mixin.py:190} INFO - [2025-09-15T08:55:55.869+0000] {dag.py:3239} INFO - Sync 1 DAGs
[2025-09-15T08:55:55.898+0000] {logging_mixin.py:190} INFO - [2025-09-15T08:55:55.898+0000] {dag.py:4180} INFO - Setting next_dagrun for premier_dag_test to 2025-06-02 09:00:00+00:00, run_after=2025-06-02 10:00:00+00:00
[2025-09-15T08:55:55.920+0000] {processor.py:208} INFO - Processing /opt/airflow/dags/premier_dag.py took 0.110 seconds
[2025-09-15T08:56:26.145+0000] {processor.py:186} INFO - Started process (PID=982) to work on /opt/airflow/dags/premier_dag.py
[2025-09-15T08:56:26.145+0000] {processor.py:914} INFO - Processing file /opt/airflow/dags/premier_dag.py for tasks to queue
[2025-09-15T08:56:26.147+0000] {logging_mixin.py:190} INFO - [2025-09-15T08:56:26.147+0000] {dagbag.py:588} INFO - Filling up the DagBag from /opt/airflow/dags/premier_dag.py
[2025-09-15T08:56:26.163+0000] {processor.py:925} INFO - DAG(s) 'premier_dag_test' retrieved from /opt/airflow/dags/premier_dag.py
[2025-09-15T08:56:26.183+0000] {logging_mixin.py:190} INFO - [2025-09-15T08:56:26.183+0000] {dag.py:3239} INFO - Sync 1 DAGs
[2025-09-15T08:56:26.204+0000] {logging_mixin.py:190} INFO - [2025-09-15T08:56:26.203+0000] {dag.py:4180} INFO - Setting next_dagrun for premier_dag_test to 2025-06-02 09:00:00+00:00, run_after=2025-06-02 10:00:00+00:00
[2025-09-15T08:56:26.220+0000] {processor.py:208} INFO - Processing /opt/airflow/dags/premier_dag.py took 0.081 seconds
[2025-09-15T08:56:56.422+0000] {processor.py:186} INFO - Started process (PID=999) to work on /opt/airflow/dags/premier_dag.py
[2025-09-15T08:56:56.423+0000] {processor.py:914} INFO - Processing file /opt/airflow/dags/premier_dag.py for tasks to queue
[2025-09-15T08:56:56.425+0000] {logging_mixin.py:190} INFO - [2025-09-15T08:56:56.425+0000] {dagbag.py:588} INFO - Filling up the DagBag from /opt/airflow/dags/premier_dag.py
[2025-09-15T08:56:56.440+0000] {processor.py:925} INFO - DAG(s) 'premier_dag_test' retrieved from /opt/airflow/dags/premier_dag.py
[2025-09-15T08:56:56.463+0000] {logging_mixin.py:190} INFO - [2025-09-15T08:56:56.463+0000] {dag.py:3239} INFO - Sync 1 DAGs
[2025-09-15T08:56:56.485+0000] {logging_mixin.py:190} INFO - [2025-09-15T08:56:56.485+0000] {dag.py:4180} INFO - Setting next_dagrun for premier_dag_test to 2025-06-02 09:00:00+00:00, run_after=2025-06-02 10:00:00+00:00
[2025-09-15T08:56:56.509+0000] {processor.py:208} INFO - Processing /opt/airflow/dags/premier_dag.py took 0.092 seconds
[2025-09-15T08:57:26.927+0000] {processor.py:186} INFO - Started process (PID=1016) to work on /opt/airflow/dags/premier_dag.py
[2025-09-15T08:57:26.928+0000] {processor.py:914} INFO - Processing file /opt/airflow/dags/premier_dag.py for tasks to queue
[2025-09-15T08:57:26.930+0000] {logging_mixin.py:190} INFO - [2025-09-15T08:57:26.929+0000] {dagbag.py:588} INFO - Filling up the DagBag from /opt/airflow/dags/premier_dag.py
[2025-09-15T08:57:26.945+0000] {processor.py:925} INFO - DAG(s) 'premier_dag_test' retrieved from /opt/airflow/dags/premier_dag.py
[2025-09-15T08:57:26.966+0000] {logging_mixin.py:190} INFO - [2025-09-15T08:57:26.966+0000] {dag.py:3239} INFO - Sync 1 DAGs
[2025-09-15T08:57:26.987+0000] {logging_mixin.py:190} INFO - [2025-09-15T08:57:26.986+0000] {dag.py:4180} INFO - Setting next_dagrun for premier_dag_test to 2025-06-02 09:00:00+00:00, run_after=2025-06-02 10:00:00+00:00
[2025-09-15T08:57:27.002+0000] {processor.py:208} INFO - Processing /opt/airflow/dags/premier_dag.py took 0.080 seconds
[2025-09-15T08:57:57.501+0000] {processor.py:186} INFO - Started process (PID=1033) to work on /opt/airflow/dags/premier_dag.py
[2025-09-15T08:57:57.502+0000] {processor.py:914} INFO - Processing file /opt/airflow/dags/premier_dag.py for tasks to queue
[2025-09-15T08:57:57.505+0000] {logging_mixin.py:190} INFO - [2025-09-15T08:57:57.505+0000] {dagbag.py:588} INFO - Filling up the DagBag from /opt/airflow/dags/premier_dag.py
[2025-09-15T08:57:57.522+0000] {processor.py:925} INFO - DAG(s) 'premier_dag_test' retrieved from /opt/airflow/dags/premier_dag.py
[2025-09-15T08:57:57.544+0000] {logging_mixin.py:190} INFO - [2025-09-15T08:57:57.543+0000] {dag.py:3239} INFO - Sync 1 DAGs
[2025-09-15T08:57:57.566+0000] {logging_mixin.py:190} INFO - [2025-09-15T08:57:57.566+0000] {dag.py:4180} INFO - Setting next_dagrun for premier_dag_test to 2025-06-02 09:00:00+00:00, run_after=2025-06-02 10:00:00+00:00
[2025-09-15T08:57:57.584+0000] {processor.py:208} INFO - Processing /opt/airflow/dags/premier_dag.py took 0.088 seconds
[2025-09-15T08:58:28.491+0000] {processor.py:186} INFO - Started process (PID=1047) to work on /opt/airflow/dags/premier_dag.py
[2025-09-15T08:58:28.491+0000] {processor.py:914} INFO - Processing file /opt/airflow/dags/premier_dag.py for tasks to queue
[2025-09-15T08:58:28.493+0000] {logging_mixin.py:190} INFO - [2025-09-15T08:58:28.493+0000] {dagbag.py:588} INFO - Filling up the DagBag from /opt/airflow/dags/premier_dag.py
[2025-09-15T08:58:28.507+0000] {processor.py:925} INFO - DAG(s) 'premier_dag_test' retrieved from /opt/airflow/dags/premier_dag.py
[2025-09-15T08:58:28.530+0000] {logging_mixin.py:190} INFO - [2025-09-15T08:58:28.530+0000] {dag.py:3239} INFO - Sync 1 DAGs
[2025-09-15T08:58:28.551+0000] {logging_mixin.py:190} INFO - [2025-09-15T08:58:28.551+0000] {dag.py:4180} INFO - Setting next_dagrun for premier_dag_test to 2025-06-02 09:00:00+00:00, run_after=2025-06-02 10:00:00+00:00
[2025-09-15T08:58:28.568+0000] {processor.py:208} INFO - Processing /opt/airflow/dags/premier_dag.py took 0.081 seconds
[2025-09-15T08:58:58.809+0000] {processor.py:186} INFO - Started process (PID=1061) to work on /opt/airflow/dags/premier_dag.py
[2025-09-15T08:58:58.810+0000] {processor.py:914} INFO - Processing file /opt/airflow/dags/premier_dag.py for tasks to queue
[2025-09-15T08:58:58.812+0000] {logging_mixin.py:190} INFO - [2025-09-15T08:58:58.812+0000] {dagbag.py:588} INFO - Filling up the DagBag from /opt/airflow/dags/premier_dag.py
[2025-09-15T08:58:58.829+0000] {processor.py:925} INFO - DAG(s) 'premier_dag_test' retrieved from /opt/airflow/dags/premier_dag.py
[2025-09-15T08:58:58.852+0000] {logging_mixin.py:190} INFO - [2025-09-15T08:58:58.852+0000] {dag.py:3239} INFO - Sync 1 DAGs
[2025-09-15T08:58:58.876+0000] {logging_mixin.py:190} INFO - [2025-09-15T08:58:58.875+0000] {dag.py:4180} INFO - Setting next_dagrun for premier_dag_test to 2025-06-02 09:00:00+00:00, run_after=2025-06-02 10:00:00+00:00
[2025-09-15T08:58:58.891+0000] {processor.py:208} INFO - Processing /opt/airflow/dags/premier_dag.py took 0.087 seconds
[2025-09-15T08:59:28.936+0000] {processor.py:186} INFO - Started process (PID=1084) to work on /opt/airflow/dags/premier_dag.py
[2025-09-15T08:59:28.937+0000] {processor.py:914} INFO - Processing file /opt/airflow/dags/premier_dag.py for tasks to queue
[2025-09-15T08:59:28.939+0000] {logging_mixin.py:190} INFO - [2025-09-15T08:59:28.939+0000] {dagbag.py:588} INFO - Filling up the DagBag from /opt/airflow/dags/premier_dag.py
[2025-09-15T08:59:28.955+0000] {processor.py:925} INFO - DAG(s) 'premier_dag_test' retrieved from /opt/airflow/dags/premier_dag.py
[2025-09-15T08:59:28.975+0000] {logging_mixin.py:190} INFO - [2025-09-15T08:59:28.975+0000] {dag.py:3239} INFO - Sync 1 DAGs
[2025-09-15T08:59:28.996+0000] {logging_mixin.py:190} INFO - [2025-09-15T08:59:28.996+0000] {dag.py:4180} INFO - Setting next_dagrun for premier_dag_test to 2025-06-02 09:00:00+00:00, run_after=2025-06-02 10:00:00+00:00
[2025-09-15T08:59:29.014+0000] {processor.py:208} INFO - Processing /opt/airflow/dags/premier_dag.py took 0.082 seconds
[2025-09-15T08:59:59.428+0000] {processor.py:186} INFO - Started process (PID=1101) to work on /opt/airflow/dags/premier_dag.py
[2025-09-15T08:59:59.429+0000] {processor.py:914} INFO - Processing file /opt/airflow/dags/premier_dag.py for tasks to queue
[2025-09-15T08:59:59.430+0000] {logging_mixin.py:190} INFO - [2025-09-15T08:59:59.430+0000] {dagbag.py:588} INFO - Filling up the DagBag from /opt/airflow/dags/premier_dag.py
[2025-09-15T08:59:59.444+0000] {processor.py:925} INFO - DAG(s) 'premier_dag_test' retrieved from /opt/airflow/dags/premier_dag.py
[2025-09-15T08:59:59.464+0000] {logging_mixin.py:190} INFO - [2025-09-15T08:59:59.464+0000] {dag.py:3239} INFO - Sync 1 DAGs
[2025-09-15T08:59:59.484+0000] {logging_mixin.py:190} INFO - [2025-09-15T08:59:59.484+0000] {dag.py:4180} INFO - Setting next_dagrun for premier_dag_test to 2025-06-02 09:00:00+00:00, run_after=2025-06-02 10:00:00+00:00
[2025-09-15T08:59:59.505+0000] {processor.py:208} INFO - Processing /opt/airflow/dags/premier_dag.py took 0.082 seconds
[2025-09-15T09:00:29.833+0000] {processor.py:186} INFO - Started process (PID=1126) to work on /opt/airflow/dags/premier_dag.py
[2025-09-15T09:00:29.834+0000] {processor.py:914} INFO - Processing file /opt/airflow/dags/premier_dag.py for tasks to queue
[2025-09-15T09:00:29.836+0000] {logging_mixin.py:190} INFO - [2025-09-15T09:00:29.836+0000] {dagbag.py:588} INFO - Filling up the DagBag from /opt/airflow/dags/premier_dag.py
[2025-09-15T09:00:29.850+0000] {processor.py:925} INFO - DAG(s) 'premier_dag_test' retrieved from /opt/airflow/dags/premier_dag.py
[2025-09-15T09:00:29.871+0000] {logging_mixin.py:190} INFO - [2025-09-15T09:00:29.871+0000] {dag.py:3239} INFO - Sync 1 DAGs
[2025-09-15T09:00:29.891+0000] {logging_mixin.py:190} INFO - [2025-09-15T09:00:29.891+0000] {dag.py:4180} INFO - Setting next_dagrun for premier_dag_test to 2025-06-02 09:00:00+00:00, run_after=2025-06-02 10:00:00+00:00
[2025-09-15T09:00:29.915+0000] {processor.py:208} INFO - Processing /opt/airflow/dags/premier_dag.py took 0.086 seconds
[2025-09-15T09:01:00.288+0000] {processor.py:186} INFO - Started process (PID=1143) to work on /opt/airflow/dags/premier_dag.py
[2025-09-15T09:01:00.289+0000] {processor.py:914} INFO - Processing file /opt/airflow/dags/premier_dag.py for tasks to queue
[2025-09-15T09:01:00.291+0000] {logging_mixin.py:190} INFO - [2025-09-15T09:01:00.291+0000] {dagbag.py:588} INFO - Filling up the DagBag from /opt/airflow/dags/premier_dag.py
[2025-09-15T09:01:00.305+0000] {processor.py:925} INFO - DAG(s) 'premier_dag_test' retrieved from /opt/airflow/dags/premier_dag.py
[2025-09-15T09:01:00.326+0000] {logging_mixin.py:190} INFO - [2025-09-15T09:01:00.326+0000] {dag.py:3239} INFO - Sync 1 DAGs
[2025-09-15T09:01:00.347+0000] {logging_mixin.py:190} INFO - [2025-09-15T09:01:00.347+0000] {dag.py:4180} INFO - Setting next_dagrun for premier_dag_test to 2025-06-02 09:00:00+00:00, run_after=2025-06-02 10:00:00+00:00
[2025-09-15T09:01:00.363+0000] {processor.py:208} INFO - Processing /opt/airflow/dags/premier_dag.py took 0.080 seconds
[2025-09-15T09:01:30.689+0000] {processor.py:186} INFO - Started process (PID=1160) to work on /opt/airflow/dags/premier_dag.py
[2025-09-15T09:01:30.690+0000] {processor.py:914} INFO - Processing file /opt/airflow/dags/premier_dag.py for tasks to queue
[2025-09-15T09:01:30.692+0000] {logging_mixin.py:190} INFO - [2025-09-15T09:01:30.692+0000] {dagbag.py:588} INFO - Filling up the DagBag from /opt/airflow/dags/premier_dag.py
[2025-09-15T09:01:30.708+0000] {processor.py:925} INFO - DAG(s) 'premier_dag_test' retrieved from /opt/airflow/dags/premier_dag.py
[2025-09-15T09:01:30.731+0000] {logging_mixin.py:190} INFO - [2025-09-15T09:01:30.731+0000] {dag.py:3239} INFO - Sync 1 DAGs
[2025-09-15T09:01:30.755+0000] {logging_mixin.py:190} INFO - [2025-09-15T09:01:30.754+0000] {dag.py:4180} INFO - Setting next_dagrun for premier_dag_test to 2025-06-02 09:00:00+00:00, run_after=2025-06-02 10:00:00+00:00
[2025-09-15T09:01:30.774+0000] {processor.py:208} INFO - Processing /opt/airflow/dags/premier_dag.py took 0.090 seconds
