[2025-10-17T13:00:54.022+0000] {local_task_job_runner.py:123} INFO - ::group::Pre task execution logs
[2025-10-17T13:00:54.034+0000] {taskinstance.py:2613} INFO - Dependencies all met for dep_context=non-requeueable deps ti=<TaskInstance: etl_pipeline_JO.run_soda_checks_load manual__2025-10-17T13:00:36.148412+00:00 [queued]>
[2025-10-17T13:00:54.041+0000] {taskinstance.py:2613} INFO - Dependencies all met for dep_context=requeueable deps ti=<TaskInstance: etl_pipeline_JO.run_soda_checks_load manual__2025-10-17T13:00:36.148412+00:00 [queued]>
[2025-10-17T13:00:54.041+0000] {taskinstance.py:2866} INFO - Starting attempt 1 of 1
[2025-10-17T13:00:54.052+0000] {taskinstance.py:2889} INFO - Executing <Task(BashOperator): run_soda_checks_load> on 2025-10-17 13:00:36.148412+00:00
[2025-10-17T13:00:54.060+0000] {logging_mixin.py:190} WARNING - /home/***/.local/lib/python3.12/site-packages/***/task/task_runner/standard_task_runner.py:70 DeprecationWarning: This process (pid=678) is multi-threaded, use of fork() may lead to deadlocks in the child.
[2025-10-17T13:00:54.061+0000] {standard_task_runner.py:72} INFO - Started process 684 to run task
[2025-10-17T13:00:54.060+0000] {standard_task_runner.py:104} INFO - Running: ['***', 'tasks', 'run', 'etl_pipeline_JO', 'run_soda_checks_load', 'manual__2025-10-17T13:00:36.148412+00:00', '--job-id', '21', '--raw', '--subdir', 'DAGS_FOLDER/JO_dag.py', '--cfg-path', '/tmp/tmpt_pvud0g']
[2025-10-17T13:00:54.062+0000] {standard_task_runner.py:105} INFO - Job 21: Subtask run_soda_checks_load
[2025-10-17T13:00:54.102+0000] {task_command.py:467} INFO - Running <TaskInstance: etl_pipeline_JO.run_soda_checks_load manual__2025-10-17T13:00:36.148412+00:00 [running]> on host 89c6cbc72e13
[2025-10-17T13:00:54.169+0000] {taskinstance.py:3132} INFO - Exporting env vars: AIRFLOW_CTX_DAG_OWNER='***' AIRFLOW_CTX_DAG_ID='etl_pipeline_JO' AIRFLOW_CTX_TASK_ID='run_soda_checks_load' AIRFLOW_CTX_EXECUTION_DATE='2025-10-17T13:00:36.148412+00:00' AIRFLOW_CTX_TRY_NUMBER='1' AIRFLOW_CTX_DAG_RUN_ID='manual__2025-10-17T13:00:36.148412+00:00'
[2025-10-17T13:00:54.171+0000] {taskinstance.py:731} INFO - ::endgroup::
[2025-10-17T13:00:54.182+0000] {subprocess.py:78} INFO - Tmp dir root location: /tmp
[2025-10-17T13:00:54.183+0000] {subprocess.py:88} INFO - Running command: ['/usr/bin/bash', '-c', 'soda scan -d my_data_source -c /opt/***/soda/configuration.yaml /opt/***/soda/checks_load.yaml']
[2025-10-17T13:00:54.195+0000] {subprocess.py:99} INFO - Output:
[2025-10-17T13:00:55.112+0000] {subprocess.py:106} INFO - [13:00:55] Soda Core 3.3.1
[2025-10-17T13:00:55.271+0000] {subprocess.py:106} INFO - [13:00:55] Using DefaultSampler
[2025-10-17T13:00:55.271+0000] {subprocess.py:106} INFO - [13:00:55] Scan summary:
[2025-10-17T13:00:55.272+0000] {subprocess.py:106} INFO - [13:00:55] 2/2 checks PASSED:
[2025-10-17T13:00:55.272+0000] {subprocess.py:106} INFO - [13:00:55]     table_jo in my_data_source
[2025-10-17T13:00:55.272+0000] {subprocess.py:106} INFO - [13:00:55]       Lignes invalides [PASSED]
[2025-10-17T13:00:55.273+0000] {subprocess.py:106} INFO - [13:00:55]       duplicate_count(id_resultat) = 0 [PASSED]
[2025-10-17T13:00:55.273+0000] {subprocess.py:106} INFO - [13:00:55] All is good. No failures. No warnings. No errors.
[2025-10-17T13:00:55.535+0000] {subprocess.py:110} INFO - Command exited with return code 0
[2025-10-17T13:00:55.558+0000] {taskinstance.py:340} INFO - ::group::Post task execution logs
[2025-10-17T13:00:55.559+0000] {taskinstance.py:352} INFO - Marking task as SUCCESS. dag_id=etl_pipeline_JO, task_id=run_soda_checks_load, run_id=manual__2025-10-17T13:00:36.148412+00:00, execution_date=20251017T130036, start_date=20251017T130054, end_date=20251017T130055
[2025-10-17T13:00:55.601+0000] {local_task_job_runner.py:266} INFO - Task exited with return code 0
[2025-10-17T13:00:55.615+0000] {taskinstance.py:3895} INFO - 0 downstream tasks scheduled from follow-on schedule check
[2025-10-17T13:00:55.617+0000] {local_task_job_runner.py:245} INFO - ::endgroup::
