[2025-10-17T13:00:08.731+0000] {local_task_job_runner.py:123} INFO - ::group::Pre task execution logs
[2025-10-17T13:00:08.742+0000] {taskinstance.py:2613} INFO - Dependencies all met for dep_context=non-requeueable deps ti=<TaskInstance: etl_pipeline_JO.run_soda_checks_extract scheduled__2025-10-17T12:00:00+00:00 [queued]>
[2025-10-17T13:00:08.747+0000] {taskinstance.py:2613} INFO - Dependencies all met for dep_context=requeueable deps ti=<TaskInstance: etl_pipeline_JO.run_soda_checks_extract scheduled__2025-10-17T12:00:00+00:00 [queued]>
[2025-10-17T13:00:08.748+0000] {taskinstance.py:2866} INFO - Starting attempt 1 of 1
[2025-10-17T13:00:08.758+0000] {taskinstance.py:2889} INFO - Executing <Task(BashOperator): run_soda_checks_extract> on 2025-10-17 12:00:00+00:00
[2025-10-17T13:00:08.764+0000] {logging_mixin.py:190} WARNING - /home/***/.local/lib/python3.12/site-packages/***/task/task_runner/standard_task_runner.py:70 DeprecationWarning: This process (pid=609) is multi-threaded, use of fork() may lead to deadlocks in the child.
[2025-10-17T13:00:08.765+0000] {standard_task_runner.py:72} INFO - Started process 611 to run task
[2025-10-17T13:00:08.764+0000] {standard_task_runner.py:104} INFO - Running: ['***', 'tasks', 'run', 'etl_pipeline_JO', 'run_soda_checks_extract', 'scheduled__2025-10-17T12:00:00+00:00', '--job-id', '13', '--raw', '--subdir', 'DAGS_FOLDER/JO_dag.py', '--cfg-path', '/tmp/tmpzwq_4t94']
[2025-10-17T13:00:08.766+0000] {standard_task_runner.py:105} INFO - Job 13: Subtask run_soda_checks_extract
[2025-10-17T13:00:08.802+0000] {task_command.py:467} INFO - Running <TaskInstance: etl_pipeline_JO.run_soda_checks_extract scheduled__2025-10-17T12:00:00+00:00 [running]> on host 89c6cbc72e13
[2025-10-17T13:00:08.860+0000] {taskinstance.py:3132} INFO - Exporting env vars: AIRFLOW_CTX_DAG_OWNER='***' AIRFLOW_CTX_DAG_ID='etl_pipeline_JO' AIRFLOW_CTX_TASK_ID='run_soda_checks_extract' AIRFLOW_CTX_EXECUTION_DATE='2025-10-17T12:00:00+00:00' AIRFLOW_CTX_TRY_NUMBER='1' AIRFLOW_CTX_DAG_RUN_ID='scheduled__2025-10-17T12:00:00+00:00'
[2025-10-17T13:00:08.861+0000] {taskinstance.py:731} INFO - ::endgroup::
[2025-10-17T13:00:08.872+0000] {subprocess.py:78} INFO - Tmp dir root location: /tmp
[2025-10-17T13:00:08.873+0000] {subprocess.py:88} INFO - Running command: ['/usr/bin/bash', '-c', 'soda scan -d my_data_source -c /opt/***/soda/configuration.yaml /opt/***/soda/checks_extract.yaml']
[2025-10-17T13:00:08.882+0000] {subprocess.py:99} INFO - Output:
[2025-10-17T13:00:09.741+0000] {subprocess.py:106} INFO - [13:00:09] Soda Core 3.3.1
[2025-10-17T13:00:09.846+0000] {subprocess.py:106} INFO - [13:00:09] Scan summary:
[2025-10-17T13:00:09.847+0000] {subprocess.py:106} INFO - [13:00:09] 2/2 checks PASSED:
[2025-10-17T13:00:09.847+0000] {subprocess.py:106} INFO - [13:00:09]     staging_extract in my_data_source
[2025-10-17T13:00:09.848+0000] {subprocess.py:106} INFO - [13:00:09]       row_count > 0 [PASSED]
[2025-10-17T13:00:09.848+0000] {subprocess.py:106} INFO - [13:00:09]       missing_count(id_resultat) = 0 [PASSED]
[2025-10-17T13:00:09.849+0000] {subprocess.py:106} INFO - [13:00:09] All is good. No failures. No warnings. No errors.
[2025-10-17T13:00:10.128+0000] {subprocess.py:110} INFO - Command exited with return code 0
[2025-10-17T13:00:10.148+0000] {taskinstance.py:340} INFO - ::group::Post task execution logs
[2025-10-17T13:00:10.148+0000] {taskinstance.py:352} INFO - Marking task as SUCCESS. dag_id=etl_pipeline_JO, task_id=run_soda_checks_extract, run_id=scheduled__2025-10-17T12:00:00+00:00, execution_date=20251017T120000, start_date=20251017T130008, end_date=20251017T130010
[2025-10-17T13:00:10.185+0000] {local_task_job_runner.py:266} INFO - Task exited with return code 0
[2025-10-17T13:00:10.206+0000] {taskinstance.py:3895} INFO - 1 downstream tasks scheduled from follow-on schedule check
[2025-10-17T13:00:10.207+0000] {local_task_job_runner.py:245} INFO - ::endgroup::
