[2025-11-14T11:00:15.483+0000] {local_task_job_runner.py:123} INFO - ::group::Pre task execution logs
[2025-11-14T11:00:15.494+0000] {taskinstance.py:2613} INFO - Dependencies all met for dep_context=non-requeueable deps ti=<TaskInstance: etl_pipeline_JO.load_task scheduled__2025-11-14T10:00:00+00:00 [queued]>
[2025-11-14T11:00:15.500+0000] {taskinstance.py:2613} INFO - Dependencies all met for dep_context=requeueable deps ti=<TaskInstance: etl_pipeline_JO.load_task scheduled__2025-11-14T10:00:00+00:00 [queued]>
[2025-11-14T11:00:15.500+0000] {taskinstance.py:2866} INFO - Starting attempt 1 of 1
[2025-11-14T11:00:15.510+0000] {taskinstance.py:2889} INFO - Executing <Task(PythonOperator): load_task> on 2025-11-14 10:00:00+00:00
[2025-11-14T11:00:15.517+0000] {logging_mixin.py:190} WARNING - /home/***/.local/lib/python3.12/site-packages/***/task/task_runner/standard_task_runner.py:70 DeprecationWarning: This process (pid=338) is multi-threaded, use of fork() may lead to deadlocks in the child.
[2025-11-14T11:00:15.517+0000] {standard_task_runner.py:104} INFO - Running: ['***', 'tasks', 'run', 'etl_pipeline_JO', 'load_task', 'scheduled__2025-11-14T10:00:00+00:00', '--job-id', '51', '--raw', '--subdir', 'DAGS_FOLDER/JO_dag.py', '--cfg-path', '/tmp/tmpl_w5azld']
[2025-11-14T11:00:15.519+0000] {standard_task_runner.py:72} INFO - Started process 340 to run task
[2025-11-14T11:00:15.519+0000] {standard_task_runner.py:105} INFO - Job 51: Subtask load_task
[2025-11-14T11:00:15.553+0000] {task_command.py:467} INFO - Running <TaskInstance: etl_pipeline_JO.load_task scheduled__2025-11-14T10:00:00+00:00 [running]> on host 802362aa861f
[2025-11-14T11:00:15.611+0000] {taskinstance.py:3132} INFO - Exporting env vars: AIRFLOW_CTX_DAG_OWNER='***' AIRFLOW_CTX_DAG_ID='etl_pipeline_JO' AIRFLOW_CTX_TASK_ID='load_task' AIRFLOW_CTX_EXECUTION_DATE='2025-11-14T10:00:00+00:00' AIRFLOW_CTX_TRY_NUMBER='1' AIRFLOW_CTX_DAG_RUN_ID='scheduled__2025-11-14T10:00:00+00:00'
[2025-11-14T11:00:15.612+0000] {taskinstance.py:731} INFO - ::endgroup::
[2025-11-14T11:00:15.923+0000] {logging_mixin.py:190} WARNING - /opt/***/dags/JO_dag.py:45 FutureWarning: Passing literal json to 'read_json' is deprecated and will be removed in a future version. To read from a literal string, wrap it in a 'StringIO' object.
[2025-11-14T11:00:16.517+0000] {logging_mixin.py:190} INFO - Aucune nouvelle ligne à insérer.
[2025-11-14T11:00:16.529+0000] {python.py:240} INFO - Done. Returned value was: None
[2025-11-14T11:00:16.537+0000] {taskinstance.py:340} INFO - ::group::Post task execution logs
[2025-11-14T11:00:16.538+0000] {taskinstance.py:352} INFO - Marking task as SUCCESS. dag_id=etl_pipeline_JO, task_id=load_task, run_id=scheduled__2025-11-14T10:00:00+00:00, execution_date=20251114T100000, start_date=20251114T110015, end_date=20251114T110016
[2025-11-14T11:00:16.577+0000] {local_task_job_runner.py:266} INFO - Task exited with return code 0
[2025-11-14T11:00:16.592+0000] {taskinstance.py:3895} INFO - 1 downstream tasks scheduled from follow-on schedule check
[2025-11-14T11:00:16.594+0000] {local_task_job_runner.py:245} INFO - ::endgroup::
