[2025-10-17T15:04:05.944+0000] {local_task_job_runner.py:123} INFO - ::group::Pre task execution logs
[2025-10-17T15:04:05.957+0000] {taskinstance.py:2613} INFO - Dependencies all met for dep_context=non-requeueable deps ti=<TaskInstance: etl_pipeline_JO.load_task manual__2025-10-17T15:03:49.017170+00:00 [queued]>
[2025-10-17T15:04:05.964+0000] {taskinstance.py:2613} INFO - Dependencies all met for dep_context=requeueable deps ti=<TaskInstance: etl_pipeline_JO.load_task manual__2025-10-17T15:03:49.017170+00:00 [queued]>
[2025-10-17T15:04:05.965+0000] {taskinstance.py:2866} INFO - Starting attempt 1 of 1
[2025-10-17T15:04:05.976+0000] {taskinstance.py:2889} INFO - Executing <Task(PythonOperator): load_task> on 2025-10-17 15:03:49.017170+00:00
[2025-10-17T15:04:05.985+0000] {logging_mixin.py:190} WARNING - /home/***/.local/lib/python3.12/site-packages/***/task/task_runner/standard_task_runner.py:70 DeprecationWarning: This process (pid=4923) is multi-threaded, use of fork() may lead to deadlocks in the child.
[2025-10-17T15:04:05.986+0000] {standard_task_runner.py:72} INFO - Started process 4925 to run task
[2025-10-17T15:04:05.985+0000] {standard_task_runner.py:104} INFO - Running: ['***', 'tasks', 'run', 'etl_pipeline_JO', 'load_task', 'manual__2025-10-17T15:03:49.017170+00:00', '--job-id', '35', '--raw', '--subdir', 'DAGS_FOLDER/JO_dag.py', '--cfg-path', '/tmp/tmphtfly8ds']
[2025-10-17T15:04:05.987+0000] {standard_task_runner.py:105} INFO - Job 35: Subtask load_task
[2025-10-17T15:04:06.025+0000] {task_command.py:467} INFO - Running <TaskInstance: etl_pipeline_JO.load_task manual__2025-10-17T15:03:49.017170+00:00 [running]> on host 89c6cbc72e13
[2025-10-17T15:04:06.092+0000] {taskinstance.py:3132} INFO - Exporting env vars: AIRFLOW_CTX_DAG_OWNER='***' AIRFLOW_CTX_DAG_ID='etl_pipeline_JO' AIRFLOW_CTX_TASK_ID='load_task' AIRFLOW_CTX_EXECUTION_DATE='2025-10-17T15:03:49.017170+00:00' AIRFLOW_CTX_TRY_NUMBER='1' AIRFLOW_CTX_DAG_RUN_ID='manual__2025-10-17T15:03:49.017170+00:00'
[2025-10-17T15:04:06.093+0000] {taskinstance.py:731} INFO - ::endgroup::
[2025-10-17T15:04:06.392+0000] {logging_mixin.py:190} WARNING - /opt/***/dags/JO_dag.py:45 FutureWarning: Passing literal json to 'read_json' is deprecated and will be removed in a future version. To read from a literal string, wrap it in a 'StringIO' object.
[2025-10-17T15:04:06.969+0000] {logging_mixin.py:190} INFO - Aucune nouvelle ligne à insérer.
[2025-10-17T15:04:06.982+0000] {python.py:240} INFO - Done. Returned value was: None
[2025-10-17T15:04:06.990+0000] {taskinstance.py:340} INFO - ::group::Post task execution logs
[2025-10-17T15:04:06.991+0000] {taskinstance.py:352} INFO - Marking task as SUCCESS. dag_id=etl_pipeline_JO, task_id=load_task, run_id=manual__2025-10-17T15:03:49.017170+00:00, execution_date=20251017T150349, start_date=20251017T150405, end_date=20251017T150406
[2025-10-17T15:04:07.044+0000] {local_task_job_runner.py:266} INFO - Task exited with return code 0
[2025-10-17T15:04:07.062+0000] {taskinstance.py:3895} INFO - 1 downstream tasks scheduled from follow-on schedule check
[2025-10-17T15:04:07.064+0000] {local_task_job_runner.py:245} INFO - ::endgroup::
