[2025-10-17T12:56:37.299+0000] {local_task_job_runner.py:123} INFO - ::group::Pre task execution logs
[2025-10-17T12:56:37.312+0000] {taskinstance.py:2613} INFO - Dependencies all met for dep_context=non-requeueable deps ti=<TaskInstance: etl_pipeline_JO.run_soda_checks_load manual__2025-10-17T12:56:15.510634+00:00 [queued]>
[2025-10-17T12:56:37.319+0000] {taskinstance.py:2613} INFO - Dependencies all met for dep_context=requeueable deps ti=<TaskInstance: etl_pipeline_JO.run_soda_checks_load manual__2025-10-17T12:56:15.510634+00:00 [queued]>
[2025-10-17T12:56:37.320+0000] {taskinstance.py:2866} INFO - Starting attempt 1 of 1
[2025-10-17T12:56:37.329+0000] {taskinstance.py:2889} INFO - Executing <Task(BashOperator): run_soda_checks_load> on 2025-10-17 12:56:15.510634+00:00
[2025-10-17T12:56:37.337+0000] {logging_mixin.py:190} WARNING - /home/***/.local/lib/python3.12/site-packages/***/task/task_runner/standard_task_runner.py:70 DeprecationWarning: This process (pid=476) is multi-threaded, use of fork() may lead to deadlocks in the child.
[2025-10-17T12:56:37.338+0000] {standard_task_runner.py:72} INFO - Started process 483 to run task
[2025-10-17T12:56:37.337+0000] {standard_task_runner.py:104} INFO - Running: ['***', 'tasks', 'run', 'etl_pipeline_JO', 'run_soda_checks_load', 'manual__2025-10-17T12:56:15.510634+00:00', '--job-id', '11', '--raw', '--subdir', 'DAGS_FOLDER/JO_dag.py', '--cfg-path', '/tmp/tmpsdfc88ke']
[2025-10-17T12:56:37.339+0000] {standard_task_runner.py:105} INFO - Job 11: Subtask run_soda_checks_load
[2025-10-17T12:56:37.373+0000] {task_command.py:467} INFO - Running <TaskInstance: etl_pipeline_JO.run_soda_checks_load manual__2025-10-17T12:56:15.510634+00:00 [running]> on host 89c6cbc72e13
[2025-10-17T12:56:37.431+0000] {taskinstance.py:3132} INFO - Exporting env vars: AIRFLOW_CTX_DAG_OWNER='***' AIRFLOW_CTX_DAG_ID='etl_pipeline_JO' AIRFLOW_CTX_TASK_ID='run_soda_checks_load' AIRFLOW_CTX_EXECUTION_DATE='2025-10-17T12:56:15.510634+00:00' AIRFLOW_CTX_TRY_NUMBER='1' AIRFLOW_CTX_DAG_RUN_ID='manual__2025-10-17T12:56:15.510634+00:00'
[2025-10-17T12:56:37.432+0000] {taskinstance.py:731} INFO - ::endgroup::
[2025-10-17T12:56:37.442+0000] {subprocess.py:78} INFO - Tmp dir root location: /tmp
[2025-10-17T12:56:37.443+0000] {subprocess.py:88} INFO - Running command: ['/usr/bin/bash', '-c', 'soda scan -d my_data_source -c /opt/***/soda/configuration.yaml /opt/***/soda/checks_load.yaml']
[2025-10-17T12:56:37.453+0000] {subprocess.py:99} INFO - Output:
[2025-10-17T12:56:38.323+0000] {subprocess.py:106} INFO - [12:56:38] Soda Core 3.3.1
[2025-10-17T12:56:38.403+0000] {subprocess.py:106} INFO - [12:56:38] Invalid user defined failed rows check configuration key "query"
[2025-10-17T12:56:38.404+0000] {subprocess.py:106} INFO -   +-> line=3,col=5 in /opt/***/soda/checks_load.yaml
[2025-10-17T12:56:38.404+0000] {subprocess.py:106} INFO - [12:56:38] In a "failed rows" check, either "fail condition" or "fail query" are required as nested configurations.
[2025-10-17T12:56:38.405+0000] {subprocess.py:106} INFO -   +-> line=3,col=5 in /opt/***/soda/checks_load.yaml
[2025-10-17T12:56:38.453+0000] {subprocess.py:106} INFO - [12:56:38] Scan summary:
[2025-10-17T12:56:38.454+0000] {subprocess.py:106} INFO - [12:56:38] 1/1 check PASSED:
[2025-10-17T12:56:38.455+0000] {subprocess.py:106} INFO - [12:56:38]     table_jo in my_data_source
[2025-10-17T12:56:38.456+0000] {subprocess.py:106} INFO - [12:56:38]       duplicate_count(id_resultat) = 0 [PASSED]
[2025-10-17T12:56:38.456+0000] {subprocess.py:106} INFO - [12:56:38] 2 errors.
[2025-10-17T12:56:38.456+0000] {subprocess.py:106} INFO - [12:56:38] Oops! 2 errors. 0 failures. 0 warnings. 1 pass.
[2025-10-17T12:56:38.457+0000] {subprocess.py:106} INFO - ERRORS:
[2025-10-17T12:56:38.457+0000] {subprocess.py:106} INFO - [12:56:38] Invalid user defined failed rows check configuration key "query"
[2025-10-17T12:56:38.458+0000] {subprocess.py:106} INFO -   +-> line=3,col=5 in /opt/***/soda/checks_load.yaml
[2025-10-17T12:56:38.458+0000] {subprocess.py:106} INFO - [12:56:38] In a "failed rows" check, either "fail condition" or "fail query" are required as nested configurations.
[2025-10-17T12:56:38.458+0000] {subprocess.py:106} INFO -   +-> line=3,col=5 in /opt/***/soda/checks_load.yaml
[2025-10-17T12:56:38.723+0000] {subprocess.py:110} INFO - Command exited with return code 3
[2025-10-17T12:56:38.732+0000] {taskinstance.py:3311} ERROR - Task failed with exception
Traceback (most recent call last):
  File "/home/airflow/.local/lib/python3.12/site-packages/airflow/models/taskinstance.py", line 767, in _execute_task
    result = _execute_callable(context=context, **execute_callable_kwargs)
             ^^^^^^^^^^^^^^^^^^^^^^^^^^^^^^^^^^^^^^^^^^^^^^^^^^^^^^^^^^^^^
  File "/home/airflow/.local/lib/python3.12/site-packages/airflow/models/taskinstance.py", line 733, in _execute_callable
    return ExecutionCallableRunner(
           ^^^^^^^^^^^^^^^^^^^^^^^^
  File "/home/airflow/.local/lib/python3.12/site-packages/airflow/utils/operator_helpers.py", line 252, in run
    return self.func(*args, **kwargs)
           ^^^^^^^^^^^^^^^^^^^^^^^^^^
  File "/home/airflow/.local/lib/python3.12/site-packages/airflow/models/baseoperator.py", line 417, in wrapper
    return func(self, *args, **kwargs)
           ^^^^^^^^^^^^^^^^^^^^^^^^^^^
  File "/home/airflow/.local/lib/python3.12/site-packages/airflow/operators/bash.py", line 276, in execute
    raise AirflowException(
airflow.exceptions.AirflowException: Bash command failed. The command returned a non-zero exit code 3.
[2025-10-17T12:56:38.736+0000] {taskinstance.py:1225} INFO - Marking task as FAILED. dag_id=etl_pipeline_JO, task_id=run_soda_checks_load, run_id=manual__2025-10-17T12:56:15.510634+00:00, execution_date=20251017T125615, start_date=20251017T125637, end_date=20251017T125638
[2025-10-17T12:56:38.747+0000] {taskinstance.py:340} INFO - ::group::Post task execution logs
[2025-10-17T12:56:38.748+0000] {standard_task_runner.py:124} ERROR - Failed to execute job 11 for task run_soda_checks_load (Bash command failed. The command returned a non-zero exit code 3.; 483)
Traceback (most recent call last):
  File "/home/airflow/.local/lib/python3.12/site-packages/airflow/task/task_runner/standard_task_runner.py", line 117, in _start_by_fork
    ret = args.func(args, dag=self.dag)
          ^^^^^^^^^^^^^^^^^^^^^^^^^^^^^
  File "/home/airflow/.local/lib/python3.12/site-packages/airflow/cli/cli_config.py", line 49, in command
    return func(*args, **kwargs)
           ^^^^^^^^^^^^^^^^^^^^^
  File "/home/airflow/.local/lib/python3.12/site-packages/airflow/utils/cli.py", line 116, in wrapper
    return f(*args, **kwargs)
           ^^^^^^^^^^^^^^^^^^
  File "/home/airflow/.local/lib/python3.12/site-packages/airflow/cli/commands/task_command.py", line 483, in task_run
    task_return_code = _run_task_by_selected_method(args, _dag, ti)
                       ^^^^^^^^^^^^^^^^^^^^^^^^^^^^^^^^^^^^^^^^^^^^
  File "/home/airflow/.local/lib/python3.12/site-packages/airflow/cli/commands/task_command.py", line 256, in _run_task_by_selected_method
    return _run_raw_task(args, ti)
           ^^^^^^^^^^^^^^^^^^^^^^^
  File "/home/airflow/.local/lib/python3.12/site-packages/airflow/cli/commands/task_command.py", line 341, in _run_raw_task
    return ti._run_raw_task(
           ^^^^^^^^^^^^^^^^^
  File "/home/airflow/.local/lib/python3.12/site-packages/airflow/utils/session.py", line 97, in wrapper
    return func(*args, session=session, **kwargs)
           ^^^^^^^^^^^^^^^^^^^^^^^^^^^^^^^^^^^^^^
  File "/home/airflow/.local/lib/python3.12/site-packages/airflow/models/taskinstance.py", line 3005, in _run_raw_task
    return _run_raw_task(
           ^^^^^^^^^^^^^^
  File "/home/airflow/.local/lib/python3.12/site-packages/airflow/models/taskinstance.py", line 273, in _run_raw_task
    TaskInstance._execute_task_with_callbacks(
  File "/home/airflow/.local/lib/python3.12/site-packages/airflow/models/taskinstance.py", line 3159, in _execute_task_with_callbacks
    result = self._execute_task(context, task_orig)
             ^^^^^^^^^^^^^^^^^^^^^^^^^^^^^^^^^^^^^^
  File "/home/airflow/.local/lib/python3.12/site-packages/airflow/models/taskinstance.py", line 3183, in _execute_task
    return _execute_task(self, context, task_orig)
           ^^^^^^^^^^^^^^^^^^^^^^^^^^^^^^^^^^^^^^^
  File "/home/airflow/.local/lib/python3.12/site-packages/airflow/models/taskinstance.py", line 767, in _execute_task
    result = _execute_callable(context=context, **execute_callable_kwargs)
             ^^^^^^^^^^^^^^^^^^^^^^^^^^^^^^^^^^^^^^^^^^^^^^^^^^^^^^^^^^^^^
  File "/home/airflow/.local/lib/python3.12/site-packages/airflow/models/taskinstance.py", line 733, in _execute_callable
    return ExecutionCallableRunner(
           ^^^^^^^^^^^^^^^^^^^^^^^^
  File "/home/airflow/.local/lib/python3.12/site-packages/airflow/utils/operator_helpers.py", line 252, in run
    return self.func(*args, **kwargs)
           ^^^^^^^^^^^^^^^^^^^^^^^^^^
  File "/home/airflow/.local/lib/python3.12/site-packages/airflow/models/baseoperator.py", line 417, in wrapper
    return func(self, *args, **kwargs)
           ^^^^^^^^^^^^^^^^^^^^^^^^^^^
  File "/home/airflow/.local/lib/python3.12/site-packages/airflow/operators/bash.py", line 276, in execute
    raise AirflowException(
airflow.exceptions.AirflowException: Bash command failed. The command returned a non-zero exit code 3.
[2025-10-17T12:56:38.798+0000] {local_task_job_runner.py:266} INFO - Task exited with return code 1
[2025-10-17T12:56:38.811+0000] {taskinstance.py:3895} INFO - 0 downstream tasks scheduled from follow-on schedule check
[2025-10-17T12:56:38.813+0000] {local_task_job_runner.py:245} INFO - ::endgroup::
