[2025-11-14T10:47:49.177+0000] {processor.py:186} INFO - Started process (PID=292) to work on /opt/airflow/dags/JO_dag.py
[2025-11-14T10:47:49.178+0000] {processor.py:914} INFO - Processing file /opt/airflow/dags/JO_dag.py for tasks to queue
[2025-11-14T10:47:49.180+0000] {logging_mixin.py:190} INFO - [2025-11-14T10:47:49.180+0000] {dagbag.py:588} INFO - Filling up the DagBag from /opt/airflow/dags/JO_dag.py
[2025-11-14T10:47:50.639+0000] {processor.py:925} INFO - DAG(s) 'etl_pipeline_JO' retrieved from /opt/airflow/dags/JO_dag.py
[2025-11-14T10:47:50.659+0000] {logging_mixin.py:190} INFO - [2025-11-14T10:47:50.659+0000] {dag.py:3239} INFO - Sync 1 DAGs
[2025-11-14T10:47:50.678+0000] {logging_mixin.py:190} INFO - [2025-11-14T10:47:50.678+0000] {dag.py:4180} INFO - Setting next_dagrun for etl_pipeline_JO to 2025-11-14 10:00:00+00:00, run_after=2025-11-14 11:00:00+00:00
[2025-11-14T10:47:50.694+0000] {processor.py:208} INFO - Processing /opt/airflow/dags/JO_dag.py took 1.523 seconds
[2025-11-14T10:49:05.130+0000] {processor.py:186} INFO - Started process (PID=291) to work on /opt/airflow/dags/JO_dag.py
[2025-11-14T10:49:05.131+0000] {processor.py:914} INFO - Processing file /opt/airflow/dags/JO_dag.py for tasks to queue
[2025-11-14T10:49:05.132+0000] {logging_mixin.py:190} INFO - [2025-11-14T10:49:05.132+0000] {dagbag.py:588} INFO - Filling up the DagBag from /opt/airflow/dags/JO_dag.py
[2025-11-14T10:49:06.262+0000] {processor.py:925} INFO - DAG(s) 'etl_pipeline_JO' retrieved from /opt/airflow/dags/JO_dag.py
[2025-11-14T10:49:06.280+0000] {logging_mixin.py:190} INFO - [2025-11-14T10:49:06.280+0000] {dag.py:3239} INFO - Sync 1 DAGs
[2025-11-14T10:49:06.296+0000] {logging_mixin.py:190} INFO - [2025-11-14T10:49:06.296+0000] {dag.py:4180} INFO - Setting next_dagrun for etl_pipeline_JO to 2025-11-14 10:00:00+00:00, run_after=2025-11-14 11:00:00+00:00
[2025-11-14T10:49:06.312+0000] {processor.py:208} INFO - Processing /opt/airflow/dags/JO_dag.py took 1.187 seconds
[2025-11-14T10:49:36.502+0000] {processor.py:186} INFO - Started process (PID=314) to work on /opt/airflow/dags/JO_dag.py
[2025-11-14T10:49:36.503+0000] {processor.py:914} INFO - Processing file /opt/airflow/dags/JO_dag.py for tasks to queue
[2025-11-14T10:49:36.505+0000] {logging_mixin.py:190} INFO - [2025-11-14T10:49:36.505+0000] {dagbag.py:588} INFO - Filling up the DagBag from /opt/airflow/dags/JO_dag.py
[2025-11-14T10:49:36.937+0000] {processor.py:925} INFO - DAG(s) 'etl_pipeline_JO' retrieved from /opt/airflow/dags/JO_dag.py
[2025-11-14T10:49:36.956+0000] {logging_mixin.py:190} INFO - [2025-11-14T10:49:36.956+0000] {dag.py:3239} INFO - Sync 1 DAGs
[2025-11-14T10:49:36.973+0000] {logging_mixin.py:190} INFO - [2025-11-14T10:49:36.973+0000] {dag.py:4180} INFO - Setting next_dagrun for etl_pipeline_JO to 2025-11-14 10:00:00+00:00, run_after=2025-11-14 11:00:00+00:00
[2025-11-14T10:49:36.989+0000] {processor.py:208} INFO - Processing /opt/airflow/dags/JO_dag.py took 0.492 seconds
[2025-11-14T10:50:07.797+0000] {processor.py:186} INFO - Started process (PID=331) to work on /opt/airflow/dags/JO_dag.py
[2025-11-14T10:50:07.798+0000] {processor.py:914} INFO - Processing file /opt/airflow/dags/JO_dag.py for tasks to queue
[2025-11-14T10:50:07.800+0000] {logging_mixin.py:190} INFO - [2025-11-14T10:50:07.800+0000] {dagbag.py:588} INFO - Filling up the DagBag from /opt/airflow/dags/JO_dag.py
[2025-11-14T10:50:08.331+0000] {processor.py:925} INFO - DAG(s) 'etl_pipeline_JO' retrieved from /opt/airflow/dags/JO_dag.py
[2025-11-14T10:50:08.352+0000] {logging_mixin.py:190} INFO - [2025-11-14T10:50:08.352+0000] {dag.py:3239} INFO - Sync 1 DAGs
[2025-11-14T10:50:08.372+0000] {logging_mixin.py:190} INFO - [2025-11-14T10:50:08.372+0000] {dag.py:4180} INFO - Setting next_dagrun for etl_pipeline_JO to 2025-11-14 10:00:00+00:00, run_after=2025-11-14 11:00:00+00:00
[2025-11-14T10:50:08.394+0000] {processor.py:208} INFO - Processing /opt/airflow/dags/JO_dag.py took 0.603 seconds
[2025-11-14T10:50:39.105+0000] {processor.py:186} INFO - Started process (PID=348) to work on /opt/airflow/dags/JO_dag.py
[2025-11-14T10:50:39.107+0000] {processor.py:914} INFO - Processing file /opt/airflow/dags/JO_dag.py for tasks to queue
[2025-11-14T10:50:39.109+0000] {logging_mixin.py:190} INFO - [2025-11-14T10:50:39.108+0000] {dagbag.py:588} INFO - Filling up the DagBag from /opt/airflow/dags/JO_dag.py
[2025-11-14T10:50:39.574+0000] {processor.py:925} INFO - DAG(s) 'etl_pipeline_JO' retrieved from /opt/airflow/dags/JO_dag.py
[2025-11-14T10:50:39.593+0000] {logging_mixin.py:190} INFO - [2025-11-14T10:50:39.593+0000] {dag.py:3239} INFO - Sync 1 DAGs
[2025-11-14T10:50:39.609+0000] {logging_mixin.py:190} INFO - [2025-11-14T10:50:39.609+0000] {dag.py:4180} INFO - Setting next_dagrun for etl_pipeline_JO to 2025-11-14 10:00:00+00:00, run_after=2025-11-14 11:00:00+00:00
[2025-11-14T10:50:39.624+0000] {processor.py:208} INFO - Processing /opt/airflow/dags/JO_dag.py took 0.524 seconds
[2025-11-14T10:51:10.534+0000] {processor.py:186} INFO - Started process (PID=365) to work on /opt/airflow/dags/JO_dag.py
[2025-11-14T10:51:10.535+0000] {processor.py:914} INFO - Processing file /opt/airflow/dags/JO_dag.py for tasks to queue
[2025-11-14T10:51:10.537+0000] {logging_mixin.py:190} INFO - [2025-11-14T10:51:10.537+0000] {dagbag.py:588} INFO - Filling up the DagBag from /opt/airflow/dags/JO_dag.py
[2025-11-14T10:51:10.895+0000] {processor.py:925} INFO - DAG(s) 'etl_pipeline_JO' retrieved from /opt/airflow/dags/JO_dag.py
[2025-11-14T10:51:10.913+0000] {logging_mixin.py:190} INFO - [2025-11-14T10:51:10.913+0000] {dag.py:3239} INFO - Sync 1 DAGs
[2025-11-14T10:51:10.930+0000] {logging_mixin.py:190} INFO - [2025-11-14T10:51:10.930+0000] {dag.py:4180} INFO - Setting next_dagrun for etl_pipeline_JO to 2025-11-14 10:00:00+00:00, run_after=2025-11-14 11:00:00+00:00
[2025-11-14T10:51:10.946+0000] {processor.py:208} INFO - Processing /opt/airflow/dags/JO_dag.py took 0.417 seconds
[2025-11-14T10:51:40.987+0000] {processor.py:186} INFO - Started process (PID=382) to work on /opt/airflow/dags/JO_dag.py
[2025-11-14T10:51:40.988+0000] {processor.py:914} INFO - Processing file /opt/airflow/dags/JO_dag.py for tasks to queue
[2025-11-14T10:51:40.990+0000] {logging_mixin.py:190} INFO - [2025-11-14T10:51:40.990+0000] {dagbag.py:588} INFO - Filling up the DagBag from /opt/airflow/dags/JO_dag.py
[2025-11-14T10:51:41.406+0000] {processor.py:925} INFO - DAG(s) 'etl_pipeline_JO' retrieved from /opt/airflow/dags/JO_dag.py
[2025-11-14T10:51:41.425+0000] {logging_mixin.py:190} INFO - [2025-11-14T10:51:41.425+0000] {dag.py:3239} INFO - Sync 1 DAGs
[2025-11-14T10:51:41.444+0000] {logging_mixin.py:190} INFO - [2025-11-14T10:51:41.444+0000] {dag.py:4180} INFO - Setting next_dagrun for etl_pipeline_JO to 2025-11-14 10:00:00+00:00, run_after=2025-11-14 11:00:00+00:00
[2025-11-14T10:51:41.460+0000] {processor.py:208} INFO - Processing /opt/airflow/dags/JO_dag.py took 0.480 seconds
[2025-11-14T10:52:12.223+0000] {processor.py:186} INFO - Started process (PID=399) to work on /opt/airflow/dags/JO_dag.py
[2025-11-14T10:52:12.224+0000] {processor.py:914} INFO - Processing file /opt/airflow/dags/JO_dag.py for tasks to queue
[2025-11-14T10:52:12.226+0000] {logging_mixin.py:190} INFO - [2025-11-14T10:52:12.225+0000] {dagbag.py:588} INFO - Filling up the DagBag from /opt/airflow/dags/JO_dag.py
[2025-11-14T10:52:12.608+0000] {processor.py:925} INFO - DAG(s) 'etl_pipeline_JO' retrieved from /opt/airflow/dags/JO_dag.py
[2025-11-14T10:52:12.626+0000] {logging_mixin.py:190} INFO - [2025-11-14T10:52:12.626+0000] {dag.py:3239} INFO - Sync 1 DAGs
[2025-11-14T10:52:12.643+0000] {logging_mixin.py:190} INFO - [2025-11-14T10:52:12.643+0000] {dag.py:4180} INFO - Setting next_dagrun for etl_pipeline_JO to 2025-11-14 10:00:00+00:00, run_after=2025-11-14 11:00:00+00:00
[2025-11-14T10:52:12.657+0000] {processor.py:208} INFO - Processing /opt/airflow/dags/JO_dag.py took 0.439 seconds
[2025-11-14T10:52:43.523+0000] {processor.py:186} INFO - Started process (PID=416) to work on /opt/airflow/dags/JO_dag.py
[2025-11-14T10:52:43.524+0000] {processor.py:914} INFO - Processing file /opt/airflow/dags/JO_dag.py for tasks to queue
[2025-11-14T10:52:43.525+0000] {logging_mixin.py:190} INFO - [2025-11-14T10:52:43.525+0000] {dagbag.py:588} INFO - Filling up the DagBag from /opt/airflow/dags/JO_dag.py
[2025-11-14T10:52:43.938+0000] {processor.py:925} INFO - DAG(s) 'etl_pipeline_JO' retrieved from /opt/airflow/dags/JO_dag.py
[2025-11-14T10:52:43.956+0000] {logging_mixin.py:190} INFO - [2025-11-14T10:52:43.955+0000] {dag.py:3239} INFO - Sync 1 DAGs
[2025-11-14T10:52:43.972+0000] {logging_mixin.py:190} INFO - [2025-11-14T10:52:43.972+0000] {dag.py:4180} INFO - Setting next_dagrun for etl_pipeline_JO to 2025-11-14 10:00:00+00:00, run_after=2025-11-14 11:00:00+00:00
[2025-11-14T10:52:43.993+0000] {processor.py:208} INFO - Processing /opt/airflow/dags/JO_dag.py took 0.475 seconds
[2025-11-14T10:54:04.871+0000] {processor.py:186} INFO - Started process (PID=292) to work on /opt/airflow/dags/JO_dag.py
[2025-11-14T10:54:04.872+0000] {processor.py:914} INFO - Processing file /opt/airflow/dags/JO_dag.py for tasks to queue
[2025-11-14T10:54:04.874+0000] {logging_mixin.py:190} INFO - [2025-11-14T10:54:04.874+0000] {dagbag.py:588} INFO - Filling up the DagBag from /opt/airflow/dags/JO_dag.py
[2025-11-14T10:54:06.048+0000] {processor.py:925} INFO - DAG(s) 'etl_pipeline_JO' retrieved from /opt/airflow/dags/JO_dag.py
[2025-11-14T10:54:06.065+0000] {logging_mixin.py:190} INFO - [2025-11-14T10:54:06.065+0000] {dag.py:3239} INFO - Sync 1 DAGs
[2025-11-14T10:54:06.081+0000] {logging_mixin.py:190} INFO - [2025-11-14T10:54:06.080+0000] {dag.py:4180} INFO - Setting next_dagrun for etl_pipeline_JO to 2025-11-14 10:00:00+00:00, run_after=2025-11-14 11:00:00+00:00
[2025-11-14T10:54:06.096+0000] {processor.py:208} INFO - Processing /opt/airflow/dags/JO_dag.py took 1.230 seconds
[2025-11-14T10:54:36.324+0000] {processor.py:186} INFO - Started process (PID=314) to work on /opt/airflow/dags/JO_dag.py
[2025-11-14T10:54:36.325+0000] {processor.py:914} INFO - Processing file /opt/airflow/dags/JO_dag.py for tasks to queue
[2025-11-14T10:54:36.327+0000] {logging_mixin.py:190} INFO - [2025-11-14T10:54:36.327+0000] {dagbag.py:588} INFO - Filling up the DagBag from /opt/airflow/dags/JO_dag.py
[2025-11-14T10:54:36.713+0000] {processor.py:925} INFO - DAG(s) 'etl_pipeline_JO' retrieved from /opt/airflow/dags/JO_dag.py
[2025-11-14T10:54:36.732+0000] {logging_mixin.py:190} INFO - [2025-11-14T10:54:36.732+0000] {dag.py:3239} INFO - Sync 1 DAGs
[2025-11-14T10:54:36.751+0000] {logging_mixin.py:190} INFO - [2025-11-14T10:54:36.751+0000] {dag.py:4180} INFO - Setting next_dagrun for etl_pipeline_JO to 2025-11-14 10:00:00+00:00, run_after=2025-11-14 11:00:00+00:00
[2025-11-14T10:54:36.767+0000] {processor.py:208} INFO - Processing /opt/airflow/dags/JO_dag.py took 0.448 seconds
[2025-11-14T10:55:07.589+0000] {processor.py:186} INFO - Started process (PID=331) to work on /opt/airflow/dags/JO_dag.py
[2025-11-14T10:55:07.590+0000] {processor.py:914} INFO - Processing file /opt/airflow/dags/JO_dag.py for tasks to queue
[2025-11-14T10:55:07.592+0000] {logging_mixin.py:190} INFO - [2025-11-14T10:55:07.591+0000] {dagbag.py:588} INFO - Filling up the DagBag from /opt/airflow/dags/JO_dag.py
[2025-11-14T10:55:07.978+0000] {processor.py:925} INFO - DAG(s) 'etl_pipeline_JO' retrieved from /opt/airflow/dags/JO_dag.py
[2025-11-14T10:55:07.997+0000] {logging_mixin.py:190} INFO - [2025-11-14T10:55:07.997+0000] {dag.py:3239} INFO - Sync 1 DAGs
[2025-11-14T10:55:08.016+0000] {logging_mixin.py:190} INFO - [2025-11-14T10:55:08.016+0000] {dag.py:4180} INFO - Setting next_dagrun for etl_pipeline_JO to 2025-11-14 10:00:00+00:00, run_after=2025-11-14 11:00:00+00:00
[2025-11-14T10:55:08.035+0000] {processor.py:208} INFO - Processing /opt/airflow/dags/JO_dag.py took 0.451 seconds
[2025-11-14T10:55:38.069+0000] {processor.py:186} INFO - Started process (PID=348) to work on /opt/airflow/dags/JO_dag.py
[2025-11-14T10:55:38.070+0000] {processor.py:914} INFO - Processing file /opt/airflow/dags/JO_dag.py for tasks to queue
[2025-11-14T10:55:38.072+0000] {logging_mixin.py:190} INFO - [2025-11-14T10:55:38.072+0000] {dagbag.py:588} INFO - Filling up the DagBag from /opt/airflow/dags/JO_dag.py
[2025-11-14T10:55:38.484+0000] {processor.py:925} INFO - DAG(s) 'etl_pipeline_JO' retrieved from /opt/airflow/dags/JO_dag.py
[2025-11-14T10:55:38.502+0000] {logging_mixin.py:190} INFO - [2025-11-14T10:55:38.502+0000] {dag.py:3239} INFO - Sync 1 DAGs
[2025-11-14T10:55:38.520+0000] {logging_mixin.py:190} INFO - [2025-11-14T10:55:38.520+0000] {dag.py:4180} INFO - Setting next_dagrun for etl_pipeline_JO to 2025-11-14 10:00:00+00:00, run_after=2025-11-14 11:00:00+00:00
[2025-11-14T10:55:38.535+0000] {processor.py:208} INFO - Processing /opt/airflow/dags/JO_dag.py took 0.470 seconds
[2025-11-14T10:59:34.994+0000] {processor.py:186} INFO - Started process (PID=293) to work on /opt/airflow/dags/JO_dag.py
[2025-11-14T10:59:34.995+0000] {processor.py:914} INFO - Processing file /opt/airflow/dags/JO_dag.py for tasks to queue
[2025-11-14T10:59:34.997+0000] {logging_mixin.py:190} INFO - [2025-11-14T10:59:34.996+0000] {dagbag.py:588} INFO - Filling up the DagBag from /opt/airflow/dags/JO_dag.py
[2025-11-14T10:59:36.183+0000] {processor.py:925} INFO - DAG(s) 'etl_pipeline_JO' retrieved from /opt/airflow/dags/JO_dag.py
[2025-11-14T10:59:36.202+0000] {logging_mixin.py:190} INFO - [2025-11-14T10:59:36.202+0000] {dag.py:3239} INFO - Sync 1 DAGs
[2025-11-14T10:59:36.219+0000] {logging_mixin.py:190} INFO - [2025-11-14T10:59:36.218+0000] {dag.py:4180} INFO - Setting next_dagrun for etl_pipeline_JO to 2025-11-14 10:00:00+00:00, run_after=2025-11-14 11:00:00+00:00
[2025-11-14T10:59:36.238+0000] {processor.py:208} INFO - Processing /opt/airflow/dags/JO_dag.py took 1.249 seconds
[2025-11-14T11:00:06.458+0000] {processor.py:186} INFO - Started process (PID=319) to work on /opt/airflow/dags/JO_dag.py
[2025-11-14T11:00:06.459+0000] {processor.py:914} INFO - Processing file /opt/airflow/dags/JO_dag.py for tasks to queue
[2025-11-14T11:00:06.460+0000] {logging_mixin.py:190} INFO - [2025-11-14T11:00:06.460+0000] {dagbag.py:588} INFO - Filling up the DagBag from /opt/airflow/dags/JO_dag.py
[2025-11-14T11:00:07.071+0000] {processor.py:925} INFO - DAG(s) 'etl_pipeline_JO' retrieved from /opt/airflow/dags/JO_dag.py
[2025-11-14T11:00:07.104+0000] {logging_mixin.py:190} INFO - [2025-11-14T11:00:07.104+0000] {dag.py:3239} INFO - Sync 1 DAGs
[2025-11-14T11:00:07.133+0000] {logging_mixin.py:190} INFO - [2025-11-14T11:00:07.133+0000] {dag.py:4180} INFO - Setting next_dagrun for etl_pipeline_JO to 2025-11-14 11:00:00+00:00, run_after=2025-11-14 12:00:00+00:00
[2025-11-14T11:00:07.155+0000] {processor.py:208} INFO - Processing /opt/airflow/dags/JO_dag.py took 0.703 seconds
[2025-11-14T11:00:37.668+0000] {processor.py:186} INFO - Started process (PID=362) to work on /opt/airflow/dags/JO_dag.py
[2025-11-14T11:00:37.669+0000] {processor.py:914} INFO - Processing file /opt/airflow/dags/JO_dag.py for tasks to queue
[2025-11-14T11:00:37.671+0000] {logging_mixin.py:190} INFO - [2025-11-14T11:00:37.671+0000] {dagbag.py:588} INFO - Filling up the DagBag from /opt/airflow/dags/JO_dag.py
[2025-11-14T11:00:38.050+0000] {processor.py:925} INFO - DAG(s) 'etl_pipeline_JO' retrieved from /opt/airflow/dags/JO_dag.py
[2025-11-14T11:00:38.068+0000] {logging_mixin.py:190} INFO - [2025-11-14T11:00:38.068+0000] {dag.py:3239} INFO - Sync 1 DAGs
[2025-11-14T11:00:38.084+0000] {logging_mixin.py:190} INFO - [2025-11-14T11:00:38.084+0000] {dag.py:4180} INFO - Setting next_dagrun for etl_pipeline_JO to 2025-11-14 11:00:00+00:00, run_after=2025-11-14 12:00:00+00:00
[2025-11-14T11:00:38.099+0000] {processor.py:208} INFO - Processing /opt/airflow/dags/JO_dag.py took 0.436 seconds
[2025-11-14T11:01:09.039+0000] {processor.py:186} INFO - Started process (PID=379) to work on /opt/airflow/dags/JO_dag.py
[2025-11-14T11:01:09.040+0000] {processor.py:914} INFO - Processing file /opt/airflow/dags/JO_dag.py for tasks to queue
[2025-11-14T11:01:09.042+0000] {logging_mixin.py:190} INFO - [2025-11-14T11:01:09.042+0000] {dagbag.py:588} INFO - Filling up the DagBag from /opt/airflow/dags/JO_dag.py
[2025-11-14T11:01:09.400+0000] {processor.py:925} INFO - DAG(s) 'etl_pipeline_JO' retrieved from /opt/airflow/dags/JO_dag.py
[2025-11-14T11:01:09.418+0000] {logging_mixin.py:190} INFO - [2025-11-14T11:01:09.418+0000] {dag.py:3239} INFO - Sync 1 DAGs
[2025-11-14T11:01:09.434+0000] {logging_mixin.py:190} INFO - [2025-11-14T11:01:09.434+0000] {dag.py:4180} INFO - Setting next_dagrun for etl_pipeline_JO to 2025-11-14 11:00:00+00:00, run_after=2025-11-14 12:00:00+00:00
[2025-11-14T11:01:09.448+0000] {processor.py:208} INFO - Processing /opt/airflow/dags/JO_dag.py took 0.413 seconds
[2025-11-14T11:01:40.394+0000] {processor.py:186} INFO - Started process (PID=396) to work on /opt/airflow/dags/JO_dag.py
[2025-11-14T11:01:40.395+0000] {processor.py:914} INFO - Processing file /opt/airflow/dags/JO_dag.py for tasks to queue
[2025-11-14T11:01:40.398+0000] {logging_mixin.py:190} INFO - [2025-11-14T11:01:40.398+0000] {dagbag.py:588} INFO - Filling up the DagBag from /opt/airflow/dags/JO_dag.py
[2025-11-14T11:01:40.793+0000] {processor.py:925} INFO - DAG(s) 'etl_pipeline_JO' retrieved from /opt/airflow/dags/JO_dag.py
[2025-11-14T11:01:40.812+0000] {logging_mixin.py:190} INFO - [2025-11-14T11:01:40.812+0000] {dag.py:3239} INFO - Sync 1 DAGs
[2025-11-14T11:01:40.829+0000] {logging_mixin.py:190} INFO - [2025-11-14T11:01:40.828+0000] {dag.py:4180} INFO - Setting next_dagrun for etl_pipeline_JO to 2025-11-14 11:00:00+00:00, run_after=2025-11-14 12:00:00+00:00
[2025-11-14T11:01:40.849+0000] {processor.py:208} INFO - Processing /opt/airflow/dags/JO_dag.py took 0.463 seconds
[2025-11-14T11:02:11.741+0000] {processor.py:186} INFO - Started process (PID=413) to work on /opt/airflow/dags/JO_dag.py
[2025-11-14T11:02:11.742+0000] {processor.py:914} INFO - Processing file /opt/airflow/dags/JO_dag.py for tasks to queue
[2025-11-14T11:02:11.744+0000] {logging_mixin.py:190} INFO - [2025-11-14T11:02:11.744+0000] {dagbag.py:588} INFO - Filling up the DagBag from /opt/airflow/dags/JO_dag.py
[2025-11-14T11:02:12.113+0000] {processor.py:925} INFO - DAG(s) 'etl_pipeline_JO' retrieved from /opt/airflow/dags/JO_dag.py
[2025-11-14T11:02:12.129+0000] {logging_mixin.py:190} INFO - [2025-11-14T11:02:12.129+0000] {dag.py:3239} INFO - Sync 1 DAGs
[2025-11-14T11:02:12.145+0000] {logging_mixin.py:190} INFO - [2025-11-14T11:02:12.145+0000] {dag.py:4180} INFO - Setting next_dagrun for etl_pipeline_JO to 2025-11-14 11:00:00+00:00, run_after=2025-11-14 12:00:00+00:00
[2025-11-14T11:02:12.159+0000] {processor.py:208} INFO - Processing /opt/airflow/dags/JO_dag.py took 0.423 seconds
[2025-11-14T11:02:43.078+0000] {processor.py:186} INFO - Started process (PID=430) to work on /opt/airflow/dags/JO_dag.py
[2025-11-14T11:02:43.080+0000] {processor.py:914} INFO - Processing file /opt/airflow/dags/JO_dag.py for tasks to queue
[2025-11-14T11:02:43.082+0000] {logging_mixin.py:190} INFO - [2025-11-14T11:02:43.082+0000] {dagbag.py:588} INFO - Filling up the DagBag from /opt/airflow/dags/JO_dag.py
[2025-11-14T11:02:43.476+0000] {processor.py:925} INFO - DAG(s) 'etl_pipeline_JO' retrieved from /opt/airflow/dags/JO_dag.py
[2025-11-14T11:02:43.495+0000] {logging_mixin.py:190} INFO - [2025-11-14T11:02:43.495+0000] {dag.py:3239} INFO - Sync 1 DAGs
[2025-11-14T11:02:43.512+0000] {logging_mixin.py:190} INFO - [2025-11-14T11:02:43.512+0000] {dag.py:4180} INFO - Setting next_dagrun for etl_pipeline_JO to 2025-11-14 11:00:00+00:00, run_after=2025-11-14 12:00:00+00:00
[2025-11-14T11:02:43.528+0000] {processor.py:208} INFO - Processing /opt/airflow/dags/JO_dag.py took 0.458 seconds
[2025-11-14T11:03:14.434+0000] {processor.py:186} INFO - Started process (PID=447) to work on /opt/airflow/dags/JO_dag.py
[2025-11-14T11:03:14.435+0000] {processor.py:914} INFO - Processing file /opt/airflow/dags/JO_dag.py for tasks to queue
[2025-11-14T11:03:14.437+0000] {logging_mixin.py:190} INFO - [2025-11-14T11:03:14.437+0000] {dagbag.py:588} INFO - Filling up the DagBag from /opt/airflow/dags/JO_dag.py
[2025-11-14T11:03:14.806+0000] {processor.py:925} INFO - DAG(s) 'etl_pipeline_JO' retrieved from /opt/airflow/dags/JO_dag.py
[2025-11-14T11:03:14.825+0000] {logging_mixin.py:190} INFO - [2025-11-14T11:03:14.825+0000] {dag.py:3239} INFO - Sync 1 DAGs
[2025-11-14T11:03:14.842+0000] {logging_mixin.py:190} INFO - [2025-11-14T11:03:14.842+0000] {dag.py:4180} INFO - Setting next_dagrun for etl_pipeline_JO to 2025-11-14 11:00:00+00:00, run_after=2025-11-14 12:00:00+00:00
[2025-11-14T11:03:14.855+0000] {processor.py:208} INFO - Processing /opt/airflow/dags/JO_dag.py took 0.427 seconds
[2025-11-14T11:03:45.793+0000] {processor.py:186} INFO - Started process (PID=464) to work on /opt/airflow/dags/JO_dag.py
[2025-11-14T11:03:45.795+0000] {processor.py:914} INFO - Processing file /opt/airflow/dags/JO_dag.py for tasks to queue
[2025-11-14T11:03:45.798+0000] {logging_mixin.py:190} INFO - [2025-11-14T11:03:45.797+0000] {dagbag.py:588} INFO - Filling up the DagBag from /opt/airflow/dags/JO_dag.py
[2025-11-14T11:03:46.284+0000] {processor.py:925} INFO - DAG(s) 'etl_pipeline_JO' retrieved from /opt/airflow/dags/JO_dag.py
[2025-11-14T11:03:46.303+0000] {logging_mixin.py:190} INFO - [2025-11-14T11:03:46.302+0000] {dag.py:3239} INFO - Sync 1 DAGs
[2025-11-14T11:03:46.320+0000] {logging_mixin.py:190} INFO - [2025-11-14T11:03:46.320+0000] {dag.py:4180} INFO - Setting next_dagrun for etl_pipeline_JO to 2025-11-14 11:00:00+00:00, run_after=2025-11-14 12:00:00+00:00
[2025-11-14T11:03:46.334+0000] {processor.py:208} INFO - Processing /opt/airflow/dags/JO_dag.py took 0.548 seconds
[2025-11-14T11:04:17.144+0000] {processor.py:186} INFO - Started process (PID=481) to work on /opt/airflow/dags/JO_dag.py
[2025-11-14T11:04:17.145+0000] {processor.py:914} INFO - Processing file /opt/airflow/dags/JO_dag.py for tasks to queue
[2025-11-14T11:04:17.147+0000] {logging_mixin.py:190} INFO - [2025-11-14T11:04:17.146+0000] {dagbag.py:588} INFO - Filling up the DagBag from /opt/airflow/dags/JO_dag.py
[2025-11-14T11:04:17.549+0000] {processor.py:925} INFO - DAG(s) 'etl_pipeline_JO' retrieved from /opt/airflow/dags/JO_dag.py
[2025-11-14T11:04:17.570+0000] {logging_mixin.py:190} INFO - [2025-11-14T11:04:17.570+0000] {dag.py:3239} INFO - Sync 1 DAGs
[2025-11-14T11:04:17.587+0000] {logging_mixin.py:190} INFO - [2025-11-14T11:04:17.586+0000] {dag.py:4180} INFO - Setting next_dagrun for etl_pipeline_JO to 2025-11-14 11:00:00+00:00, run_after=2025-11-14 12:00:00+00:00
[2025-11-14T11:04:17.604+0000] {processor.py:208} INFO - Processing /opt/airflow/dags/JO_dag.py took 0.465 seconds
[2025-11-14T11:04:48.492+0000] {processor.py:186} INFO - Started process (PID=498) to work on /opt/airflow/dags/JO_dag.py
[2025-11-14T11:04:48.493+0000] {processor.py:914} INFO - Processing file /opt/airflow/dags/JO_dag.py for tasks to queue
[2025-11-14T11:04:48.495+0000] {logging_mixin.py:190} INFO - [2025-11-14T11:04:48.495+0000] {dagbag.py:588} INFO - Filling up the DagBag from /opt/airflow/dags/JO_dag.py
[2025-11-14T11:04:48.885+0000] {processor.py:925} INFO - DAG(s) 'etl_pipeline_JO' retrieved from /opt/airflow/dags/JO_dag.py
[2025-11-14T11:04:48.904+0000] {logging_mixin.py:190} INFO - [2025-11-14T11:04:48.904+0000] {dag.py:3239} INFO - Sync 1 DAGs
[2025-11-14T11:04:48.920+0000] {logging_mixin.py:190} INFO - [2025-11-14T11:04:48.920+0000] {dag.py:4180} INFO - Setting next_dagrun for etl_pipeline_JO to 2025-11-14 11:00:00+00:00, run_after=2025-11-14 12:00:00+00:00
[2025-11-14T11:04:48.940+0000] {processor.py:208} INFO - Processing /opt/airflow/dags/JO_dag.py took 0.452 seconds
[2025-11-14T11:05:19.816+0000] {processor.py:186} INFO - Started process (PID=515) to work on /opt/airflow/dags/JO_dag.py
[2025-11-14T11:05:19.817+0000] {processor.py:914} INFO - Processing file /opt/airflow/dags/JO_dag.py for tasks to queue
[2025-11-14T11:05:19.819+0000] {logging_mixin.py:190} INFO - [2025-11-14T11:05:19.819+0000] {dagbag.py:588} INFO - Filling up the DagBag from /opt/airflow/dags/JO_dag.py
[2025-11-14T11:05:20.189+0000] {processor.py:925} INFO - DAG(s) 'etl_pipeline_JO' retrieved from /opt/airflow/dags/JO_dag.py
[2025-11-14T11:05:20.208+0000] {logging_mixin.py:190} INFO - [2025-11-14T11:05:20.207+0000] {dag.py:3239} INFO - Sync 1 DAGs
[2025-11-14T11:05:20.225+0000] {logging_mixin.py:190} INFO - [2025-11-14T11:05:20.224+0000] {dag.py:4180} INFO - Setting next_dagrun for etl_pipeline_JO to 2025-11-14 11:00:00+00:00, run_after=2025-11-14 12:00:00+00:00
[2025-11-14T11:05:20.238+0000] {processor.py:208} INFO - Processing /opt/airflow/dags/JO_dag.py took 0.426 seconds
[2025-11-14T11:05:51.175+0000] {processor.py:186} INFO - Started process (PID=532) to work on /opt/airflow/dags/JO_dag.py
[2025-11-14T11:05:51.176+0000] {processor.py:914} INFO - Processing file /opt/airflow/dags/JO_dag.py for tasks to queue
[2025-11-14T11:05:51.178+0000] {logging_mixin.py:190} INFO - [2025-11-14T11:05:51.178+0000] {dagbag.py:588} INFO - Filling up the DagBag from /opt/airflow/dags/JO_dag.py
[2025-11-14T11:05:51.568+0000] {processor.py:925} INFO - DAG(s) 'etl_pipeline_JO' retrieved from /opt/airflow/dags/JO_dag.py
[2025-11-14T11:05:51.585+0000] {logging_mixin.py:190} INFO - [2025-11-14T11:05:51.585+0000] {dag.py:3239} INFO - Sync 1 DAGs
[2025-11-14T11:05:51.600+0000] {logging_mixin.py:190} INFO - [2025-11-14T11:05:51.600+0000] {dag.py:4180} INFO - Setting next_dagrun for etl_pipeline_JO to 2025-11-14 11:00:00+00:00, run_after=2025-11-14 12:00:00+00:00
[2025-11-14T11:05:51.618+0000] {processor.py:208} INFO - Processing /opt/airflow/dags/JO_dag.py took 0.448 seconds
[2025-11-14T11:06:22.545+0000] {processor.py:186} INFO - Started process (PID=549) to work on /opt/airflow/dags/JO_dag.py
[2025-11-14T11:06:22.546+0000] {processor.py:914} INFO - Processing file /opt/airflow/dags/JO_dag.py for tasks to queue
[2025-11-14T11:06:22.548+0000] {logging_mixin.py:190} INFO - [2025-11-14T11:06:22.548+0000] {dagbag.py:588} INFO - Filling up the DagBag from /opt/airflow/dags/JO_dag.py
[2025-11-14T11:06:22.951+0000] {processor.py:925} INFO - DAG(s) 'etl_pipeline_JO' retrieved from /opt/airflow/dags/JO_dag.py
[2025-11-14T11:06:22.969+0000] {logging_mixin.py:190} INFO - [2025-11-14T11:06:22.969+0000] {dag.py:3239} INFO - Sync 1 DAGs
[2025-11-14T11:06:22.987+0000] {logging_mixin.py:190} INFO - [2025-11-14T11:06:22.987+0000] {dag.py:4180} INFO - Setting next_dagrun for etl_pipeline_JO to 2025-11-14 11:00:00+00:00, run_after=2025-11-14 12:00:00+00:00
[2025-11-14T11:06:23.005+0000] {processor.py:208} INFO - Processing /opt/airflow/dags/JO_dag.py took 0.464 seconds
[2025-11-14T11:06:53.901+0000] {processor.py:186} INFO - Started process (PID=566) to work on /opt/airflow/dags/JO_dag.py
[2025-11-14T11:06:53.902+0000] {processor.py:914} INFO - Processing file /opt/airflow/dags/JO_dag.py for tasks to queue
[2025-11-14T11:06:53.903+0000] {logging_mixin.py:190} INFO - [2025-11-14T11:06:53.903+0000] {dagbag.py:588} INFO - Filling up the DagBag from /opt/airflow/dags/JO_dag.py
[2025-11-14T11:06:54.266+0000] {processor.py:925} INFO - DAG(s) 'etl_pipeline_JO' retrieved from /opt/airflow/dags/JO_dag.py
[2025-11-14T11:06:54.284+0000] {logging_mixin.py:190} INFO - [2025-11-14T11:06:54.284+0000] {dag.py:3239} INFO - Sync 1 DAGs
[2025-11-14T11:06:54.301+0000] {logging_mixin.py:190} INFO - [2025-11-14T11:06:54.301+0000] {dag.py:4180} INFO - Setting next_dagrun for etl_pipeline_JO to 2025-11-14 11:00:00+00:00, run_after=2025-11-14 12:00:00+00:00
[2025-11-14T11:06:54.317+0000] {processor.py:208} INFO - Processing /opt/airflow/dags/JO_dag.py took 0.421 seconds
[2025-11-14T11:07:25.223+0000] {processor.py:186} INFO - Started process (PID=583) to work on /opt/airflow/dags/JO_dag.py
[2025-11-14T11:07:25.224+0000] {processor.py:914} INFO - Processing file /opt/airflow/dags/JO_dag.py for tasks to queue
[2025-11-14T11:07:25.226+0000] {logging_mixin.py:190} INFO - [2025-11-14T11:07:25.226+0000] {dagbag.py:588} INFO - Filling up the DagBag from /opt/airflow/dags/JO_dag.py
[2025-11-14T11:07:25.608+0000] {processor.py:925} INFO - DAG(s) 'etl_pipeline_JO' retrieved from /opt/airflow/dags/JO_dag.py
[2025-11-14T11:07:25.627+0000] {logging_mixin.py:190} INFO - [2025-11-14T11:07:25.627+0000] {dag.py:3239} INFO - Sync 1 DAGs
[2025-11-14T11:07:25.643+0000] {logging_mixin.py:190} INFO - [2025-11-14T11:07:25.643+0000] {dag.py:4180} INFO - Setting next_dagrun for etl_pipeline_JO to 2025-11-14 11:00:00+00:00, run_after=2025-11-14 12:00:00+00:00
[2025-11-14T11:07:25.662+0000] {processor.py:208} INFO - Processing /opt/airflow/dags/JO_dag.py took 0.443 seconds
[2025-11-14T11:07:56.557+0000] {processor.py:186} INFO - Started process (PID=600) to work on /opt/airflow/dags/JO_dag.py
[2025-11-14T11:07:56.558+0000] {processor.py:914} INFO - Processing file /opt/airflow/dags/JO_dag.py for tasks to queue
[2025-11-14T11:07:56.560+0000] {logging_mixin.py:190} INFO - [2025-11-14T11:07:56.560+0000] {dagbag.py:588} INFO - Filling up the DagBag from /opt/airflow/dags/JO_dag.py
[2025-11-14T11:07:56.948+0000] {processor.py:925} INFO - DAG(s) 'etl_pipeline_JO' retrieved from /opt/airflow/dags/JO_dag.py
[2025-11-14T11:07:56.965+0000] {logging_mixin.py:190} INFO - [2025-11-14T11:07:56.965+0000] {dag.py:3239} INFO - Sync 1 DAGs
[2025-11-14T11:07:56.981+0000] {logging_mixin.py:190} INFO - [2025-11-14T11:07:56.981+0000] {dag.py:4180} INFO - Setting next_dagrun for etl_pipeline_JO to 2025-11-14 11:00:00+00:00, run_after=2025-11-14 12:00:00+00:00
[2025-11-14T11:07:56.995+0000] {processor.py:208} INFO - Processing /opt/airflow/dags/JO_dag.py took 0.442 seconds
[2025-11-14T11:08:27.877+0000] {processor.py:186} INFO - Started process (PID=624) to work on /opt/airflow/dags/JO_dag.py
[2025-11-14T11:08:27.878+0000] {processor.py:914} INFO - Processing file /opt/airflow/dags/JO_dag.py for tasks to queue
[2025-11-14T11:08:27.880+0000] {logging_mixin.py:190} INFO - [2025-11-14T11:08:27.879+0000] {dagbag.py:588} INFO - Filling up the DagBag from /opt/airflow/dags/JO_dag.py
[2025-11-14T11:08:28.326+0000] {processor.py:925} INFO - DAG(s) 'etl_pipeline_JO' retrieved from /opt/airflow/dags/JO_dag.py
[2025-11-14T11:08:28.345+0000] {logging_mixin.py:190} INFO - [2025-11-14T11:08:28.345+0000] {dag.py:3239} INFO - Sync 1 DAGs
[2025-11-14T11:08:28.367+0000] {logging_mixin.py:190} INFO - [2025-11-14T11:08:28.367+0000] {dag.py:4180} INFO - Setting next_dagrun for etl_pipeline_JO to 2025-11-14 11:00:00+00:00, run_after=2025-11-14 12:00:00+00:00
[2025-11-14T11:08:28.389+0000] {processor.py:208} INFO - Processing /opt/airflow/dags/JO_dag.py took 0.517 seconds
[2025-11-14T11:08:59.215+0000] {processor.py:186} INFO - Started process (PID=641) to work on /opt/airflow/dags/JO_dag.py
[2025-11-14T11:08:59.216+0000] {processor.py:914} INFO - Processing file /opt/airflow/dags/JO_dag.py for tasks to queue
[2025-11-14T11:08:59.218+0000] {logging_mixin.py:190} INFO - [2025-11-14T11:08:59.218+0000] {dagbag.py:588} INFO - Filling up the DagBag from /opt/airflow/dags/JO_dag.py
[2025-11-14T11:08:59.591+0000] {processor.py:925} INFO - DAG(s) 'etl_pipeline_JO' retrieved from /opt/airflow/dags/JO_dag.py
[2025-11-14T11:08:59.609+0000] {logging_mixin.py:190} INFO - [2025-11-14T11:08:59.608+0000] {dag.py:3239} INFO - Sync 1 DAGs
[2025-11-14T11:08:59.624+0000] {logging_mixin.py:190} INFO - [2025-11-14T11:08:59.624+0000] {dag.py:4180} INFO - Setting next_dagrun for etl_pipeline_JO to 2025-11-14 11:00:00+00:00, run_after=2025-11-14 12:00:00+00:00
[2025-11-14T11:08:59.644+0000] {processor.py:208} INFO - Processing /opt/airflow/dags/JO_dag.py took 0.433 seconds
[2025-11-14T11:09:30.576+0000] {processor.py:186} INFO - Started process (PID=658) to work on /opt/airflow/dags/JO_dag.py
[2025-11-14T11:09:30.577+0000] {processor.py:914} INFO - Processing file /opt/airflow/dags/JO_dag.py for tasks to queue
[2025-11-14T11:09:30.579+0000] {logging_mixin.py:190} INFO - [2025-11-14T11:09:30.578+0000] {dagbag.py:588} INFO - Filling up the DagBag from /opt/airflow/dags/JO_dag.py
[2025-11-14T11:09:30.950+0000] {processor.py:925} INFO - DAG(s) 'etl_pipeline_JO' retrieved from /opt/airflow/dags/JO_dag.py
[2025-11-14T11:09:30.967+0000] {logging_mixin.py:190} INFO - [2025-11-14T11:09:30.967+0000] {dag.py:3239} INFO - Sync 1 DAGs
[2025-11-14T11:09:30.983+0000] {logging_mixin.py:190} INFO - [2025-11-14T11:09:30.983+0000] {dag.py:4180} INFO - Setting next_dagrun for etl_pipeline_JO to 2025-11-14 11:00:00+00:00, run_after=2025-11-14 12:00:00+00:00
[2025-11-14T11:09:31.000+0000] {processor.py:208} INFO - Processing /opt/airflow/dags/JO_dag.py took 0.429 seconds
[2025-11-14T11:10:01.154+0000] {processor.py:186} INFO - Started process (PID=675) to work on /opt/airflow/dags/JO_dag.py
[2025-11-14T11:10:01.155+0000] {processor.py:914} INFO - Processing file /opt/airflow/dags/JO_dag.py for tasks to queue
[2025-11-14T11:10:01.157+0000] {logging_mixin.py:190} INFO - [2025-11-14T11:10:01.157+0000] {dagbag.py:588} INFO - Filling up the DagBag from /opt/airflow/dags/JO_dag.py
[2025-11-14T11:10:01.527+0000] {processor.py:925} INFO - DAG(s) 'etl_pipeline_JO' retrieved from /opt/airflow/dags/JO_dag.py
[2025-11-14T11:10:01.544+0000] {logging_mixin.py:190} INFO - [2025-11-14T11:10:01.543+0000] {dag.py:3239} INFO - Sync 1 DAGs
[2025-11-14T11:10:01.559+0000] {logging_mixin.py:190} INFO - [2025-11-14T11:10:01.559+0000] {dag.py:4180} INFO - Setting next_dagrun for etl_pipeline_JO to 2025-11-14 11:00:00+00:00, run_after=2025-11-14 12:00:00+00:00
[2025-11-14T11:10:01.573+0000] {processor.py:208} INFO - Processing /opt/airflow/dags/JO_dag.py took 0.424 seconds
[2025-11-14T11:10:32.420+0000] {processor.py:186} INFO - Started process (PID=692) to work on /opt/airflow/dags/JO_dag.py
[2025-11-14T11:10:32.421+0000] {processor.py:914} INFO - Processing file /opt/airflow/dags/JO_dag.py for tasks to queue
[2025-11-14T11:10:32.422+0000] {logging_mixin.py:190} INFO - [2025-11-14T11:10:32.422+0000] {dagbag.py:588} INFO - Filling up the DagBag from /opt/airflow/dags/JO_dag.py
[2025-11-14T11:10:32.802+0000] {processor.py:925} INFO - DAG(s) 'etl_pipeline_JO' retrieved from /opt/airflow/dags/JO_dag.py
[2025-11-14T11:10:32.820+0000] {logging_mixin.py:190} INFO - [2025-11-14T11:10:32.820+0000] {dag.py:3239} INFO - Sync 1 DAGs
[2025-11-14T11:10:32.835+0000] {logging_mixin.py:190} INFO - [2025-11-14T11:10:32.835+0000] {dag.py:4180} INFO - Setting next_dagrun for etl_pipeline_JO to 2025-11-14 11:00:00+00:00, run_after=2025-11-14 12:00:00+00:00
[2025-11-14T11:10:32.851+0000] {processor.py:208} INFO - Processing /opt/airflow/dags/JO_dag.py took 0.437 seconds
[2025-11-14T11:11:03.794+0000] {processor.py:186} INFO - Started process (PID=709) to work on /opt/airflow/dags/JO_dag.py
[2025-11-14T11:11:03.795+0000] {processor.py:914} INFO - Processing file /opt/airflow/dags/JO_dag.py for tasks to queue
[2025-11-14T11:11:03.797+0000] {logging_mixin.py:190} INFO - [2025-11-14T11:11:03.796+0000] {dagbag.py:588} INFO - Filling up the DagBag from /opt/airflow/dags/JO_dag.py
[2025-11-14T11:11:04.172+0000] {processor.py:925} INFO - DAG(s) 'etl_pipeline_JO' retrieved from /opt/airflow/dags/JO_dag.py
[2025-11-14T11:11:04.190+0000] {logging_mixin.py:190} INFO - [2025-11-14T11:11:04.190+0000] {dag.py:3239} INFO - Sync 1 DAGs
[2025-11-14T11:11:04.207+0000] {logging_mixin.py:190} INFO - [2025-11-14T11:11:04.207+0000] {dag.py:4180} INFO - Setting next_dagrun for etl_pipeline_JO to 2025-11-14 11:00:00+00:00, run_after=2025-11-14 12:00:00+00:00
[2025-11-14T11:11:04.226+0000] {processor.py:208} INFO - Processing /opt/airflow/dags/JO_dag.py took 0.438 seconds
[2025-11-14T11:11:35.119+0000] {processor.py:186} INFO - Started process (PID=726) to work on /opt/airflow/dags/JO_dag.py
[2025-11-14T11:11:35.120+0000] {processor.py:914} INFO - Processing file /opt/airflow/dags/JO_dag.py for tasks to queue
[2025-11-14T11:11:35.121+0000] {logging_mixin.py:190} INFO - [2025-11-14T11:11:35.121+0000] {dagbag.py:588} INFO - Filling up the DagBag from /opt/airflow/dags/JO_dag.py
[2025-11-14T11:11:35.478+0000] {processor.py:925} INFO - DAG(s) 'etl_pipeline_JO' retrieved from /opt/airflow/dags/JO_dag.py
[2025-11-14T11:11:35.495+0000] {logging_mixin.py:190} INFO - [2025-11-14T11:11:35.494+0000] {dag.py:3239} INFO - Sync 1 DAGs
[2025-11-14T11:11:35.510+0000] {logging_mixin.py:190} INFO - [2025-11-14T11:11:35.510+0000] {dag.py:4180} INFO - Setting next_dagrun for etl_pipeline_JO to 2025-11-14 11:00:00+00:00, run_after=2025-11-14 12:00:00+00:00
[2025-11-14T11:11:35.528+0000] {processor.py:208} INFO - Processing /opt/airflow/dags/JO_dag.py took 0.415 seconds
[2025-11-14T11:12:06.469+0000] {processor.py:186} INFO - Started process (PID=743) to work on /opt/airflow/dags/JO_dag.py
[2025-11-14T11:12:06.470+0000] {processor.py:914} INFO - Processing file /opt/airflow/dags/JO_dag.py for tasks to queue
[2025-11-14T11:12:06.472+0000] {logging_mixin.py:190} INFO - [2025-11-14T11:12:06.472+0000] {dagbag.py:588} INFO - Filling up the DagBag from /opt/airflow/dags/JO_dag.py
[2025-11-14T11:12:06.837+0000] {processor.py:925} INFO - DAG(s) 'etl_pipeline_JO' retrieved from /opt/airflow/dags/JO_dag.py
[2025-11-14T11:12:06.854+0000] {logging_mixin.py:190} INFO - [2025-11-14T11:12:06.854+0000] {dag.py:3239} INFO - Sync 1 DAGs
[2025-11-14T11:12:06.870+0000] {logging_mixin.py:190} INFO - [2025-11-14T11:12:06.870+0000] {dag.py:4180} INFO - Setting next_dagrun for etl_pipeline_JO to 2025-11-14 11:00:00+00:00, run_after=2025-11-14 12:00:00+00:00
[2025-11-14T11:12:06.889+0000] {processor.py:208} INFO - Processing /opt/airflow/dags/JO_dag.py took 0.425 seconds
[2025-11-14T11:12:37.791+0000] {processor.py:186} INFO - Started process (PID=760) to work on /opt/airflow/dags/JO_dag.py
[2025-11-14T11:12:37.792+0000] {processor.py:914} INFO - Processing file /opt/airflow/dags/JO_dag.py for tasks to queue
[2025-11-14T11:12:37.794+0000] {logging_mixin.py:190} INFO - [2025-11-14T11:12:37.794+0000] {dagbag.py:588} INFO - Filling up the DagBag from /opt/airflow/dags/JO_dag.py
[2025-11-14T11:12:38.178+0000] {processor.py:925} INFO - DAG(s) 'etl_pipeline_JO' retrieved from /opt/airflow/dags/JO_dag.py
[2025-11-14T11:12:38.197+0000] {logging_mixin.py:190} INFO - [2025-11-14T11:12:38.197+0000] {dag.py:3239} INFO - Sync 1 DAGs
[2025-11-14T11:12:38.217+0000] {logging_mixin.py:190} INFO - [2025-11-14T11:12:38.217+0000] {dag.py:4180} INFO - Setting next_dagrun for etl_pipeline_JO to 2025-11-14 11:00:00+00:00, run_after=2025-11-14 12:00:00+00:00
[2025-11-14T11:12:38.234+0000] {processor.py:208} INFO - Processing /opt/airflow/dags/JO_dag.py took 0.447 seconds
[2025-11-14T11:13:09.130+0000] {processor.py:186} INFO - Started process (PID=777) to work on /opt/airflow/dags/JO_dag.py
[2025-11-14T11:13:09.131+0000] {processor.py:914} INFO - Processing file /opt/airflow/dags/JO_dag.py for tasks to queue
[2025-11-14T11:13:09.133+0000] {logging_mixin.py:190} INFO - [2025-11-14T11:13:09.133+0000] {dagbag.py:588} INFO - Filling up the DagBag from /opt/airflow/dags/JO_dag.py
[2025-11-14T11:13:09.490+0000] {processor.py:925} INFO - DAG(s) 'etl_pipeline_JO' retrieved from /opt/airflow/dags/JO_dag.py
[2025-11-14T11:13:09.508+0000] {logging_mixin.py:190} INFO - [2025-11-14T11:13:09.508+0000] {dag.py:3239} INFO - Sync 1 DAGs
[2025-11-14T11:13:09.525+0000] {logging_mixin.py:190} INFO - [2025-11-14T11:13:09.524+0000] {dag.py:4180} INFO - Setting next_dagrun for etl_pipeline_JO to 2025-11-14 11:00:00+00:00, run_after=2025-11-14 12:00:00+00:00
[2025-11-14T11:13:09.539+0000] {processor.py:208} INFO - Processing /opt/airflow/dags/JO_dag.py took 0.415 seconds
[2025-11-14T11:13:40.506+0000] {processor.py:186} INFO - Started process (PID=794) to work on /opt/airflow/dags/JO_dag.py
[2025-11-14T11:13:40.507+0000] {processor.py:914} INFO - Processing file /opt/airflow/dags/JO_dag.py for tasks to queue
[2025-11-14T11:13:40.509+0000] {logging_mixin.py:190} INFO - [2025-11-14T11:13:40.509+0000] {dagbag.py:588} INFO - Filling up the DagBag from /opt/airflow/dags/JO_dag.py
[2025-11-14T11:13:40.901+0000] {processor.py:925} INFO - DAG(s) 'etl_pipeline_JO' retrieved from /opt/airflow/dags/JO_dag.py
[2025-11-14T11:13:40.920+0000] {logging_mixin.py:190} INFO - [2025-11-14T11:13:40.920+0000] {dag.py:3239} INFO - Sync 1 DAGs
[2025-11-14T11:13:40.938+0000] {logging_mixin.py:190} INFO - [2025-11-14T11:13:40.938+0000] {dag.py:4180} INFO - Setting next_dagrun for etl_pipeline_JO to 2025-11-14 11:00:00+00:00, run_after=2025-11-14 12:00:00+00:00
[2025-11-14T11:13:40.956+0000] {processor.py:208} INFO - Processing /opt/airflow/dags/JO_dag.py took 0.455 seconds
[2025-11-14T11:13:45.655+0000] {processor.py:186} INFO - Started process (PID=805) to work on /opt/airflow/dags/JO_dag.py
[2025-11-14T11:13:45.655+0000] {processor.py:914} INFO - Processing file /opt/airflow/dags/JO_dag.py for tasks to queue
[2025-11-14T11:13:45.657+0000] {logging_mixin.py:190} INFO - [2025-11-14T11:13:45.657+0000] {dagbag.py:588} INFO - Filling up the DagBag from /opt/airflow/dags/JO_dag.py
[2025-11-14T11:13:46.058+0000] {processor.py:925} INFO - DAG(s) 'etl_pipeline_JO' retrieved from /opt/airflow/dags/JO_dag.py
[2025-11-14T11:13:46.075+0000] {logging_mixin.py:190} INFO - [2025-11-14T11:13:46.075+0000] {dag.py:3239} INFO - Sync 1 DAGs
[2025-11-14T11:13:46.091+0000] {logging_mixin.py:190} INFO - [2025-11-14T11:13:46.090+0000] {dag.py:4180} INFO - Setting next_dagrun for etl_pipeline_JO to 2025-11-14 11:00:00+00:00, run_after=2025-11-14 12:00:00+00:00
[2025-11-14T11:13:46.107+0000] {processor.py:208} INFO - Processing /opt/airflow/dags/JO_dag.py took 0.458 seconds
[2025-11-14T11:14:17.007+0000] {processor.py:186} INFO - Started process (PID=822) to work on /opt/airflow/dags/JO_dag.py
[2025-11-14T11:14:17.008+0000] {processor.py:914} INFO - Processing file /opt/airflow/dags/JO_dag.py for tasks to queue
[2025-11-14T11:14:17.010+0000] {logging_mixin.py:190} INFO - [2025-11-14T11:14:17.010+0000] {dagbag.py:588} INFO - Filling up the DagBag from /opt/airflow/dags/JO_dag.py
[2025-11-14T11:14:17.372+0000] {processor.py:925} INFO - DAG(s) 'etl_pipeline_JO' retrieved from /opt/airflow/dags/JO_dag.py
[2025-11-14T11:14:17.390+0000] {logging_mixin.py:190} INFO - [2025-11-14T11:14:17.390+0000] {dag.py:3239} INFO - Sync 1 DAGs
[2025-11-14T11:14:17.407+0000] {logging_mixin.py:190} INFO - [2025-11-14T11:14:17.407+0000] {dag.py:4180} INFO - Setting next_dagrun for etl_pipeline_JO to 2025-11-14 11:00:00+00:00, run_after=2025-11-14 12:00:00+00:00
[2025-11-14T11:14:17.422+0000] {processor.py:208} INFO - Processing /opt/airflow/dags/JO_dag.py took 0.420 seconds
[2025-11-14T11:14:48.338+0000] {processor.py:186} INFO - Started process (PID=839) to work on /opt/airflow/dags/JO_dag.py
[2025-11-14T11:14:48.339+0000] {processor.py:914} INFO - Processing file /opt/airflow/dags/JO_dag.py for tasks to queue
[2025-11-14T11:14:48.340+0000] {logging_mixin.py:190} INFO - [2025-11-14T11:14:48.340+0000] {dagbag.py:588} INFO - Filling up the DagBag from /opt/airflow/dags/JO_dag.py
[2025-11-14T11:14:48.709+0000] {processor.py:925} INFO - DAG(s) 'etl_pipeline_JO' retrieved from /opt/airflow/dags/JO_dag.py
[2025-11-14T11:14:48.726+0000] {logging_mixin.py:190} INFO - [2025-11-14T11:14:48.726+0000] {dag.py:3239} INFO - Sync 1 DAGs
[2025-11-14T11:14:48.742+0000] {logging_mixin.py:190} INFO - [2025-11-14T11:14:48.742+0000] {dag.py:4180} INFO - Setting next_dagrun for etl_pipeline_JO to 2025-11-14 11:00:00+00:00, run_after=2025-11-14 12:00:00+00:00
[2025-11-14T11:14:48.761+0000] {processor.py:208} INFO - Processing /opt/airflow/dags/JO_dag.py took 0.428 seconds
[2025-11-14T11:15:18.808+0000] {processor.py:186} INFO - Started process (PID=856) to work on /opt/airflow/dags/JO_dag.py
[2025-11-14T11:15:18.809+0000] {processor.py:914} INFO - Processing file /opt/airflow/dags/JO_dag.py for tasks to queue
[2025-11-14T11:15:18.811+0000] {logging_mixin.py:190} INFO - [2025-11-14T11:15:18.811+0000] {dagbag.py:588} INFO - Filling up the DagBag from /opt/airflow/dags/JO_dag.py
[2025-11-14T11:15:19.182+0000] {processor.py:925} INFO - DAG(s) 'etl_pipeline_JO' retrieved from /opt/airflow/dags/JO_dag.py
[2025-11-14T11:15:19.200+0000] {logging_mixin.py:190} INFO - [2025-11-14T11:15:19.200+0000] {dag.py:3239} INFO - Sync 1 DAGs
[2025-11-14T11:15:19.217+0000] {logging_mixin.py:190} INFO - [2025-11-14T11:15:19.217+0000] {dag.py:4180} INFO - Setting next_dagrun for etl_pipeline_JO to 2025-11-14 11:00:00+00:00, run_after=2025-11-14 12:00:00+00:00
[2025-11-14T11:15:19.231+0000] {processor.py:208} INFO - Processing /opt/airflow/dags/JO_dag.py took 0.428 seconds
[2025-11-14T11:15:23.322+0000] {processor.py:186} INFO - Started process (PID=862) to work on /opt/airflow/dags/JO_dag.py
[2025-11-14T11:15:23.323+0000] {processor.py:914} INFO - Processing file /opt/airflow/dags/JO_dag.py for tasks to queue
[2025-11-14T11:15:23.325+0000] {logging_mixin.py:190} INFO - [2025-11-14T11:15:23.325+0000] {dagbag.py:588} INFO - Filling up the DagBag from /opt/airflow/dags/JO_dag.py
[2025-11-14T11:15:23.729+0000] {processor.py:925} INFO - DAG(s) 'etl_pipeline_JO' retrieved from /opt/airflow/dags/JO_dag.py
[2025-11-14T11:15:23.750+0000] {logging_mixin.py:190} INFO - [2025-11-14T11:15:23.749+0000] {dag.py:3239} INFO - Sync 1 DAGs
[2025-11-14T11:15:23.769+0000] {logging_mixin.py:190} INFO - [2025-11-14T11:15:23.769+0000] {dag.py:4180} INFO - Setting next_dagrun for etl_pipeline_JO to 2025-11-14 11:00:00+00:00, run_after=2025-11-14 12:00:00+00:00
[2025-11-14T11:15:23.790+0000] {processor.py:208} INFO - Processing /opt/airflow/dags/JO_dag.py took 0.473 seconds
