[2025-11-14T10:47:49.206+0000] {processor.py:186} INFO - Started process (PID=296) to work on /opt/airflow/dags/premier_dag.py
[2025-11-14T10:47:49.207+0000] {processor.py:914} INFO - Processing file /opt/airflow/dags/premier_dag.py for tasks to queue
[2025-11-14T10:47:49.209+0000] {logging_mixin.py:190} INFO - [2025-11-14T10:47:49.209+0000] {dagbag.py:588} INFO - Filling up the DagBag from /opt/airflow/dags/premier_dag.py
[2025-11-14T10:47:49.228+0000] {processor.py:925} INFO - DAG(s) 'premier_dag_test' retrieved from /opt/airflow/dags/premier_dag.py
[2025-11-14T10:47:49.276+0000] {logging_mixin.py:190} INFO - [2025-11-14T10:47:49.276+0000] {dag.py:3239} INFO - Sync 1 DAGs
[2025-11-14T10:47:49.303+0000] {logging_mixin.py:190} INFO - [2025-11-14T10:47:49.302+0000] {dag.py:4180} INFO - Setting next_dagrun for premier_dag_test to 2025-06-02 00:00:00+00:00, run_after=2025-06-02 01:00:00+00:00
[2025-11-14T10:47:49.323+0000] {processor.py:208} INFO - Processing /opt/airflow/dags/premier_dag.py took 0.123 seconds
[2025-11-14T10:49:05.149+0000] {processor.py:186} INFO - Started process (PID=295) to work on /opt/airflow/dags/premier_dag.py
[2025-11-14T10:49:05.149+0000] {processor.py:914} INFO - Processing file /opt/airflow/dags/premier_dag.py for tasks to queue
[2025-11-14T10:49:05.151+0000] {logging_mixin.py:190} INFO - [2025-11-14T10:49:05.151+0000] {dagbag.py:588} INFO - Filling up the DagBag from /opt/airflow/dags/premier_dag.py
[2025-11-14T10:49:05.166+0000] {processor.py:925} INFO - DAG(s) 'premier_dag_test' retrieved from /opt/airflow/dags/premier_dag.py
[2025-11-14T10:49:05.199+0000] {logging_mixin.py:190} INFO - [2025-11-14T10:49:05.199+0000] {dag.py:3239} INFO - Sync 1 DAGs
[2025-11-14T10:49:05.220+0000] {logging_mixin.py:190} INFO - [2025-11-14T10:49:05.219+0000] {dag.py:4180} INFO - Setting next_dagrun for premier_dag_test to 2025-06-02 00:00:00+00:00, run_after=2025-06-02 01:00:00+00:00
[2025-11-14T10:49:05.238+0000] {processor.py:208} INFO - Processing /opt/airflow/dags/premier_dag.py took 0.094 seconds
[2025-11-14T10:49:35.458+0000] {processor.py:186} INFO - Started process (PID=309) to work on /opt/airflow/dags/premier_dag.py
[2025-11-14T10:49:35.459+0000] {processor.py:914} INFO - Processing file /opt/airflow/dags/premier_dag.py for tasks to queue
[2025-11-14T10:49:35.461+0000] {logging_mixin.py:190} INFO - [2025-11-14T10:49:35.461+0000] {dagbag.py:588} INFO - Filling up the DagBag from /opt/airflow/dags/premier_dag.py
[2025-11-14T10:49:35.477+0000] {processor.py:925} INFO - DAG(s) 'premier_dag_test' retrieved from /opt/airflow/dags/premier_dag.py
[2025-11-14T10:49:35.500+0000] {logging_mixin.py:190} INFO - [2025-11-14T10:49:35.500+0000] {dag.py:3239} INFO - Sync 1 DAGs
[2025-11-14T10:49:35.524+0000] {logging_mixin.py:190} INFO - [2025-11-14T10:49:35.524+0000] {dag.py:4180} INFO - Setting next_dagrun for premier_dag_test to 2025-06-02 00:00:00+00:00, run_after=2025-06-02 01:00:00+00:00
[2025-11-14T10:49:35.543+0000] {processor.py:208} INFO - Processing /opt/airflow/dags/premier_dag.py took 0.090 seconds
[2025-11-14T10:50:05.775+0000] {processor.py:186} INFO - Started process (PID=326) to work on /opt/airflow/dags/premier_dag.py
[2025-11-14T10:50:05.776+0000] {processor.py:914} INFO - Processing file /opt/airflow/dags/premier_dag.py for tasks to queue
[2025-11-14T10:50:05.779+0000] {logging_mixin.py:190} INFO - [2025-11-14T10:50:05.778+0000] {dagbag.py:588} INFO - Filling up the DagBag from /opt/airflow/dags/premier_dag.py
[2025-11-14T10:50:05.799+0000] {processor.py:925} INFO - DAG(s) 'premier_dag_test' retrieved from /opt/airflow/dags/premier_dag.py
[2025-11-14T10:50:05.829+0000] {logging_mixin.py:190} INFO - [2025-11-14T10:50:05.828+0000] {dag.py:3239} INFO - Sync 1 DAGs
[2025-11-14T10:50:05.852+0000] {logging_mixin.py:190} INFO - [2025-11-14T10:50:05.852+0000] {dag.py:4180} INFO - Setting next_dagrun for premier_dag_test to 2025-06-02 00:00:00+00:00, run_after=2025-06-02 01:00:00+00:00
[2025-11-14T10:50:05.868+0000] {processor.py:208} INFO - Processing /opt/airflow/dags/premier_dag.py took 0.099 seconds
[2025-11-14T10:50:36.085+0000] {processor.py:186} INFO - Started process (PID=343) to work on /opt/airflow/dags/premier_dag.py
[2025-11-14T10:50:36.087+0000] {processor.py:914} INFO - Processing file /opt/airflow/dags/premier_dag.py for tasks to queue
[2025-11-14T10:50:36.091+0000] {logging_mixin.py:190} INFO - [2025-11-14T10:50:36.090+0000] {dagbag.py:588} INFO - Filling up the DagBag from /opt/airflow/dags/premier_dag.py
[2025-11-14T10:50:36.114+0000] {processor.py:925} INFO - DAG(s) 'premier_dag_test' retrieved from /opt/airflow/dags/premier_dag.py
[2025-11-14T10:50:36.144+0000] {logging_mixin.py:190} INFO - [2025-11-14T10:50:36.144+0000] {dag.py:3239} INFO - Sync 1 DAGs
[2025-11-14T10:50:36.176+0000] {logging_mixin.py:190} INFO - [2025-11-14T10:50:36.176+0000] {dag.py:4180} INFO - Setting next_dagrun for premier_dag_test to 2025-06-02 00:00:00+00:00, run_after=2025-06-02 01:00:00+00:00
[2025-11-14T10:50:36.202+0000] {processor.py:208} INFO - Processing /opt/airflow/dags/premier_dag.py took 0.124 seconds
[2025-11-14T10:51:06.498+0000] {processor.py:186} INFO - Started process (PID=360) to work on /opt/airflow/dags/premier_dag.py
[2025-11-14T10:51:06.498+0000] {processor.py:914} INFO - Processing file /opt/airflow/dags/premier_dag.py for tasks to queue
[2025-11-14T10:51:06.501+0000] {logging_mixin.py:190} INFO - [2025-11-14T10:51:06.500+0000] {dagbag.py:588} INFO - Filling up the DagBag from /opt/airflow/dags/premier_dag.py
[2025-11-14T10:51:06.515+0000] {processor.py:925} INFO - DAG(s) 'premier_dag_test' retrieved from /opt/airflow/dags/premier_dag.py
[2025-11-14T10:51:06.536+0000] {logging_mixin.py:190} INFO - [2025-11-14T10:51:06.536+0000] {dag.py:3239} INFO - Sync 1 DAGs
[2025-11-14T10:51:06.556+0000] {logging_mixin.py:190} INFO - [2025-11-14T10:51:06.556+0000] {dag.py:4180} INFO - Setting next_dagrun for premier_dag_test to 2025-06-02 00:00:00+00:00, run_after=2025-06-02 01:00:00+00:00
[2025-11-14T10:51:06.574+0000] {processor.py:208} INFO - Processing /opt/airflow/dags/premier_dag.py took 0.081 seconds
[2025-11-14T10:51:36.848+0000] {processor.py:186} INFO - Started process (PID=377) to work on /opt/airflow/dags/premier_dag.py
[2025-11-14T10:51:36.848+0000] {processor.py:914} INFO - Processing file /opt/airflow/dags/premier_dag.py for tasks to queue
[2025-11-14T10:51:36.851+0000] {logging_mixin.py:190} INFO - [2025-11-14T10:51:36.850+0000] {dagbag.py:588} INFO - Filling up the DagBag from /opt/airflow/dags/premier_dag.py
[2025-11-14T10:51:36.864+0000] {processor.py:925} INFO - DAG(s) 'premier_dag_test' retrieved from /opt/airflow/dags/premier_dag.py
[2025-11-14T10:51:36.886+0000] {logging_mixin.py:190} INFO - [2025-11-14T10:51:36.886+0000] {dag.py:3239} INFO - Sync 1 DAGs
[2025-11-14T10:51:36.905+0000] {logging_mixin.py:190} INFO - [2025-11-14T10:51:36.905+0000] {dag.py:4180} INFO - Setting next_dagrun for premier_dag_test to 2025-06-02 00:00:00+00:00, run_after=2025-06-02 01:00:00+00:00
[2025-11-14T10:51:36.927+0000] {processor.py:208} INFO - Processing /opt/airflow/dags/premier_dag.py took 0.084 seconds
[2025-11-14T10:52:07.176+0000] {processor.py:186} INFO - Started process (PID=394) to work on /opt/airflow/dags/premier_dag.py
[2025-11-14T10:52:07.177+0000] {processor.py:914} INFO - Processing file /opt/airflow/dags/premier_dag.py for tasks to queue
[2025-11-14T10:52:07.179+0000] {logging_mixin.py:190} INFO - [2025-11-14T10:52:07.179+0000] {dagbag.py:588} INFO - Filling up the DagBag from /opt/airflow/dags/premier_dag.py
[2025-11-14T10:52:07.193+0000] {processor.py:925} INFO - DAG(s) 'premier_dag_test' retrieved from /opt/airflow/dags/premier_dag.py
[2025-11-14T10:52:07.214+0000] {logging_mixin.py:190} INFO - [2025-11-14T10:52:07.214+0000] {dag.py:3239} INFO - Sync 1 DAGs
[2025-11-14T10:52:07.235+0000] {logging_mixin.py:190} INFO - [2025-11-14T10:52:07.234+0000] {dag.py:4180} INFO - Setting next_dagrun for premier_dag_test to 2025-06-02 00:00:00+00:00, run_after=2025-06-02 01:00:00+00:00
[2025-11-14T10:52:07.256+0000] {processor.py:208} INFO - Processing /opt/airflow/dags/premier_dag.py took 0.085 seconds
[2025-11-14T10:52:37.480+0000] {processor.py:186} INFO - Started process (PID=411) to work on /opt/airflow/dags/premier_dag.py
[2025-11-14T10:52:37.481+0000] {processor.py:914} INFO - Processing file /opt/airflow/dags/premier_dag.py for tasks to queue
[2025-11-14T10:52:37.484+0000] {logging_mixin.py:190} INFO - [2025-11-14T10:52:37.484+0000] {dagbag.py:588} INFO - Filling up the DagBag from /opt/airflow/dags/premier_dag.py
[2025-11-14T10:52:37.501+0000] {processor.py:925} INFO - DAG(s) 'premier_dag_test' retrieved from /opt/airflow/dags/premier_dag.py
[2025-11-14T10:52:37.522+0000] {logging_mixin.py:190} INFO - [2025-11-14T10:52:37.522+0000] {dag.py:3239} INFO - Sync 1 DAGs
[2025-11-14T10:52:37.543+0000] {logging_mixin.py:190} INFO - [2025-11-14T10:52:37.542+0000] {dag.py:4180} INFO - Setting next_dagrun for premier_dag_test to 2025-06-02 00:00:00+00:00, run_after=2025-06-02 01:00:00+00:00
[2025-11-14T10:52:37.560+0000] {processor.py:208} INFO - Processing /opt/airflow/dags/premier_dag.py took 0.086 seconds
[2025-11-14T10:54:04.890+0000] {processor.py:186} INFO - Started process (PID=295) to work on /opt/airflow/dags/premier_dag.py
[2025-11-14T10:54:04.891+0000] {processor.py:914} INFO - Processing file /opt/airflow/dags/premier_dag.py for tasks to queue
[2025-11-14T10:54:04.892+0000] {logging_mixin.py:190} INFO - [2025-11-14T10:54:04.892+0000] {dagbag.py:588} INFO - Filling up the DagBag from /opt/airflow/dags/premier_dag.py
[2025-11-14T10:54:04.915+0000] {processor.py:925} INFO - DAG(s) 'premier_dag_test' retrieved from /opt/airflow/dags/premier_dag.py
[2025-11-14T10:54:04.949+0000] {logging_mixin.py:190} INFO - [2025-11-14T10:54:04.949+0000] {dag.py:3239} INFO - Sync 1 DAGs
[2025-11-14T10:54:04.969+0000] {logging_mixin.py:190} INFO - [2025-11-14T10:54:04.969+0000] {dag.py:4180} INFO - Setting next_dagrun for premier_dag_test to 2025-06-02 00:00:00+00:00, run_after=2025-06-02 01:00:00+00:00
[2025-11-14T10:54:04.988+0000] {processor.py:208} INFO - Processing /opt/airflow/dags/premier_dag.py took 0.103 seconds
[2025-11-14T10:54:35.247+0000] {processor.py:186} INFO - Started process (PID=309) to work on /opt/airflow/dags/premier_dag.py
[2025-11-14T10:54:35.248+0000] {processor.py:914} INFO - Processing file /opt/airflow/dags/premier_dag.py for tasks to queue
[2025-11-14T10:54:35.249+0000] {logging_mixin.py:190} INFO - [2025-11-14T10:54:35.249+0000] {dagbag.py:588} INFO - Filling up the DagBag from /opt/airflow/dags/premier_dag.py
[2025-11-14T10:54:35.263+0000] {processor.py:925} INFO - DAG(s) 'premier_dag_test' retrieved from /opt/airflow/dags/premier_dag.py
[2025-11-14T10:54:35.284+0000] {logging_mixin.py:190} INFO - [2025-11-14T10:54:35.284+0000] {dag.py:3239} INFO - Sync 1 DAGs
[2025-11-14T10:54:35.304+0000] {logging_mixin.py:190} INFO - [2025-11-14T10:54:35.304+0000] {dag.py:4180} INFO - Setting next_dagrun for premier_dag_test to 2025-06-02 00:00:00+00:00, run_after=2025-06-02 01:00:00+00:00
[2025-11-14T10:54:35.322+0000] {processor.py:208} INFO - Processing /opt/airflow/dags/premier_dag.py took 0.080 seconds
[2025-11-14T10:55:05.566+0000] {processor.py:186} INFO - Started process (PID=326) to work on /opt/airflow/dags/premier_dag.py
[2025-11-14T10:55:05.567+0000] {processor.py:914} INFO - Processing file /opt/airflow/dags/premier_dag.py for tasks to queue
[2025-11-14T10:55:05.569+0000] {logging_mixin.py:190} INFO - [2025-11-14T10:55:05.569+0000] {dagbag.py:588} INFO - Filling up the DagBag from /opt/airflow/dags/premier_dag.py
[2025-11-14T10:55:05.590+0000] {processor.py:925} INFO - DAG(s) 'premier_dag_test' retrieved from /opt/airflow/dags/premier_dag.py
[2025-11-14T10:55:05.617+0000] {logging_mixin.py:190} INFO - [2025-11-14T10:55:05.616+0000] {dag.py:3239} INFO - Sync 1 DAGs
[2025-11-14T10:55:05.639+0000] {logging_mixin.py:190} INFO - [2025-11-14T10:55:05.639+0000] {dag.py:4180} INFO - Setting next_dagrun for premier_dag_test to 2025-06-02 00:00:00+00:00, run_after=2025-06-02 01:00:00+00:00
[2025-11-14T10:55:05.656+0000] {processor.py:208} INFO - Processing /opt/airflow/dags/premier_dag.py took 0.096 seconds
[2025-11-14T10:55:35.919+0000] {processor.py:186} INFO - Started process (PID=343) to work on /opt/airflow/dags/premier_dag.py
[2025-11-14T10:55:35.920+0000] {processor.py:914} INFO - Processing file /opt/airflow/dags/premier_dag.py for tasks to queue
[2025-11-14T10:55:35.922+0000] {logging_mixin.py:190} INFO - [2025-11-14T10:55:35.922+0000] {dagbag.py:588} INFO - Filling up the DagBag from /opt/airflow/dags/premier_dag.py
[2025-11-14T10:55:35.939+0000] {processor.py:925} INFO - DAG(s) 'premier_dag_test' retrieved from /opt/airflow/dags/premier_dag.py
[2025-11-14T10:55:35.967+0000] {logging_mixin.py:190} INFO - [2025-11-14T10:55:35.966+0000] {dag.py:3239} INFO - Sync 1 DAGs
[2025-11-14T10:55:35.999+0000] {logging_mixin.py:190} INFO - [2025-11-14T10:55:35.999+0000] {dag.py:4180} INFO - Setting next_dagrun for premier_dag_test to 2025-06-02 00:00:00+00:00, run_after=2025-06-02 01:00:00+00:00
[2025-11-14T10:55:36.023+0000] {processor.py:208} INFO - Processing /opt/airflow/dags/premier_dag.py took 0.109 seconds
[2025-11-14T10:59:35.017+0000] {processor.py:186} INFO - Started process (PID=296) to work on /opt/airflow/dags/premier_dag.py
[2025-11-14T10:59:35.017+0000] {processor.py:914} INFO - Processing file /opt/airflow/dags/premier_dag.py for tasks to queue
[2025-11-14T10:59:35.019+0000] {logging_mixin.py:190} INFO - [2025-11-14T10:59:35.019+0000] {dagbag.py:588} INFO - Filling up the DagBag from /opt/airflow/dags/premier_dag.py
[2025-11-14T10:59:35.041+0000] {processor.py:925} INFO - DAG(s) 'premier_dag_test' retrieved from /opt/airflow/dags/premier_dag.py
[2025-11-14T10:59:35.076+0000] {logging_mixin.py:190} INFO - [2025-11-14T10:59:35.076+0000] {dag.py:3239} INFO - Sync 1 DAGs
[2025-11-14T10:59:35.097+0000] {logging_mixin.py:190} INFO - [2025-11-14T10:59:35.097+0000] {dag.py:4180} INFO - Setting next_dagrun for premier_dag_test to 2025-06-02 00:00:00+00:00, run_after=2025-06-02 01:00:00+00:00
[2025-11-14T10:59:35.114+0000] {processor.py:208} INFO - Processing /opt/airflow/dags/premier_dag.py took 0.102 seconds
[2025-11-14T11:00:05.353+0000] {processor.py:186} INFO - Started process (PID=314) to work on /opt/airflow/dags/premier_dag.py
[2025-11-14T11:00:05.354+0000] {processor.py:914} INFO - Processing file /opt/airflow/dags/premier_dag.py for tasks to queue
[2025-11-14T11:00:05.356+0000] {logging_mixin.py:190} INFO - [2025-11-14T11:00:05.355+0000] {dagbag.py:588} INFO - Filling up the DagBag from /opt/airflow/dags/premier_dag.py
[2025-11-14T11:00:05.370+0000] {processor.py:925} INFO - DAG(s) 'premier_dag_test' retrieved from /opt/airflow/dags/premier_dag.py
[2025-11-14T11:00:05.392+0000] {logging_mixin.py:190} INFO - [2025-11-14T11:00:05.392+0000] {dag.py:3239} INFO - Sync 1 DAGs
[2025-11-14T11:00:05.413+0000] {logging_mixin.py:190} INFO - [2025-11-14T11:00:05.413+0000] {dag.py:4180} INFO - Setting next_dagrun for premier_dag_test to 2025-06-02 00:00:00+00:00, run_after=2025-06-02 01:00:00+00:00
[2025-11-14T11:00:05.436+0000] {processor.py:208} INFO - Processing /opt/airflow/dags/premier_dag.py took 0.088 seconds
[2025-11-14T11:00:35.653+0000] {processor.py:186} INFO - Started process (PID=357) to work on /opt/airflow/dags/premier_dag.py
[2025-11-14T11:00:35.654+0000] {processor.py:914} INFO - Processing file /opt/airflow/dags/premier_dag.py for tasks to queue
[2025-11-14T11:00:35.656+0000] {logging_mixin.py:190} INFO - [2025-11-14T11:00:35.656+0000] {dagbag.py:588} INFO - Filling up the DagBag from /opt/airflow/dags/premier_dag.py
[2025-11-14T11:00:35.676+0000] {processor.py:925} INFO - DAG(s) 'premier_dag_test' retrieved from /opt/airflow/dags/premier_dag.py
[2025-11-14T11:00:35.702+0000] {logging_mixin.py:190} INFO - [2025-11-14T11:00:35.702+0000] {dag.py:3239} INFO - Sync 1 DAGs
[2025-11-14T11:00:35.726+0000] {logging_mixin.py:190} INFO - [2025-11-14T11:00:35.726+0000] {dag.py:4180} INFO - Setting next_dagrun for premier_dag_test to 2025-06-02 00:00:00+00:00, run_after=2025-06-02 01:00:00+00:00
[2025-11-14T11:00:35.750+0000] {processor.py:208} INFO - Processing /opt/airflow/dags/premier_dag.py took 0.103 seconds
[2025-11-14T11:01:06.011+0000] {processor.py:186} INFO - Started process (PID=374) to work on /opt/airflow/dags/premier_dag.py
[2025-11-14T11:01:06.012+0000] {processor.py:914} INFO - Processing file /opt/airflow/dags/premier_dag.py for tasks to queue
[2025-11-14T11:01:06.014+0000] {logging_mixin.py:190} INFO - [2025-11-14T11:01:06.014+0000] {dagbag.py:588} INFO - Filling up the DagBag from /opt/airflow/dags/premier_dag.py
[2025-11-14T11:01:06.029+0000] {processor.py:925} INFO - DAG(s) 'premier_dag_test' retrieved from /opt/airflow/dags/premier_dag.py
[2025-11-14T11:01:06.049+0000] {logging_mixin.py:190} INFO - [2025-11-14T11:01:06.049+0000] {dag.py:3239} INFO - Sync 1 DAGs
[2025-11-14T11:01:06.070+0000] {logging_mixin.py:190} INFO - [2025-11-14T11:01:06.070+0000] {dag.py:4180} INFO - Setting next_dagrun for premier_dag_test to 2025-06-02 00:00:00+00:00, run_after=2025-06-02 01:00:00+00:00
[2025-11-14T11:01:06.086+0000] {processor.py:208} INFO - Processing /opt/airflow/dags/premier_dag.py took 0.080 seconds
[2025-11-14T11:01:36.329+0000] {processor.py:186} INFO - Started process (PID=391) to work on /opt/airflow/dags/premier_dag.py
[2025-11-14T11:01:36.330+0000] {processor.py:914} INFO - Processing file /opt/airflow/dags/premier_dag.py for tasks to queue
[2025-11-14T11:01:36.332+0000] {logging_mixin.py:190} INFO - [2025-11-14T11:01:36.332+0000] {dagbag.py:588} INFO - Filling up the DagBag from /opt/airflow/dags/premier_dag.py
[2025-11-14T11:01:36.348+0000] {processor.py:925} INFO - DAG(s) 'premier_dag_test' retrieved from /opt/airflow/dags/premier_dag.py
[2025-11-14T11:01:36.373+0000] {logging_mixin.py:190} INFO - [2025-11-14T11:01:36.373+0000] {dag.py:3239} INFO - Sync 1 DAGs
[2025-11-14T11:01:36.397+0000] {logging_mixin.py:190} INFO - [2025-11-14T11:01:36.397+0000] {dag.py:4180} INFO - Setting next_dagrun for premier_dag_test to 2025-06-02 00:00:00+00:00, run_after=2025-06-02 01:00:00+00:00
[2025-11-14T11:01:36.413+0000] {processor.py:208} INFO - Processing /opt/airflow/dags/premier_dag.py took 0.090 seconds
[2025-11-14T11:02:06.693+0000] {processor.py:186} INFO - Started process (PID=408) to work on /opt/airflow/dags/premier_dag.py
[2025-11-14T11:02:06.694+0000] {processor.py:914} INFO - Processing file /opt/airflow/dags/premier_dag.py for tasks to queue
[2025-11-14T11:02:06.696+0000] {logging_mixin.py:190} INFO - [2025-11-14T11:02:06.696+0000] {dagbag.py:588} INFO - Filling up the DagBag from /opt/airflow/dags/premier_dag.py
[2025-11-14T11:02:06.710+0000] {processor.py:925} INFO - DAG(s) 'premier_dag_test' retrieved from /opt/airflow/dags/premier_dag.py
[2025-11-14T11:02:06.732+0000] {logging_mixin.py:190} INFO - [2025-11-14T11:02:06.731+0000] {dag.py:3239} INFO - Sync 1 DAGs
[2025-11-14T11:02:06.752+0000] {logging_mixin.py:190} INFO - [2025-11-14T11:02:06.752+0000] {dag.py:4180} INFO - Setting next_dagrun for premier_dag_test to 2025-06-02 00:00:00+00:00, run_after=2025-06-02 01:00:00+00:00
[2025-11-14T11:02:06.771+0000] {processor.py:208} INFO - Processing /opt/airflow/dags/premier_dag.py took 0.083 seconds
[2025-11-14T11:02:37.007+0000] {processor.py:186} INFO - Started process (PID=425) to work on /opt/airflow/dags/premier_dag.py
[2025-11-14T11:02:37.007+0000] {processor.py:914} INFO - Processing file /opt/airflow/dags/premier_dag.py for tasks to queue
[2025-11-14T11:02:37.010+0000] {logging_mixin.py:190} INFO - [2025-11-14T11:02:37.010+0000] {dagbag.py:588} INFO - Filling up the DagBag from /opt/airflow/dags/premier_dag.py
[2025-11-14T11:02:37.026+0000] {processor.py:925} INFO - DAG(s) 'premier_dag_test' retrieved from /opt/airflow/dags/premier_dag.py
[2025-11-14T11:02:37.058+0000] {logging_mixin.py:190} INFO - [2025-11-14T11:02:37.058+0000] {dag.py:3239} INFO - Sync 1 DAGs
[2025-11-14T11:02:37.083+0000] {logging_mixin.py:190} INFO - [2025-11-14T11:02:37.083+0000] {dag.py:4180} INFO - Setting next_dagrun for premier_dag_test to 2025-06-02 00:00:00+00:00, run_after=2025-06-02 01:00:00+00:00
[2025-11-14T11:02:37.103+0000] {processor.py:208} INFO - Processing /opt/airflow/dags/premier_dag.py took 0.102 seconds
[2025-11-14T11:03:07.377+0000] {processor.py:186} INFO - Started process (PID=442) to work on /opt/airflow/dags/premier_dag.py
[2025-11-14T11:03:07.378+0000] {processor.py:914} INFO - Processing file /opt/airflow/dags/premier_dag.py for tasks to queue
[2025-11-14T11:03:07.380+0000] {logging_mixin.py:190} INFO - [2025-11-14T11:03:07.380+0000] {dagbag.py:588} INFO - Filling up the DagBag from /opt/airflow/dags/premier_dag.py
[2025-11-14T11:03:07.403+0000] {processor.py:925} INFO - DAG(s) 'premier_dag_test' retrieved from /opt/airflow/dags/premier_dag.py
[2025-11-14T11:03:07.426+0000] {logging_mixin.py:190} INFO - [2025-11-14T11:03:07.426+0000] {dag.py:3239} INFO - Sync 1 DAGs
[2025-11-14T11:03:07.449+0000] {logging_mixin.py:190} INFO - [2025-11-14T11:03:07.448+0000] {dag.py:4180} INFO - Setting next_dagrun for premier_dag_test to 2025-06-02 00:00:00+00:00, run_after=2025-06-02 01:00:00+00:00
[2025-11-14T11:03:07.467+0000] {processor.py:208} INFO - Processing /opt/airflow/dags/premier_dag.py took 0.094 seconds
[2025-11-14T11:03:37.716+0000] {processor.py:186} INFO - Started process (PID=459) to work on /opt/airflow/dags/premier_dag.py
[2025-11-14T11:03:37.717+0000] {processor.py:914} INFO - Processing file /opt/airflow/dags/premier_dag.py for tasks to queue
[2025-11-14T11:03:37.719+0000] {logging_mixin.py:190} INFO - [2025-11-14T11:03:37.718+0000] {dagbag.py:588} INFO - Filling up the DagBag from /opt/airflow/dags/premier_dag.py
[2025-11-14T11:03:37.733+0000] {processor.py:925} INFO - DAG(s) 'premier_dag_test' retrieved from /opt/airflow/dags/premier_dag.py
[2025-11-14T11:03:37.754+0000] {logging_mixin.py:190} INFO - [2025-11-14T11:03:37.754+0000] {dag.py:3239} INFO - Sync 1 DAGs
[2025-11-14T11:03:37.773+0000] {logging_mixin.py:190} INFO - [2025-11-14T11:03:37.773+0000] {dag.py:4180} INFO - Setting next_dagrun for premier_dag_test to 2025-06-02 00:00:00+00:00, run_after=2025-06-02 01:00:00+00:00
[2025-11-14T11:03:37.794+0000] {processor.py:208} INFO - Processing /opt/airflow/dags/premier_dag.py took 0.083 seconds
[2025-11-14T11:04:08.040+0000] {processor.py:186} INFO - Started process (PID=476) to work on /opt/airflow/dags/premier_dag.py
[2025-11-14T11:04:08.041+0000] {processor.py:914} INFO - Processing file /opt/airflow/dags/premier_dag.py for tasks to queue
[2025-11-14T11:04:08.042+0000] {logging_mixin.py:190} INFO - [2025-11-14T11:04:08.042+0000] {dagbag.py:588} INFO - Filling up the DagBag from /opt/airflow/dags/premier_dag.py
[2025-11-14T11:04:08.057+0000] {processor.py:925} INFO - DAG(s) 'premier_dag_test' retrieved from /opt/airflow/dags/premier_dag.py
[2025-11-14T11:04:08.079+0000] {logging_mixin.py:190} INFO - [2025-11-14T11:04:08.079+0000] {dag.py:3239} INFO - Sync 1 DAGs
[2025-11-14T11:04:08.102+0000] {logging_mixin.py:190} INFO - [2025-11-14T11:04:08.102+0000] {dag.py:4180} INFO - Setting next_dagrun for premier_dag_test to 2025-06-02 00:00:00+00:00, run_after=2025-06-02 01:00:00+00:00
[2025-11-14T11:04:08.124+0000] {processor.py:208} INFO - Processing /opt/airflow/dags/premier_dag.py took 0.089 seconds
[2025-11-14T11:04:38.412+0000] {processor.py:186} INFO - Started process (PID=493) to work on /opt/airflow/dags/premier_dag.py
[2025-11-14T11:04:38.413+0000] {processor.py:914} INFO - Processing file /opt/airflow/dags/premier_dag.py for tasks to queue
[2025-11-14T11:04:38.415+0000] {logging_mixin.py:190} INFO - [2025-11-14T11:04:38.415+0000] {dagbag.py:588} INFO - Filling up the DagBag from /opt/airflow/dags/premier_dag.py
[2025-11-14T11:04:38.431+0000] {processor.py:925} INFO - DAG(s) 'premier_dag_test' retrieved from /opt/airflow/dags/premier_dag.py
[2025-11-14T11:04:38.457+0000] {logging_mixin.py:190} INFO - [2025-11-14T11:04:38.457+0000] {dag.py:3239} INFO - Sync 1 DAGs
[2025-11-14T11:04:38.479+0000] {logging_mixin.py:190} INFO - [2025-11-14T11:04:38.479+0000] {dag.py:4180} INFO - Setting next_dagrun for premier_dag_test to 2025-06-02 00:00:00+00:00, run_after=2025-06-02 01:00:00+00:00
[2025-11-14T11:04:38.494+0000] {processor.py:208} INFO - Processing /opt/airflow/dags/premier_dag.py took 0.087 seconds
[2025-11-14T11:05:08.723+0000] {processor.py:186} INFO - Started process (PID=510) to work on /opt/airflow/dags/premier_dag.py
[2025-11-14T11:05:08.724+0000] {processor.py:914} INFO - Processing file /opt/airflow/dags/premier_dag.py for tasks to queue
[2025-11-14T11:05:08.726+0000] {logging_mixin.py:190} INFO - [2025-11-14T11:05:08.726+0000] {dagbag.py:588} INFO - Filling up the DagBag from /opt/airflow/dags/premier_dag.py
[2025-11-14T11:05:08.744+0000] {processor.py:925} INFO - DAG(s) 'premier_dag_test' retrieved from /opt/airflow/dags/premier_dag.py
[2025-11-14T11:05:08.767+0000] {logging_mixin.py:190} INFO - [2025-11-14T11:05:08.767+0000] {dag.py:3239} INFO - Sync 1 DAGs
[2025-11-14T11:05:08.787+0000] {logging_mixin.py:190} INFO - [2025-11-14T11:05:08.787+0000] {dag.py:4180} INFO - Setting next_dagrun for premier_dag_test to 2025-06-02 00:00:00+00:00, run_after=2025-06-02 01:00:00+00:00
[2025-11-14T11:05:08.804+0000] {processor.py:208} INFO - Processing /opt/airflow/dags/premier_dag.py took 0.086 seconds
[2025-11-14T11:05:39.089+0000] {processor.py:186} INFO - Started process (PID=527) to work on /opt/airflow/dags/premier_dag.py
[2025-11-14T11:05:39.090+0000] {processor.py:914} INFO - Processing file /opt/airflow/dags/premier_dag.py for tasks to queue
[2025-11-14T11:05:39.092+0000] {logging_mixin.py:190} INFO - [2025-11-14T11:05:39.091+0000] {dagbag.py:588} INFO - Filling up the DagBag from /opt/airflow/dags/premier_dag.py
[2025-11-14T11:05:39.105+0000] {processor.py:925} INFO - DAG(s) 'premier_dag_test' retrieved from /opt/airflow/dags/premier_dag.py
[2025-11-14T11:05:39.126+0000] {logging_mixin.py:190} INFO - [2025-11-14T11:05:39.125+0000] {dag.py:3239} INFO - Sync 1 DAGs
[2025-11-14T11:05:39.145+0000] {logging_mixin.py:190} INFO - [2025-11-14T11:05:39.144+0000] {dag.py:4180} INFO - Setting next_dagrun for premier_dag_test to 2025-06-02 00:00:00+00:00, run_after=2025-06-02 01:00:00+00:00
[2025-11-14T11:05:39.161+0000] {processor.py:208} INFO - Processing /opt/airflow/dags/premier_dag.py took 0.077 seconds
[2025-11-14T11:06:09.422+0000] {processor.py:186} INFO - Started process (PID=544) to work on /opt/airflow/dags/premier_dag.py
[2025-11-14T11:06:09.423+0000] {processor.py:914} INFO - Processing file /opt/airflow/dags/premier_dag.py for tasks to queue
[2025-11-14T11:06:09.425+0000] {logging_mixin.py:190} INFO - [2025-11-14T11:06:09.425+0000] {dagbag.py:588} INFO - Filling up the DagBag from /opt/airflow/dags/premier_dag.py
[2025-11-14T11:06:09.440+0000] {processor.py:925} INFO - DAG(s) 'premier_dag_test' retrieved from /opt/airflow/dags/premier_dag.py
[2025-11-14T11:06:09.460+0000] {logging_mixin.py:190} INFO - [2025-11-14T11:06:09.460+0000] {dag.py:3239} INFO - Sync 1 DAGs
[2025-11-14T11:06:09.479+0000] {logging_mixin.py:190} INFO - [2025-11-14T11:06:09.479+0000] {dag.py:4180} INFO - Setting next_dagrun for premier_dag_test to 2025-06-02 00:00:00+00:00, run_after=2025-06-02 01:00:00+00:00
[2025-11-14T11:06:09.500+0000] {processor.py:208} INFO - Processing /opt/airflow/dags/premier_dag.py took 0.083 seconds
[2025-11-14T11:06:39.792+0000] {processor.py:186} INFO - Started process (PID=561) to work on /opt/airflow/dags/premier_dag.py
[2025-11-14T11:06:39.793+0000] {processor.py:914} INFO - Processing file /opt/airflow/dags/premier_dag.py for tasks to queue
[2025-11-14T11:06:39.795+0000] {logging_mixin.py:190} INFO - [2025-11-14T11:06:39.794+0000] {dagbag.py:588} INFO - Filling up the DagBag from /opt/airflow/dags/premier_dag.py
[2025-11-14T11:06:39.809+0000] {processor.py:925} INFO - DAG(s) 'premier_dag_test' retrieved from /opt/airflow/dags/premier_dag.py
[2025-11-14T11:06:39.835+0000] {logging_mixin.py:190} INFO - [2025-11-14T11:06:39.835+0000] {dag.py:3239} INFO - Sync 1 DAGs
[2025-11-14T11:06:39.855+0000] {logging_mixin.py:190} INFO - [2025-11-14T11:06:39.855+0000] {dag.py:4180} INFO - Setting next_dagrun for premier_dag_test to 2025-06-02 00:00:00+00:00, run_after=2025-06-02 01:00:00+00:00
[2025-11-14T11:06:39.872+0000] {processor.py:208} INFO - Processing /opt/airflow/dags/premier_dag.py took 0.085 seconds
[2025-11-14T11:07:10.113+0000] {processor.py:186} INFO - Started process (PID=578) to work on /opt/airflow/dags/premier_dag.py
[2025-11-14T11:07:10.114+0000] {processor.py:914} INFO - Processing file /opt/airflow/dags/premier_dag.py for tasks to queue
[2025-11-14T11:07:10.116+0000] {logging_mixin.py:190} INFO - [2025-11-14T11:07:10.116+0000] {dagbag.py:588} INFO - Filling up the DagBag from /opt/airflow/dags/premier_dag.py
[2025-11-14T11:07:10.131+0000] {processor.py:925} INFO - DAG(s) 'premier_dag_test' retrieved from /opt/airflow/dags/premier_dag.py
[2025-11-14T11:07:10.152+0000] {logging_mixin.py:190} INFO - [2025-11-14T11:07:10.151+0000] {dag.py:3239} INFO - Sync 1 DAGs
[2025-11-14T11:07:10.173+0000] {logging_mixin.py:190} INFO - [2025-11-14T11:07:10.173+0000] {dag.py:4180} INFO - Setting next_dagrun for premier_dag_test to 2025-06-02 00:00:00+00:00, run_after=2025-06-02 01:00:00+00:00
[2025-11-14T11:07:10.190+0000] {processor.py:208} INFO - Processing /opt/airflow/dags/premier_dag.py took 0.082 seconds
[2025-11-14T11:07:40.422+0000] {processor.py:186} INFO - Started process (PID=595) to work on /opt/airflow/dags/premier_dag.py
[2025-11-14T11:07:40.423+0000] {processor.py:914} INFO - Processing file /opt/airflow/dags/premier_dag.py for tasks to queue
[2025-11-14T11:07:40.424+0000] {logging_mixin.py:190} INFO - [2025-11-14T11:07:40.424+0000] {dagbag.py:588} INFO - Filling up the DagBag from /opt/airflow/dags/premier_dag.py
[2025-11-14T11:07:40.438+0000] {processor.py:925} INFO - DAG(s) 'premier_dag_test' retrieved from /opt/airflow/dags/premier_dag.py
[2025-11-14T11:07:40.460+0000] {logging_mixin.py:190} INFO - [2025-11-14T11:07:40.459+0000] {dag.py:3239} INFO - Sync 1 DAGs
[2025-11-14T11:07:40.483+0000] {logging_mixin.py:190} INFO - [2025-11-14T11:07:40.483+0000] {dag.py:4180} INFO - Setting next_dagrun for premier_dag_test to 2025-06-02 00:00:00+00:00, run_after=2025-06-02 01:00:00+00:00
[2025-11-14T11:07:40.502+0000] {processor.py:208} INFO - Processing /opt/airflow/dags/premier_dag.py took 0.085 seconds
[2025-11-14T11:08:10.742+0000] {processor.py:186} INFO - Started process (PID=612) to work on /opt/airflow/dags/premier_dag.py
[2025-11-14T11:08:10.743+0000] {processor.py:914} INFO - Processing file /opt/airflow/dags/premier_dag.py for tasks to queue
[2025-11-14T11:08:10.745+0000] {logging_mixin.py:190} INFO - [2025-11-14T11:08:10.745+0000] {dagbag.py:588} INFO - Filling up the DagBag from /opt/airflow/dags/premier_dag.py
[2025-11-14T11:08:10.761+0000] {processor.py:925} INFO - DAG(s) 'premier_dag_test' retrieved from /opt/airflow/dags/premier_dag.py
[2025-11-14T11:08:10.785+0000] {logging_mixin.py:190} INFO - [2025-11-14T11:08:10.785+0000] {dag.py:3239} INFO - Sync 1 DAGs
[2025-11-14T11:08:10.810+0000] {logging_mixin.py:190} INFO - [2025-11-14T11:08:10.810+0000] {dag.py:4180} INFO - Setting next_dagrun for premier_dag_test to 2025-06-02 00:00:00+00:00, run_after=2025-06-02 01:00:00+00:00
[2025-11-14T11:08:10.830+0000] {processor.py:208} INFO - Processing /opt/airflow/dags/premier_dag.py took 0.093 seconds
[2025-11-14T11:08:41.075+0000] {processor.py:186} INFO - Started process (PID=630) to work on /opt/airflow/dags/premier_dag.py
[2025-11-14T11:08:41.076+0000] {processor.py:914} INFO - Processing file /opt/airflow/dags/premier_dag.py for tasks to queue
[2025-11-14T11:08:41.078+0000] {logging_mixin.py:190} INFO - [2025-11-14T11:08:41.078+0000] {dagbag.py:588} INFO - Filling up the DagBag from /opt/airflow/dags/premier_dag.py
[2025-11-14T11:08:41.092+0000] {processor.py:925} INFO - DAG(s) 'premier_dag_test' retrieved from /opt/airflow/dags/premier_dag.py
[2025-11-14T11:08:41.112+0000] {logging_mixin.py:190} INFO - [2025-11-14T11:08:41.112+0000] {dag.py:3239} INFO - Sync 1 DAGs
[2025-11-14T11:08:41.131+0000] {logging_mixin.py:190} INFO - [2025-11-14T11:08:41.130+0000] {dag.py:4180} INFO - Setting next_dagrun for premier_dag_test to 2025-06-02 00:00:00+00:00, run_after=2025-06-02 01:00:00+00:00
[2025-11-14T11:08:41.147+0000] {processor.py:208} INFO - Processing /opt/airflow/dags/premier_dag.py took 0.077 seconds
[2025-11-14T11:09:11.383+0000] {processor.py:186} INFO - Started process (PID=647) to work on /opt/airflow/dags/premier_dag.py
[2025-11-14T11:09:11.384+0000] {processor.py:914} INFO - Processing file /opt/airflow/dags/premier_dag.py for tasks to queue
[2025-11-14T11:09:11.386+0000] {logging_mixin.py:190} INFO - [2025-11-14T11:09:11.386+0000] {dagbag.py:588} INFO - Filling up the DagBag from /opt/airflow/dags/premier_dag.py
[2025-11-14T11:09:11.400+0000] {processor.py:925} INFO - DAG(s) 'premier_dag_test' retrieved from /opt/airflow/dags/premier_dag.py
[2025-11-14T11:09:11.421+0000] {logging_mixin.py:190} INFO - [2025-11-14T11:09:11.421+0000] {dag.py:3239} INFO - Sync 1 DAGs
[2025-11-14T11:09:11.440+0000] {logging_mixin.py:190} INFO - [2025-11-14T11:09:11.439+0000] {dag.py:4180} INFO - Setting next_dagrun for premier_dag_test to 2025-06-02 00:00:00+00:00, run_after=2025-06-02 01:00:00+00:00
[2025-11-14T11:09:11.461+0000] {processor.py:208} INFO - Processing /opt/airflow/dags/premier_dag.py took 0.082 seconds
[2025-11-14T11:09:41.788+0000] {processor.py:186} INFO - Started process (PID=664) to work on /opt/airflow/dags/premier_dag.py
[2025-11-14T11:09:41.789+0000] {processor.py:914} INFO - Processing file /opt/airflow/dags/premier_dag.py for tasks to queue
[2025-11-14T11:09:41.793+0000] {logging_mixin.py:190} INFO - [2025-11-14T11:09:41.793+0000] {dagbag.py:588} INFO - Filling up the DagBag from /opt/airflow/dags/premier_dag.py
[2025-11-14T11:09:41.818+0000] {processor.py:925} INFO - DAG(s) 'premier_dag_test' retrieved from /opt/airflow/dags/premier_dag.py
[2025-11-14T11:09:41.858+0000] {logging_mixin.py:190} INFO - [2025-11-14T11:09:41.857+0000] {dag.py:3239} INFO - Sync 1 DAGs
[2025-11-14T11:09:41.907+0000] {logging_mixin.py:190} INFO - [2025-11-14T11:09:41.907+0000] {dag.py:4180} INFO - Setting next_dagrun for premier_dag_test to 2025-06-02 00:00:00+00:00, run_after=2025-06-02 01:00:00+00:00
[2025-11-14T11:09:41.948+0000] {processor.py:208} INFO - Processing /opt/airflow/dags/premier_dag.py took 0.167 seconds
[2025-11-14T11:10:12.257+0000] {processor.py:186} INFO - Started process (PID=681) to work on /opt/airflow/dags/premier_dag.py
[2025-11-14T11:10:12.258+0000] {processor.py:914} INFO - Processing file /opt/airflow/dags/premier_dag.py for tasks to queue
[2025-11-14T11:10:12.260+0000] {logging_mixin.py:190} INFO - [2025-11-14T11:10:12.260+0000] {dagbag.py:588} INFO - Filling up the DagBag from /opt/airflow/dags/premier_dag.py
[2025-11-14T11:10:12.274+0000] {processor.py:925} INFO - DAG(s) 'premier_dag_test' retrieved from /opt/airflow/dags/premier_dag.py
[2025-11-14T11:10:12.296+0000] {logging_mixin.py:190} INFO - [2025-11-14T11:10:12.295+0000] {dag.py:3239} INFO - Sync 1 DAGs
[2025-11-14T11:10:12.318+0000] {logging_mixin.py:190} INFO - [2025-11-14T11:10:12.317+0000] {dag.py:4180} INFO - Setting next_dagrun for premier_dag_test to 2025-06-02 00:00:00+00:00, run_after=2025-06-02 01:00:00+00:00
[2025-11-14T11:10:12.336+0000] {processor.py:208} INFO - Processing /opt/airflow/dags/premier_dag.py took 0.084 seconds
[2025-11-14T11:10:42.625+0000] {processor.py:186} INFO - Started process (PID=698) to work on /opt/airflow/dags/premier_dag.py
[2025-11-14T11:10:42.626+0000] {processor.py:914} INFO - Processing file /opt/airflow/dags/premier_dag.py for tasks to queue
[2025-11-14T11:10:42.629+0000] {logging_mixin.py:190} INFO - [2025-11-14T11:10:42.628+0000] {dagbag.py:588} INFO - Filling up the DagBag from /opt/airflow/dags/premier_dag.py
[2025-11-14T11:10:42.642+0000] {processor.py:925} INFO - DAG(s) 'premier_dag_test' retrieved from /opt/airflow/dags/premier_dag.py
[2025-11-14T11:10:42.663+0000] {logging_mixin.py:190} INFO - [2025-11-14T11:10:42.663+0000] {dag.py:3239} INFO - Sync 1 DAGs
[2025-11-14T11:10:42.683+0000] {logging_mixin.py:190} INFO - [2025-11-14T11:10:42.682+0000] {dag.py:4180} INFO - Setting next_dagrun for premier_dag_test to 2025-06-02 00:00:00+00:00, run_after=2025-06-02 01:00:00+00:00
[2025-11-14T11:10:42.698+0000] {processor.py:208} INFO - Processing /opt/airflow/dags/premier_dag.py took 0.077 seconds
[2025-11-14T11:11:12.920+0000] {processor.py:186} INFO - Started process (PID=715) to work on /opt/airflow/dags/premier_dag.py
[2025-11-14T11:11:12.920+0000] {processor.py:914} INFO - Processing file /opt/airflow/dags/premier_dag.py for tasks to queue
[2025-11-14T11:11:12.923+0000] {logging_mixin.py:190} INFO - [2025-11-14T11:11:12.922+0000] {dagbag.py:588} INFO - Filling up the DagBag from /opt/airflow/dags/premier_dag.py
[2025-11-14T11:11:12.937+0000] {processor.py:925} INFO - DAG(s) 'premier_dag_test' retrieved from /opt/airflow/dags/premier_dag.py
[2025-11-14T11:11:12.958+0000] {logging_mixin.py:190} INFO - [2025-11-14T11:11:12.958+0000] {dag.py:3239} INFO - Sync 1 DAGs
[2025-11-14T11:11:12.976+0000] {logging_mixin.py:190} INFO - [2025-11-14T11:11:12.976+0000] {dag.py:4180} INFO - Setting next_dagrun for premier_dag_test to 2025-06-02 00:00:00+00:00, run_after=2025-06-02 01:00:00+00:00
[2025-11-14T11:11:12.992+0000] {processor.py:208} INFO - Processing /opt/airflow/dags/premier_dag.py took 0.078 seconds
[2025-11-14T11:11:43.269+0000] {processor.py:186} INFO - Started process (PID=732) to work on /opt/airflow/dags/premier_dag.py
[2025-11-14T11:11:43.270+0000] {processor.py:914} INFO - Processing file /opt/airflow/dags/premier_dag.py for tasks to queue
[2025-11-14T11:11:43.272+0000] {logging_mixin.py:190} INFO - [2025-11-14T11:11:43.271+0000] {dagbag.py:588} INFO - Filling up the DagBag from /opt/airflow/dags/premier_dag.py
[2025-11-14T11:11:43.286+0000] {processor.py:925} INFO - DAG(s) 'premier_dag_test' retrieved from /opt/airflow/dags/premier_dag.py
[2025-11-14T11:11:43.307+0000] {logging_mixin.py:190} INFO - [2025-11-14T11:11:43.307+0000] {dag.py:3239} INFO - Sync 1 DAGs
[2025-11-14T11:11:43.327+0000] {logging_mixin.py:190} INFO - [2025-11-14T11:11:43.327+0000] {dag.py:4180} INFO - Setting next_dagrun for premier_dag_test to 2025-06-02 00:00:00+00:00, run_after=2025-06-02 01:00:00+00:00
[2025-11-14T11:11:43.345+0000] {processor.py:208} INFO - Processing /opt/airflow/dags/premier_dag.py took 0.081 seconds
[2025-11-14T11:12:13.613+0000] {processor.py:186} INFO - Started process (PID=749) to work on /opt/airflow/dags/premier_dag.py
[2025-11-14T11:12:13.614+0000] {processor.py:914} INFO - Processing file /opt/airflow/dags/premier_dag.py for tasks to queue
[2025-11-14T11:12:13.615+0000] {logging_mixin.py:190} INFO - [2025-11-14T11:12:13.615+0000] {dagbag.py:588} INFO - Filling up the DagBag from /opt/airflow/dags/premier_dag.py
[2025-11-14T11:12:13.630+0000] {processor.py:925} INFO - DAG(s) 'premier_dag_test' retrieved from /opt/airflow/dags/premier_dag.py
[2025-11-14T11:12:13.652+0000] {logging_mixin.py:190} INFO - [2025-11-14T11:12:13.652+0000] {dag.py:3239} INFO - Sync 1 DAGs
[2025-11-14T11:12:13.674+0000] {logging_mixin.py:190} INFO - [2025-11-14T11:12:13.674+0000] {dag.py:4180} INFO - Setting next_dagrun for premier_dag_test to 2025-06-02 00:00:00+00:00, run_after=2025-06-02 01:00:00+00:00
[2025-11-14T11:12:13.691+0000] {processor.py:208} INFO - Processing /opt/airflow/dags/premier_dag.py took 0.083 seconds
[2025-11-14T11:12:43.921+0000] {processor.py:186} INFO - Started process (PID=766) to work on /opt/airflow/dags/premier_dag.py
[2025-11-14T11:12:43.922+0000] {processor.py:914} INFO - Processing file /opt/airflow/dags/premier_dag.py for tasks to queue
[2025-11-14T11:12:43.924+0000] {logging_mixin.py:190} INFO - [2025-11-14T11:12:43.923+0000] {dagbag.py:588} INFO - Filling up the DagBag from /opt/airflow/dags/premier_dag.py
[2025-11-14T11:12:43.940+0000] {processor.py:925} INFO - DAG(s) 'premier_dag_test' retrieved from /opt/airflow/dags/premier_dag.py
[2025-11-14T11:12:43.963+0000] {logging_mixin.py:190} INFO - [2025-11-14T11:12:43.962+0000] {dag.py:3239} INFO - Sync 1 DAGs
[2025-11-14T11:12:43.986+0000] {logging_mixin.py:190} INFO - [2025-11-14T11:12:43.986+0000] {dag.py:4180} INFO - Setting next_dagrun for premier_dag_test to 2025-06-02 00:00:00+00:00, run_after=2025-06-02 01:00:00+00:00
[2025-11-14T11:12:44.009+0000] {processor.py:208} INFO - Processing /opt/airflow/dags/premier_dag.py took 0.094 seconds
[2025-11-14T11:13:14.293+0000] {processor.py:186} INFO - Started process (PID=783) to work on /opt/airflow/dags/premier_dag.py
[2025-11-14T11:13:14.294+0000] {processor.py:914} INFO - Processing file /opt/airflow/dags/premier_dag.py for tasks to queue
[2025-11-14T11:13:14.296+0000] {logging_mixin.py:190} INFO - [2025-11-14T11:13:14.296+0000] {dagbag.py:588} INFO - Filling up the DagBag from /opt/airflow/dags/premier_dag.py
[2025-11-14T11:13:14.312+0000] {processor.py:925} INFO - DAG(s) 'premier_dag_test' retrieved from /opt/airflow/dags/premier_dag.py
[2025-11-14T11:13:14.332+0000] {logging_mixin.py:190} INFO - [2025-11-14T11:13:14.332+0000] {dag.py:3239} INFO - Sync 1 DAGs
[2025-11-14T11:13:14.351+0000] {logging_mixin.py:190} INFO - [2025-11-14T11:13:14.351+0000] {dag.py:4180} INFO - Setting next_dagrun for premier_dag_test to 2025-06-02 00:00:00+00:00, run_after=2025-06-02 01:00:00+00:00
[2025-11-14T11:13:14.368+0000] {processor.py:208} INFO - Processing /opt/airflow/dags/premier_dag.py took 0.079 seconds
[2025-11-14T11:13:44.609+0000] {processor.py:186} INFO - Started process (PID=800) to work on /opt/airflow/dags/premier_dag.py
[2025-11-14T11:13:44.610+0000] {processor.py:914} INFO - Processing file /opt/airflow/dags/premier_dag.py for tasks to queue
[2025-11-14T11:13:44.612+0000] {logging_mixin.py:190} INFO - [2025-11-14T11:13:44.611+0000] {dagbag.py:588} INFO - Filling up the DagBag from /opt/airflow/dags/premier_dag.py
[2025-11-14T11:13:44.627+0000] {processor.py:925} INFO - DAG(s) 'premier_dag_test' retrieved from /opt/airflow/dags/premier_dag.py
[2025-11-14T11:13:44.649+0000] {logging_mixin.py:190} INFO - [2025-11-14T11:13:44.649+0000] {dag.py:3239} INFO - Sync 1 DAGs
[2025-11-14T11:13:44.671+0000] {logging_mixin.py:190} INFO - [2025-11-14T11:13:44.671+0000] {dag.py:4180} INFO - Setting next_dagrun for premier_dag_test to 2025-06-02 00:00:00+00:00, run_after=2025-06-02 01:00:00+00:00
[2025-11-14T11:13:44.687+0000] {processor.py:208} INFO - Processing /opt/airflow/dags/premier_dag.py took 0.083 seconds
[2025-11-14T11:14:14.963+0000] {processor.py:186} INFO - Started process (PID=817) to work on /opt/airflow/dags/premier_dag.py
[2025-11-14T11:14:14.963+0000] {processor.py:914} INFO - Processing file /opt/airflow/dags/premier_dag.py for tasks to queue
[2025-11-14T11:14:14.966+0000] {logging_mixin.py:190} INFO - [2025-11-14T11:14:14.966+0000] {dagbag.py:588} INFO - Filling up the DagBag from /opt/airflow/dags/premier_dag.py
[2025-11-14T11:14:14.982+0000] {processor.py:925} INFO - DAG(s) 'premier_dag_test' retrieved from /opt/airflow/dags/premier_dag.py
[2025-11-14T11:14:15.006+0000] {logging_mixin.py:190} INFO - [2025-11-14T11:14:15.006+0000] {dag.py:3239} INFO - Sync 1 DAGs
[2025-11-14T11:14:15.026+0000] {logging_mixin.py:190} INFO - [2025-11-14T11:14:15.026+0000] {dag.py:4180} INFO - Setting next_dagrun for premier_dag_test to 2025-06-02 00:00:00+00:00, run_after=2025-06-02 01:00:00+00:00
[2025-11-14T11:14:15.043+0000] {processor.py:208} INFO - Processing /opt/airflow/dags/premier_dag.py took 0.086 seconds
[2025-11-14T11:14:45.309+0000] {processor.py:186} INFO - Started process (PID=834) to work on /opt/airflow/dags/premier_dag.py
[2025-11-14T11:14:45.310+0000] {processor.py:914} INFO - Processing file /opt/airflow/dags/premier_dag.py for tasks to queue
[2025-11-14T11:14:45.312+0000] {logging_mixin.py:190} INFO - [2025-11-14T11:14:45.312+0000] {dagbag.py:588} INFO - Filling up the DagBag from /opt/airflow/dags/premier_dag.py
[2025-11-14T11:14:45.326+0000] {processor.py:925} INFO - DAG(s) 'premier_dag_test' retrieved from /opt/airflow/dags/premier_dag.py
[2025-11-14T11:14:45.348+0000] {logging_mixin.py:190} INFO - [2025-11-14T11:14:45.348+0000] {dag.py:3239} INFO - Sync 1 DAGs
[2025-11-14T11:14:45.373+0000] {logging_mixin.py:190} INFO - [2025-11-14T11:14:45.372+0000] {dag.py:4180} INFO - Setting next_dagrun for premier_dag_test to 2025-06-02 00:00:00+00:00, run_after=2025-06-02 01:00:00+00:00
[2025-11-14T11:14:45.399+0000] {processor.py:208} INFO - Processing /opt/airflow/dags/premier_dag.py took 0.096 seconds
[2025-11-14T11:15:15.674+0000] {processor.py:186} INFO - Started process (PID=851) to work on /opt/airflow/dags/premier_dag.py
[2025-11-14T11:15:15.675+0000] {processor.py:914} INFO - Processing file /opt/airflow/dags/premier_dag.py for tasks to queue
[2025-11-14T11:15:15.677+0000] {logging_mixin.py:190} INFO - [2025-11-14T11:15:15.677+0000] {dagbag.py:588} INFO - Filling up the DagBag from /opt/airflow/dags/premier_dag.py
[2025-11-14T11:15:15.692+0000] {processor.py:925} INFO - DAG(s) 'premier_dag_test' retrieved from /opt/airflow/dags/premier_dag.py
[2025-11-14T11:15:15.714+0000] {logging_mixin.py:190} INFO - [2025-11-14T11:15:15.714+0000] {dag.py:3239} INFO - Sync 1 DAGs
[2025-11-14T11:15:15.734+0000] {logging_mixin.py:190} INFO - [2025-11-14T11:15:15.734+0000] {dag.py:4180} INFO - Setting next_dagrun for premier_dag_test to 2025-06-02 00:00:00+00:00, run_after=2025-06-02 01:00:00+00:00
[2025-11-14T11:15:15.751+0000] {processor.py:208} INFO - Processing /opt/airflow/dags/premier_dag.py took 0.081 seconds
