[2025-10-17T14:00:16.505+0000] {local_task_job_runner.py:123} INFO - ::group::Pre task execution logs
[2025-10-17T14:00:16.517+0000] {taskinstance.py:2613} INFO - Dependencies all met for dep_context=non-requeueable deps ti=<TaskInstance: etl_pipeline_JO.run_soda_checks_load scheduled__2025-10-17T13:00:00+00:00 [queued]>
[2025-10-17T14:00:16.523+0000] {taskinstance.py:2613} INFO - Dependencies all met for dep_context=requeueable deps ti=<TaskInstance: etl_pipeline_JO.run_soda_checks_load scheduled__2025-10-17T13:00:00+00:00 [queued]>
[2025-10-17T14:00:16.524+0000] {taskinstance.py:2866} INFO - Starting attempt 1 of 1
[2025-10-17T14:00:16.533+0000] {taskinstance.py:2889} INFO - Executing <Task(BashOperator): run_soda_checks_load> on 2025-10-17 13:00:00+00:00
[2025-10-17T14:00:16.541+0000] {logging_mixin.py:190} WARNING - /home/***/.local/lib/python3.12/site-packages/***/task/task_runner/standard_task_runner.py:70 DeprecationWarning: This process (pid=2715) is multi-threaded, use of fork() may lead to deadlocks in the child.
[2025-10-17T14:00:16.543+0000] {standard_task_runner.py:72} INFO - Started process 2717 to run task
[2025-10-17T14:00:16.541+0000] {standard_task_runner.py:104} INFO - Running: ['***', 'tasks', 'run', 'etl_pipeline_JO', 'run_soda_checks_load', 'scheduled__2025-10-17T13:00:00+00:00', '--job-id', '26', '--raw', '--subdir', 'DAGS_FOLDER/JO_dag.py', '--cfg-path', '/tmp/tmphe0x54r7']
[2025-10-17T14:00:16.544+0000] {standard_task_runner.py:105} INFO - Job 26: Subtask run_soda_checks_load
[2025-10-17T14:00:16.581+0000] {task_command.py:467} INFO - Running <TaskInstance: etl_pipeline_JO.run_soda_checks_load scheduled__2025-10-17T13:00:00+00:00 [running]> on host 89c6cbc72e13
[2025-10-17T14:00:16.639+0000] {taskinstance.py:3132} INFO - Exporting env vars: AIRFLOW_CTX_DAG_OWNER='***' AIRFLOW_CTX_DAG_ID='etl_pipeline_JO' AIRFLOW_CTX_TASK_ID='run_soda_checks_load' AIRFLOW_CTX_EXECUTION_DATE='2025-10-17T13:00:00+00:00' AIRFLOW_CTX_TRY_NUMBER='1' AIRFLOW_CTX_DAG_RUN_ID='scheduled__2025-10-17T13:00:00+00:00'
[2025-10-17T14:00:16.640+0000] {taskinstance.py:731} INFO - ::endgroup::
[2025-10-17T14:00:16.648+0000] {subprocess.py:78} INFO - Tmp dir root location: /tmp
[2025-10-17T14:00:16.650+0000] {subprocess.py:88} INFO - Running command: ['/usr/bin/bash', '-c', 'soda scan -d my_data_source -c /opt/***/soda/configuration.yaml /opt/***/soda/checks_load.yaml']
[2025-10-17T14:00:16.660+0000] {subprocess.py:99} INFO - Output:
[2025-10-17T14:00:17.463+0000] {subprocess.py:106} INFO - [14:00:17] Soda Core 3.3.1
[2025-10-17T14:00:17.604+0000] {subprocess.py:106} INFO - [14:00:17] Using DefaultSampler
[2025-10-17T14:00:17.605+0000] {subprocess.py:106} INFO - [14:00:17] Scan summary:
[2025-10-17T14:00:17.605+0000] {subprocess.py:106} INFO - [14:00:17] 2/2 checks PASSED:
[2025-10-17T14:00:17.606+0000] {subprocess.py:106} INFO - [14:00:17]     table_jo in my_data_source
[2025-10-17T14:00:17.606+0000] {subprocess.py:106} INFO - [14:00:17]       Lignes invalides [PASSED]
[2025-10-17T14:00:17.607+0000] {subprocess.py:106} INFO - [14:00:17]       duplicate_count(id_resultat) = 0 [PASSED]
[2025-10-17T14:00:17.607+0000] {subprocess.py:106} INFO - [14:00:17] All is good. No failures. No warnings. No errors.
[2025-10-17T14:00:17.843+0000] {subprocess.py:110} INFO - Command exited with return code 0
[2025-10-17T14:00:17.862+0000] {taskinstance.py:340} INFO - ::group::Post task execution logs
[2025-10-17T14:00:17.863+0000] {taskinstance.py:352} INFO - Marking task as SUCCESS. dag_id=etl_pipeline_JO, task_id=run_soda_checks_load, run_id=scheduled__2025-10-17T13:00:00+00:00, execution_date=20251017T130000, start_date=20251017T140016, end_date=20251017T140017
[2025-10-17T14:00:17.882+0000] {local_task_job_runner.py:266} INFO - Task exited with return code 0
[2025-10-17T14:00:17.890+0000] {local_task_job_runner.py:245} INFO - ::endgroup::
